******************************************************************************
                  TI ARM Linker PC v20.2.7                     
******************************************************************************
>> Linked Fri Oct 27 01:55:59 2023

OUTPUT FILE NAME:   <miniCCSProject.out>
ENTRY POINT SYMBOL: "_c_int00_noinit_noargs"  address: 000006c5


MEMORY CONFIGURATION

         name            origin    length      used     unused   attr    fill
----------------------  --------  ---------  --------  --------  ----  --------
  FLASH                 00000000   00040000  00000876  0003f78a  R  X
  SRAM                  20000000   00008000  00000200  00007e00  RW X


SEGMENT ALLOCATION MAP

run origin  load origin   length   init length attrs members
----------  ----------- ---------- ----------- ----- -------
00000000    00000000    00000878   00000878    r-x
  00000000    00000000    0000026c   0000026c    r-- .intvecs
  0000026c    0000026c    0000050e   0000050e    r-x .text
  0000077c    0000077c    000000fc   000000fc    r-- .const
20000000    20000000    00000200   00000000    rw-
  20000000    20000000    00000200   00000000    rw- .stack


SECTION ALLOCATION MAP

 output                                  attributes/
section   page    origin      length       input sections
--------  ----  ----------  ----------   ----------------
.intvecs   0    00000000    0000026c     
                  00000000    0000026c     tm4c123gh6pm_startup_ccs.obj (.intvecs)

.text      0    0000026c    0000050e     
                  0000026c    0000016c     driverlib.lib : gpio.obj (.text:GPIOPadConfigSet)
                  000003d8    00000118                   : sysctl.obj (.text:SysCtlClockGet)
                  000004f0    000000a4     configure_peripherals_api.obj (.text)
                  00000594    0000004c     driverlib.lib : gpio.obj (.text:GPIOPinConfigure)
                  000005e0    00000046                   : uart.obj (.text:UARTConfigSetExpClk)
                  00000626    0000003c                   : ssi.obj (.text:SSIConfigSetExpClk)
                  00000662    00000002     --HOLE-- [fill = 0]
                  00000664    00000034                   : sysctl.obj (.text:SysCtlPeripheralEnable)
                  00000698    0000002c                   : gpio.obj (.text:GPIODirModeSet)
                  000006c4    0000002c     rtsv7M4_T_le_v4SPD16_eabi.lib : boot_cortex_m.c.obj (.text:_c_int00_noinit_noargs:_c_int00_noinit_noargs)
                  000006f0    00000020     driverlib.lib : uart.obj (.text:UARTDisable)
                  00000710    00000016                   : gpio.obj (.text:GPIOPinTypeSSI)
                  00000726    00000016                   : gpio.obj (.text:GPIOPinTypeUART)
                  0000073c    00000014                   : uart.obj (.text:UARTEnable)
                  00000750    0000000c     main.obj (.text)
                  0000075c    0000000c     tm4c123gh6pm_startup_ccs.obj (.text)
                  00000768    0000000a     driverlib.lib : ssi.obj (.text:SSIEnable)
                  00000772    00000004     rtsv7M4_T_le_v4SPD16_eabi.lib : pre_init.c.obj (.text:_system_pre_init)
                  00000776    00000004                                   : exit.c.obj (.text:abort:abort)

.const     0    0000077c    000000fc     
                  0000077c    00000090     driverlib.lib : gpio.obj (.const:g_pui32GPIOBaseAddrs)
                  0000080c    0000006c                   : sysctl.obj (.const:g_pui32Xtals)

.cinit     0    00000000    00000000     UNINITIALIZED

.init_array 
*          0    00000000    00000000     UNINITIALIZED

.stack     0    20000000    00000200     UNINITIALIZED
                  20000000    00000004     rtsv7M4_T_le_v4SPD16_eabi.lib : boot_cortex_m.c.obj (.stack)
                  20000004    000001fc     --HOLE--

__llvm_prf_cnts 
*          0    20000000    00000000     UNINITIALIZED

MODULE SUMMARY

       Module                          code   ro data   rw data
       ------                          ----   -------   -------
    .\
       tm4c123gh6pm_startup_ccs.obj    12     620       0      
       main.obj                        12     0         0      
    +--+-------------------------------+------+---------+---------+
       Total:                          24     620       0      
                                                               
    .\my_libs\src\
       configure_peripherals_api.obj   164    0         0      
    +--+-------------------------------+------+---------+---------+
       Total:                          164    0         0      
                                                               
    E:/Apps/ti/TivaWare_C_Series-2.2.0.295/driverlib/ccs/Debug/driverlib.lib
       gpio.obj                        528    144       0      
       sysctl.obj                      332    108       0      
       uart.obj                        122    0         0      
       ssi.obj                         70     0         0      
    +--+-------------------------------+------+---------+---------+
       Total:                          1052   252       0      
                                                               
    E:\Apps\ti\ccs1250\ccs\tools\compiler\ti-cgt-arm_20.2.7.LTS\lib\rtsv7M4_T_le_v4SPD16_eabi.lib
       boot_cortex_m.c.obj             44     0         0      
       exit.c.obj                      4      0         0      
       pre_init.c.obj                  4      0         0      
    +--+-------------------------------+------+---------+---------+
       Total:                          52     0         0      
                                                               
       Stack:                          0      0         512    
    +--+-------------------------------+------+---------+---------+
       Grand Total:                    1292   872       512    


GLOBAL SYMBOLS: SORTED ALPHABETICALLY BY Name 

address   name                   
-------   ----                   
00000777  C$$EXIT                
00000699  GPIODirModeSet         
0000026d  GPIOPadConfigSet       
00000595  GPIOPinConfigure       
00000711  GPIOPinTypeSSI         
00000727  GPIOPinTypeUART        
0000075d  ResetISR               
00000627  SSIConfigSetExpClk     
00000769  SSIEnable              
000003d9  SysCtlClockGet         
00000665  SysCtlPeripheralEnable 
000005e1  UARTConfigSetExpClk    
000006f1  UARTDisable            
0000073d  UARTEnable             
20000200  __STACK_END            
00000200  __STACK_SIZE           
20000200  __STACK_TOP            
ffffffff  __TI_pprof_out_hndl    
ffffffff  __TI_prof_data_size    
ffffffff  __TI_prof_data_start   
00000000  __TI_static_base__     
ffffffff  __binit__              
ffffffff  __c_args__             
UNDEFED   __mpu_init             
20000000  __stack                
20000000  __start___llvm_prf_cnts
20000000  __stop___llvm_prf_cnts 
000006c5  _c_int00_noinit_noargs 
00000773  _system_pre_init       
00000777  abort                  
ffffffff  binit                  
000004f3  configureSPI           
00000543  configureUART          
000004f1  enablePeriphs          
00000000  g_pfnVectors           
00000751  main                   


GLOBAL SYMBOLS: SORTED BY Symbol Address 

address   name                   
-------   ----                   
00000000  __TI_static_base__     
00000000  g_pfnVectors           
00000200  __STACK_SIZE           
0000026d  GPIOPadConfigSet       
000003d9  SysCtlClockGet         
000004f1  enablePeriphs          
000004f3  configureSPI           
00000543  configureUART          
00000595  GPIOPinConfigure       
000005e1  UARTConfigSetExpClk    
00000627  SSIConfigSetExpClk     
00000665  SysCtlPeripheralEnable 
00000699  GPIODirModeSet         
000006c5  _c_int00_noinit_noargs 
000006f1  UARTDisable            
00000711  GPIOPinTypeSSI         
00000727  GPIOPinTypeUART        
0000073d  UARTEnable             
00000751  main                   
0000075d  ResetISR               
00000769  SSIEnable              
00000773  _system_pre_init       
00000777  C$$EXIT                
00000777  abort                  
20000000  __stack                
20000000  __start___llvm_prf_cnts
20000000  __stop___llvm_prf_cnts 
20000200  __STACK_END            
20000200  __STACK_TOP            
ffffffff  __TI_pprof_out_hndl    
ffffffff  __TI_prof_data_size    
ffffffff  __TI_prof_data_start   
ffffffff  __binit__              
ffffffff  __c_args__             
ffffffff  binit                  
UNDEFED   __mpu_init             

[36 symbols]
