******************************************************************************
                  TI ARM Linker PC v20.2.2                     
******************************************************************************
>> Linked Thu May 20 22:45:47 2021

OUTPUT FILE NAME:   <FreeRTOSExample9.out>
ENTRY POINT SYMBOL: "_c_int00_noargs"  address: 00003d45


MEMORY CONFIGURATION

         name            origin    length      used     unused   attr    fill
----------------------  --------  ---------  --------  --------  ----  --------
  FLASH                 00000000   00040000  0000405a  0003bfa6  R  X
  SRAM                  20000000   00008000  00007bf4  0000040c  RW X


SEGMENT ALLOCATION MAP

run origin  load origin   length   init length attrs members
----------  ----------- ---------- ----------- ----- -------
00000000    00000000    00004060   00004060    r-x
  00000000    00000000    0000026c   0000026c    r-- .intvecs
  0000026c    0000026c    00003bd6   00003bd6    r-x .text
  00003e44    00003e44    000001d0   000001d0    r-- .const
  00004018    00004018    00000048   00000048    r-- .cinit
20000000    20000000    00007bf8   00000000    rw-
  20000000    20000000    0000026c   00000000    rw- .vtable
  2000026c    2000026c    00007740   00000000    rw- .bss
  200079b0    200079b0    00000200   00000000    rw- .stack
  20007bb0    20007bb0    00000048   00000000    rw- .data


SECTION ALLOCATION MAP

 output                                  attributes/
section   page    origin      length       input sections
--------  ----  ----------  ----------   ----------------
.intvecs   0    00000000    0000026c     
                  00000000    0000026c     tm4c123gh6pm_startup_ccs.obj (.intvecs)

.text      0    0000026c    00003bd6     
                  0000026c    00001894     tasks.obj (.text)
                  00001b00    00000c80     queue.obj (.text)
                  00002780    000004dc     uartstdio.obj (.text)
                  00002c5c    000003c0     interrupt.obj (.text)
                  0000301c    00000218     freertos_demo.obj (.text)
                  00003234    000001b8     heap_2.obj (.text)
                  000033ec    0000016c     driverlib.lib : gpio.obj (.text:GPIOPadConfigSet)
                  00003558    0000013c     port.obj (.text)
                  00003694    0000012a     list.obj (.text)
                  000037be    00000002     rtsv7M4_T_le_v4SPD16_eabi.lib : div0.asm.obj (.text)
                  000037c0    000000f4     driverlib.lib : sysctl.obj (.text:SysCtlClockSet)
                  000038b4    000000da     portasm.obj (.text)
                  0000398e    00000002     --HOLE-- [fill = 0]
                  00003990    000000d8     switches.obj (.text)
                  00003a68    0000009c     rtsv7M4_T_le_v4SPD16_eabi.lib : memcpy_t2.asm.obj (.text)
                  00003b04    0000007a                                   : memset_t2.asm.obj (.text)
                  00003b7e    00000068                                   : copy_decompress_lzss.c.obj (.text:decompress:lzss:__TI_decompress_lzss)
                  00003be6    00000058     driverlib.lib : gpio.obj (.text:GPIOIntTypeSet)
                  00003c3e    00000002     --HOLE-- [fill = 0]
                  00003c40    0000004c                   : gpio.obj (.text:GPIOPinConfigure)
                  00003c8c    00000044     rtsv7M4_T_le_v4SPD16_eabi.lib : autoinit.c.obj (.text:__TI_auto_init_nobinit_nopinit:__TI_auto_init_nobinit_nopinit)
                  00003cd0    00000040                                   : u_divt2.asm.obj (.text)
                  00003d10    00000034     driverlib.lib : sysctl.obj (.text:SysCtlPeripheralEnable)
                  00003d44    00000034     rtsv7M4_T_le_v4SPD16_eabi.lib : boot_cortex_m.c.obj (.text:_c_int00_noargs:_c_int00_noargs)
                  00003d78    0000002c     driverlib.lib : gpio.obj (.text:GPIODirModeSet)
                  00003da4    00000016                   : gpio.obj (.text:GPIOPinTypeUART)
                  00003dba    0000000e                   : gpio.obj (.text:GPIOIntStatus)
                  00003dc8    0000000e     rtsv7M4_T_le_v4SPD16_eabi.lib : copy_decompress_none.c.obj (.text:decompress:none:__TI_decompress_none)
                  00003dd6    0000000c     driverlib.lib : cpu.obj (.text:CPUcpsid)
                  00003de2    0000000c                   : cpu.obj (.text:CPUcpsie)
                  00003dee    0000000c                   : gpio.obj (.text:GPIOIntEnable)
                  00003dfa    0000000c     rtsv7M4_T_le_v4SPD16_eabi.lib : copy_zero_init.c.obj (.text:decompress:ZI:__TI_zero_init)
                  00003e06    0000000c     tm4c123gh6pm_startup_ccs.obj (.text)
                  00003e12    0000000a     driverlib.lib : cpu.obj (.text:CPUbasepriGet)
                  00003e1c    00000006                   : cpu.obj (.text:CPUbasepriSet)
                  00003e22    00000006                   : gpio.obj (.text:GPIOIntClear)
                  00003e28    00000006                   : gpio.obj (.text:GPIOPinRead)
                  00003e2e    00000006                   : sysctl.obj (.text:SysCtlDelay)
                  00003e34    00000006                   : uart.obj (.text:UARTClockSourceSet)
                  00003e3a    00000004     rtsv7M4_T_le_v4SPD16_eabi.lib : pre_init.c.obj (.text:_system_pre_init)
                  00003e3e    00000004                                   : exit.c.obj (.text:abort:abort)

.const     0    00003e44    000001d0     
                  00003e44    0000009c     interrupt.obj (.const:g_pui32Regs)
                  00003ee0    00000090     driverlib.lib : gpio.obj (.const:g_pui32GPIOBaseAddrs)
                  00003f70    00000020     interrupt.obj (.const:g_pui32Priority)
                  00003f90    00000014     interrupt.obj (.const:g_pui32Dii16Regs)
                  00003fa4    00000014     interrupt.obj (.const:g_pui32EnRegs)
                  00003fb8    00000014     interrupt.obj (.const:g_pui32PendRegs)
                  00003fcc    00000014     interrupt.obj (.const:g_pui32UnpendRegs)
                  00003fe0    00000012     uartstdio.obj (.const:.string)
                  00003ff2    00000002     --HOLE-- [fill = 0]
                  00003ff4    0000000c     uartstdio.obj (.const:g_ui32UARTBase)
                  00004000    0000000c     uartstdio.obj (.const:g_ui32UARTPeriph)
                  0000400c    00000004     port.obj (.const)
                  00004010    00000004     uartstdio.obj (.const)

.cinit     0    00004018    00000048     
                  00004018    0000000f     (.cinit..data.load) [load image, compression = lzss]
                  00004027    00000001     --HOLE-- [fill = 0]
                  00004028    0000000c     (__TI_handler_table)
                  00004034    00000004     --HOLE-- [fill = 0]
                  00004038    00000008     (.cinit..bss.load) [load image, compression = zero_init]
                  00004040    00000008     (.cinit..vtable.load) [load image, compression = zero_init]
                  00004048    00000018     (__TI_cinit_table)

.init_array 
*          0    00000000    00000000     UNINITIALIZED

.vtable    0    20000000    0000026c     UNINITIALIZED
                  20000000    0000026c     interrupt.obj (.vtable)

.bss       0    2000026c    00007740     UNINITIALIZED
                  2000026c    00007530     heap_2.obj (.bss:ucHeap)
                  2000779c    00000140     tasks.obj (.bss:pxReadyTasksLists)
                  200078dc    00000050     (.common:xQueueRegistry)
                  2000792c    00000014     tasks.obj (.bss:xDelayedTaskList1)
                  20007940    00000014     tasks.obj (.bss:xDelayedTaskList2)
                  20007954    00000014     tasks.obj (.bss:xPendingReadyList)
                  20007968    00000014     tasks.obj (.bss:xSuspendedTaskList)
                  2000797c    00000014     tasks.obj (.bss:xTasksWaitingTermination)
                  20007990    00000008     tasks.obj (.bss)
                  20007998    00000008     heap_2.obj (.bss:xEnd)
                  200079a0    00000008     heap_2.obj (.bss:xStart)
                  200079a8    00000004     (.common:xQueue)

.data      0    20007bb0    00000048     UNINITIALIZED
                  20007bb0    00000034     tasks.obj (.data)
                  20007be4    00000008     heap_2.obj (.data)
                  20007bec    00000005     uartstdio.obj (.data)
                  20007bf1    00000003     --HOLE--
                  20007bf4    00000004     port.obj (.data)

.stack     0    200079b0    00000200     UNINITIALIZED
                  200079b0    00000004     rtsv7M4_T_le_v4SPD16_eabi.lib : boot_cortex_m.c.obj (.stack)
                  200079b4    000001fc     --HOLE--

__llvm_prf_cnts 
*          0    20000000    00000000     UNINITIALIZED

MODULE SUMMARY

       Module                         code    ro data   rw data
       ------                         ----    -------   -------
    .\
       interrupt.obj                  960     268       620    
       tm4c123gh6pm_startup_ccs.obj   12      620       0      
    +--+------------------------------+-------+---------+---------+
       Total:                         972     888       620    
                                                               
    .\Application\
       freertos_demo.obj              536     0         4      
    +--+------------------------------+-------+---------+---------+
       Total:                         536     0         4      
                                                               
    .\FreeRTOSSource\
       heap_2.obj                     440     0         30024  
       tasks.obj                      6292    0         480    
       queue.obj                      3200    0         80     
       port.obj                       316     4         4      
       list.obj                       298     0         0      
       portasm.obj                    218     0         0      
    +--+------------------------------+-------+---------+---------+
       Total:                         10764   4         30588  
                                                               
    .\drivers\
       uartstdio.obj                  1244    46        5      
       switches.obj                   216     0         0      
    +--+------------------------------+-------+---------+---------+
       Total:                         1460    46        5      
                                                               
    C:/ti/TivaWare_C_Series-2.2.0.295/driverlib/ccs/Debug/driverlib.lib
       gpio.obj                       632     144       0      
       sysctl.obj                     302     0         0      
       cpu.obj                        40      0         0      
       uart.obj                       6       0         0      
    +--+------------------------------+-------+---------+---------+
       Total:                         980     144       0      
                                                               
    C:\ti\ccs1020\ccs\tools\compiler\ti-cgt-arm_20.2.2.LTS\lib\rtsv7M4_T_le_v4SPD16_eabi.lib
       memcpy_t2.asm.obj              156     0         0      
       memset_t2.asm.obj              122     0         0      
       copy_decompress_lzss.c.obj     104     0         0      
       autoinit.c.obj                 68      0         0      
       u_divt2.asm.obj                64      0         0      
       boot_cortex_m.c.obj            52      0         0      
       copy_decompress_none.c.obj     14      0         0      
       copy_zero_init.c.obj           12      0         0      
       exit.c.obj                     4       0         0      
       pre_init.c.obj                 4       0         0      
       div0.asm.obj                   2       0         0      
    +--+------------------------------+-------+---------+---------+
       Total:                         602     0         0      
                                                               
       Stack:                         0       0         512    
       Linker Generated:              0       67        0      
    +--+------------------------------+-------+---------+---------+
       Grand Total:                   15314   1149      31729  


LINKER GENERATED COPY TABLES

__TI_cinit_table @ 00004048 records: 3, size/record: 8, table size: 24
	.data: load addr=00004018, load size=0000000f bytes, run addr=20007bb0, run size=00000048 bytes, compression=lzss
	.bss: load addr=00004038, load size=00000008 bytes, run addr=2000026c, run size=00007740 bytes, compression=zero_init
	.vtable: load addr=00004040, load size=00000008 bytes, run addr=20000000, run size=0000026c bytes, compression=zero_init


LINKER GENERATED HANDLER TABLE

__TI_handler_table @ 00004028 records: 3, size/record: 4, table size: 12
	index: 0, handler: __TI_zero_init
	index: 1, handler: __TI_decompress_lzss
	index: 2, handler: __TI_decompress_none


GLOBAL SYMBOLS: SORTED ALPHABETICALLY BY Name 

address   name                               
-------   ----                               
00003e3f  C$$EXIT                            
00003e13  CPUbasepriGet                      
00003e1d  CPUbasepriSet                      
00003dd7  CPUcpsid                           
00003de3  CPUcpsie                           
00003027  ConfigureUART                      
00003d79  GPIODirModeSet                     
00003e23  GPIOIntClear                       
00003def  GPIOIntEnable                      
00003dbb  GPIOIntStatus                      
00003be7  GPIOIntTypeSet                     
000033ed  GPIOPadConfigSet                   
00003c41  GPIOPinConfigure                   
00003e29  GPIOPinRead                        
00003da5  GPIOPinTypeUART                    
000030df  GPIOPortFIntHandler                
00002e1d  IntDisable                         
00002dab  IntEnable                          
00002e8f  IntIsEnabled                       
00002c6f  IntMasterDisable                   
00002c5f  IntMasterEnable                    
00002f85  IntPendClear                       
00002f15  IntPendSet                         
00002d87  IntPriorityGet                     
00002cff  IntPriorityGroupingGet             
00002ce5  IntPriorityGroupingSet             
00002fdf  IntPriorityMaskGet                 
00002fd3  IntPriorityMaskSet                 
00002d37  IntPrioritySet                     
00002c7f  IntRegister                        
00002fe7  IntTrigger                         
00002cd1  IntUnregister                      
00003e07  ResetISR                           
000037c1  SysCtlClockSet                     
00003e2f  SysCtlDelay                        
00003d11  SysCtlPeripheralEnable             
00003e35  UARTClockSourceSet                 
00002781  UARTStdioConfig                    
000028f9  UARTgetc                           
00002833  UARTgets                           
00002c27  UARTprintf                         
0000292d  UARTvprintf                        
000027e1  UARTwrite                          
20007bb0  __STACK_END                        
00000200  __STACK_SIZE                       
20007bb0  __STACK_TOP                        
00004048  __TI_CINIT_Base                    
00004060  __TI_CINIT_Limit                   
00004028  __TI_Handler_Table_Base            
00004034  __TI_Handler_Table_Limit           
00003c8d  __TI_auto_init_nobinit_nopinit     
00003b7f  __TI_decompress_lzss               
00003dc9  __TI_decompress_none               
ffffffff  __TI_pprof_out_hndl                
ffffffff  __TI_prof_data_size                
ffffffff  __TI_prof_data_start               
00000000  __TI_static_base__                 
00003dfb  __TI_zero_init                     
000037bf  __aeabi_idiv0                      
000037bf  __aeabi_ldiv0                      
00003b05  __aeabi_memclr                     
00003b05  __aeabi_memclr4                    
00003b05  __aeabi_memclr8                    
00003a69  __aeabi_memcpy                     
00003a69  __aeabi_memcpy4                    
00003a69  __aeabi_memcpy8                    
00003b07  __aeabi_memset                     
00003b07  __aeabi_memset4                    
00003b07  __aeabi_memset8                    
00003cd1  __aeabi_uidiv                      
00003cd1  __aeabi_uidivmod                   
ffffffff  __binit__                          
ffffffff  __c_args__                         
UNDEFED   __mpu_init                         
200079b0  __stack                            
20000000  __start___llvm_prf_cnts            
20000000  __stop___llvm_prf_cnts             
00003d45  _c_int00_noargs                    
UNDEFED   _system_post_cinit                 
00003e3b  _system_pre_init                   
00003e3f  abort                              
ffffffff  binit                              
000005dd  eTaskGetState                      
20000000  g_pfnRAMVectors                    
00000000  g_pfnVectors                       
00003081  main                               
00003a69  memcpy                             
00003b0d  memset                             
000026f5  pcQueueGetName                     
00000ba3  pcTaskGetName                      
00003235  pvPortMalloc                       
0000161f  pvTaskIncrementMutexHeldCount      
20007bb0  pxCurrentTCB                       
00003559  pxPortInitialiseStack              
00003a11  swIntEnable                        
00003991  switchInit                         
000039d9  switchState                        
00002459  ucQueueGetQueueType                
0000400c  ulMaxSyscallInterruptPriority      
000038c5  ulPortGetIPSR                      
0000163d  ulTaskNotifyTake                   
00003777  uxListRemove                       
00002439  uxQueueGetQueueNumber              
000023db  uxQueueMessagesWaiting             
00002411  uxQueueMessagesWaitingFromISR      
000023f1  uxQueueSpacesAvailable             
00000b9d  uxTaskGetNumberOfTasks             
00001309  uxTaskGetStackHighWaterMark        
00000bc9  uxTaskGetSystemState               
00001099  uxTaskGetTaskNumber                
00000671  uxTaskPriorityGet                  
000006a1  uxTaskPriorityGetFromISR           
000015fd  uxTaskResetEventItemValue          
0000301d  vApplicationStackOverflowHook      
00003695  vListInitialise                    
000036c5  vListInitialiseItem                
00003711  vListInsert                        
000036d5  vListInsertEnd                     
00003981  vPortEnableVFP                     
000035f9  vPortEndScheduler                  
000035fb  vPortEnterCritical                 
0000361b  vPortExitCritical                  
0000332d  vPortFree                          
00003391  vPortInitialiseBlocks              
0000393d  vPortSVCHandler                    
00003657  vPortSetupTimerInterrupt           
0000395d  vPortStartFirstTask                
000026b3  vQueueAddToRegistry                
00002423  vQueueDelete                       
00002447  vQueueSetQueueNumber               
00002735  vQueueUnregisterQueue              
000005a1  vTaskDelay                         
00000511  vTaskDelayUntil                    
00000463  vTaskDelete                        
00000a63  vTaskEndScheduler                  
00001179  vTaskGetInfo                       
00000fe7  vTaskInternalSetTimeOutState       
0000108d  vTaskMissedYield                   
00001959  vTaskNotifyGiveFromISR             
00000e8b  vTaskPlaceOnEventList              
00000ea7  vTaskPlaceOnUnorderedEventList     
0000152b  vTaskPriorityDisinheritAfterTimeout
000006ed  vTaskPrioritySet                   
00000f61  vTaskRemoveFromUnorderedEventList  
00000911  vTaskResume                        
000010b9  vTaskSetTaskNumber                 
00000fc9  vTaskSetTimeOutState               
00000a19  vTaskStartScheduler                
00000805  vTaskSuspend                       
00000a7f  vTaskSuspendAll                    
00000de9  vTaskSwitchContext                 
0000338b  xPortGetFreeHeapSize               
000038dd  xPortPendSVHandler                 
000035c3  xPortStartScheduler                
00003631  xPortSysTickHandler                
200079a8  xQueue                             
00001c59  xQueueCreateMutex                  
00001b9f  xQueueGenericCreate                
00001b01  xQueueGenericReset                 
00001d05  xQueueGenericSend                  
00001e33  xQueueGenericSendFromISR           
00001ecd  xQueueGiveFromISR                  
00001c85  xQueueGiveMutexRecursive           
0000264f  xQueueIsQueueEmptyFromISR          
00002691  xQueueIsQueueFullFromISR           
000021d1  xQueuePeek                         
00002389  xQueuePeekFromISR                  
00001f5f  xQueueReceive                      
000022f1  xQueueReceiveFromISR               
200078dc  xQueueRegistry                     
00002079  xQueueSemaphoreTake                
00001cc1  xQueueTakeMutexRecursive           
00001009  xTaskCheckForTimeOut               
0000026d  xTaskCreate                        
0000175f  xTaskGenericNotify                 
00001849  xTaskGenericNotifyFromISR          
0000137d  xTaskGetCurrentTaskHandle          
00000b75  xTaskGetTickCount                  
00000b89  xTaskGetTickCountFromISR           
00000cbd  xTaskIncrementTick                 
00001a07  xTaskNotifyStateClear              
000016b9  xTaskNotifyWait                    
0000148f  xTaskPriorityDisinherit            
000013b1  xTaskPriorityInherit               
00000ee1  xTaskRemoveFromEventList           
00000a91  xTaskResumeAll                     
00000989  xTaskResumeFromISR                 


GLOBAL SYMBOLS: SORTED BY Symbol Address 

address   name                               
-------   ----                               
00000000  __TI_static_base__                 
00000000  g_pfnVectors                       
00000200  __STACK_SIZE                       
0000026d  xTaskCreate                        
00000463  vTaskDelete                        
00000511  vTaskDelayUntil                    
000005a1  vTaskDelay                         
000005dd  eTaskGetState                      
00000671  uxTaskPriorityGet                  
000006a1  uxTaskPriorityGetFromISR           
000006ed  vTaskPrioritySet                   
00000805  vTaskSuspend                       
00000911  vTaskResume                        
00000989  xTaskResumeFromISR                 
00000a19  vTaskStartScheduler                
00000a63  vTaskEndScheduler                  
00000a7f  vTaskSuspendAll                    
00000a91  xTaskResumeAll                     
00000b75  xTaskGetTickCount                  
00000b89  xTaskGetTickCountFromISR           
00000b9d  uxTaskGetNumberOfTasks             
00000ba3  pcTaskGetName                      
00000bc9  uxTaskGetSystemState               
00000cbd  xTaskIncrementTick                 
00000de9  vTaskSwitchContext                 
00000e8b  vTaskPlaceOnEventList              
00000ea7  vTaskPlaceOnUnorderedEventList     
00000ee1  xTaskRemoveFromEventList           
00000f61  vTaskRemoveFromUnorderedEventList  
00000fc9  vTaskSetTimeOutState               
00000fe7  vTaskInternalSetTimeOutState       
00001009  xTaskCheckForTimeOut               
0000108d  vTaskMissedYield                   
00001099  uxTaskGetTaskNumber                
000010b9  vTaskSetTaskNumber                 
00001179  vTaskGetInfo                       
00001309  uxTaskGetStackHighWaterMark        
0000137d  xTaskGetCurrentTaskHandle          
000013b1  xTaskPriorityInherit               
0000148f  xTaskPriorityDisinherit            
0000152b  vTaskPriorityDisinheritAfterTimeout
000015fd  uxTaskResetEventItemValue          
0000161f  pvTaskIncrementMutexHeldCount      
0000163d  ulTaskNotifyTake                   
000016b9  xTaskNotifyWait                    
0000175f  xTaskGenericNotify                 
00001849  xTaskGenericNotifyFromISR          
00001959  vTaskNotifyGiveFromISR             
00001a07  xTaskNotifyStateClear              
00001b01  xQueueGenericReset                 
00001b9f  xQueueGenericCreate                
00001c59  xQueueCreateMutex                  
00001c85  xQueueGiveMutexRecursive           
00001cc1  xQueueTakeMutexRecursive           
00001d05  xQueueGenericSend                  
00001e33  xQueueGenericSendFromISR           
00001ecd  xQueueGiveFromISR                  
00001f5f  xQueueReceive                      
00002079  xQueueSemaphoreTake                
000021d1  xQueuePeek                         
000022f1  xQueueReceiveFromISR               
00002389  xQueuePeekFromISR                  
000023db  uxQueueMessagesWaiting             
000023f1  uxQueueSpacesAvailable             
00002411  uxQueueMessagesWaitingFromISR      
00002423  vQueueDelete                       
00002439  uxQueueGetQueueNumber              
00002447  vQueueSetQueueNumber               
00002459  ucQueueGetQueueType                
0000264f  xQueueIsQueueEmptyFromISR          
00002691  xQueueIsQueueFullFromISR           
000026b3  vQueueAddToRegistry                
000026f5  pcQueueGetName                     
00002735  vQueueUnregisterQueue              
00002781  UARTStdioConfig                    
000027e1  UARTwrite                          
00002833  UARTgets                           
000028f9  UARTgetc                           
0000292d  UARTvprintf                        
00002c27  UARTprintf                         
00002c5f  IntMasterEnable                    
00002c6f  IntMasterDisable                   
00002c7f  IntRegister                        
00002cd1  IntUnregister                      
00002ce5  IntPriorityGroupingSet             
00002cff  IntPriorityGroupingGet             
00002d37  IntPrioritySet                     
00002d87  IntPriorityGet                     
00002dab  IntEnable                          
00002e1d  IntDisable                         
00002e8f  IntIsEnabled                       
00002f15  IntPendSet                         
00002f85  IntPendClear                       
00002fd3  IntPriorityMaskSet                 
00002fdf  IntPriorityMaskGet                 
00002fe7  IntTrigger                         
0000301d  vApplicationStackOverflowHook      
00003027  ConfigureUART                      
00003081  main                               
000030df  GPIOPortFIntHandler                
00003235  pvPortMalloc                       
0000332d  vPortFree                          
0000338b  xPortGetFreeHeapSize               
00003391  vPortInitialiseBlocks              
000033ed  GPIOPadConfigSet                   
00003559  pxPortInitialiseStack              
000035c3  xPortStartScheduler                
000035f9  vPortEndScheduler                  
000035fb  vPortEnterCritical                 
0000361b  vPortExitCritical                  
00003631  xPortSysTickHandler                
00003657  vPortSetupTimerInterrupt           
00003695  vListInitialise                    
000036c5  vListInitialiseItem                
000036d5  vListInsertEnd                     
00003711  vListInsert                        
00003777  uxListRemove                       
000037bf  __aeabi_idiv0                      
000037bf  __aeabi_ldiv0                      
000037c1  SysCtlClockSet                     
000038c5  ulPortGetIPSR                      
000038dd  xPortPendSVHandler                 
0000393d  vPortSVCHandler                    
0000395d  vPortStartFirstTask                
00003981  vPortEnableVFP                     
00003991  switchInit                         
000039d9  switchState                        
00003a11  swIntEnable                        
00003a69  __aeabi_memcpy                     
00003a69  __aeabi_memcpy4                    
00003a69  __aeabi_memcpy8                    
00003a69  memcpy                             
00003b05  __aeabi_memclr                     
00003b05  __aeabi_memclr4                    
00003b05  __aeabi_memclr8                    
00003b07  __aeabi_memset                     
00003b07  __aeabi_memset4                    
00003b07  __aeabi_memset8                    
00003b0d  memset                             
00003b7f  __TI_decompress_lzss               
00003be7  GPIOIntTypeSet                     
00003c41  GPIOPinConfigure                   
00003c8d  __TI_auto_init_nobinit_nopinit     
00003cd1  __aeabi_uidiv                      
00003cd1  __aeabi_uidivmod                   
00003d11  SysCtlPeripheralEnable             
00003d45  _c_int00_noargs                    
00003d79  GPIODirModeSet                     
00003da5  GPIOPinTypeUART                    
00003dbb  GPIOIntStatus                      
00003dc9  __TI_decompress_none               
00003dd7  CPUcpsid                           
00003de3  CPUcpsie                           
00003def  GPIOIntEnable                      
00003dfb  __TI_zero_init                     
00003e07  ResetISR                           
00003e13  CPUbasepriGet                      
00003e1d  CPUbasepriSet                      
00003e23  GPIOIntClear                       
00003e29  GPIOPinRead                        
00003e2f  SysCtlDelay                        
00003e35  UARTClockSourceSet                 
00003e3b  _system_pre_init                   
00003e3f  C$$EXIT                            
00003e3f  abort                              
0000400c  ulMaxSyscallInterruptPriority      
00004028  __TI_Handler_Table_Base            
00004034  __TI_Handler_Table_Limit           
00004048  __TI_CINIT_Base                    
00004060  __TI_CINIT_Limit                   
20000000  __start___llvm_prf_cnts            
20000000  __stop___llvm_prf_cnts             
20000000  g_pfnRAMVectors                    
200078dc  xQueueRegistry                     
200079a8  xQueue                             
200079b0  __stack                            
20007bb0  __STACK_END                        
20007bb0  __STACK_TOP                        
20007bb0  pxCurrentTCB                       
ffffffff  __TI_pprof_out_hndl                
ffffffff  __TI_prof_data_size                
ffffffff  __TI_prof_data_start               
ffffffff  __binit__                          
ffffffff  __c_args__                         
ffffffff  binit                              
UNDEFED   __mpu_init                         
UNDEFED   _system_post_cinit                 

[187 symbols]
