******************************************************************************
                  TI ARM Linker PC v20.2.2                     
******************************************************************************
>> Linked Thu May 20 22:03:15 2021

OUTPUT FILE NAME:   <FreeRTOSExample8.out>
ENTRY POINT SYMBOL: "_c_int00_noargs"  address: 00003df9


MEMORY CONFIGURATION

         name            origin    length      used     unused   attr    fill
----------------------  --------  ---------  --------  --------  ----  --------
  FLASH                 00000000   00040000  00004100  0003bf00  R  X
  SRAM                  20000000   00008000  00007bf4  0000040c  RW X


SEGMENT ALLOCATION MAP

run origin  load origin   length   init length attrs members
----------  ----------- ---------- ----------- ----- -------
00000000    00000000    00004100   00004100    r-x
  00000000    00000000    0000026c   0000026c    r-- .intvecs
  0000026c    0000026c    00003c7c   00003c7c    r-x .text
  00003ee8    00003ee8    000001d0   000001d0    r-- .const
  000040b8    000040b8    00000048   00000048    r-- .cinit
20000000    20000000    00007bf8   00000000    rw-
  20000000    20000000    0000026c   00000000    rw- .vtable
  2000026c    2000026c    00007740   00000000    rw- .bss
  200079b0    200079b0    00000200   00000000    rw- .stack
  20007bb0    20007bb0    00000048   00000000    rw- .data


SECTION ALLOCATION MAP

 output                                  attributes/
section   page    origin      length       input sections
--------  ----  ----------  ----------   ----------------
.intvecs   0    00000000    0000026c     
                  00000000    0000026c     tm4c123gh6pm_startup_ccs.obj (.intvecs)

.text      0    0000026c    00003c7c     
                  0000026c    00001894     tasks.obj (.text)
                  00001b00    00000c80     queue.obj (.text)
                  00002780    000004dc     uartstdio.obj (.text)
                  00002c5c    000003c0     interrupt.obj (.text)
                  0000301c    000002cc     freertos_demo.obj (.text)
                  000032e8    000001b8     heap_2.obj (.text)
                  000034a0    0000016c     driverlib.lib : gpio.obj (.text:GPIOPadConfigSet)
                  0000360c    0000013c     port.obj (.text)
                  00003748    0000012a     list.obj (.text)
                  00003872    00000002     rtsv7M4_T_le_v4SPD16_eabi.lib : div0.asm.obj (.text)
                  00003874    000000f4     driverlib.lib : sysctl.obj (.text:SysCtlClockSet)
                  00003968    000000da     portasm.obj (.text)
                  00003a42    00000002     --HOLE-- [fill = 0]
                  00003a44    000000d8     switches.obj (.text)
                  00003b1c    0000009c     rtsv7M4_T_le_v4SPD16_eabi.lib : memcpy_t2.asm.obj (.text)
                  00003bb8    0000007a                                   : memset_t2.asm.obj (.text)
                  00003c32    00000068                                   : copy_decompress_lzss.c.obj (.text:decompress:lzss:__TI_decompress_lzss)
                  00003c9a    00000058     driverlib.lib : gpio.obj (.text:GPIOIntTypeSet)
                  00003cf2    00000002     --HOLE-- [fill = 0]
                  00003cf4    0000004c                   : gpio.obj (.text:GPIOPinConfigure)
                  00003d40    00000044     rtsv7M4_T_le_v4SPD16_eabi.lib : autoinit.c.obj (.text:__TI_auto_init_nobinit_nopinit:__TI_auto_init_nobinit_nopinit)
                  00003d84    00000040                                   : u_divt2.asm.obj (.text)
                  00003dc4    00000034     driverlib.lib : sysctl.obj (.text:SysCtlPeripheralEnable)
                  00003df8    00000034     rtsv7M4_T_le_v4SPD16_eabi.lib : boot_cortex_m.c.obj (.text:_c_int00_noargs:_c_int00_noargs)
                  00003e2c    0000002c     driverlib.lib : gpio.obj (.text:GPIODirModeSet)
                  00003e58    00000016                   : gpio.obj (.text:GPIOPinTypeUART)
                  00003e6e    0000000e     rtsv7M4_T_le_v4SPD16_eabi.lib : copy_decompress_none.c.obj (.text:decompress:none:__TI_decompress_none)
                  00003e7c    0000000c     driverlib.lib : cpu.obj (.text:CPUcpsid)
                  00003e88    0000000c                   : cpu.obj (.text:CPUcpsie)
                  00003e94    0000000c                   : gpio.obj (.text:GPIOIntEnable)
                  00003ea0    0000000c     rtsv7M4_T_le_v4SPD16_eabi.lib : copy_zero_init.c.obj (.text:decompress:ZI:__TI_zero_init)
                  00003eac    0000000c     tm4c123gh6pm_startup_ccs.obj (.text)
                  00003eb8    0000000a     driverlib.lib : cpu.obj (.text:CPUbasepriGet)
                  00003ec2    00000006                   : cpu.obj (.text:CPUbasepriSet)
                  00003ec8    00000006                   : gpio.obj (.text:GPIOIntClear)
                  00003ece    00000006                   : gpio.obj (.text:GPIOPinRead)
                  00003ed4    00000006                   : sysctl.obj (.text:SysCtlDelay)
                  00003eda    00000006                   : uart.obj (.text:UARTClockSourceSet)
                  00003ee0    00000004     rtsv7M4_T_le_v4SPD16_eabi.lib : pre_init.c.obj (.text:_system_pre_init)
                  00003ee4    00000004                                   : exit.c.obj (.text:abort:abort)

.const     0    00003ee8    000001d0     
                  00003ee8    0000009c     interrupt.obj (.const:g_pui32Regs)
                  00003f84    00000090     driverlib.lib : gpio.obj (.const:g_pui32GPIOBaseAddrs)
                  00004014    00000020     interrupt.obj (.const:g_pui32Priority)
                  00004034    00000014     interrupt.obj (.const:g_pui32Dii16Regs)
                  00004048    00000014     interrupt.obj (.const:g_pui32EnRegs)
                  0000405c    00000014     interrupt.obj (.const:g_pui32PendRegs)
                  00004070    00000014     interrupt.obj (.const:g_pui32UnpendRegs)
                  00004084    00000012     uartstdio.obj (.const:.string)
                  00004096    00000002     --HOLE-- [fill = 0]
                  00004098    0000000c     uartstdio.obj (.const:g_ui32UARTBase)
                  000040a4    0000000c     uartstdio.obj (.const:g_ui32UARTPeriph)
                  000040b0    00000004     port.obj (.const)
                  000040b4    00000004     uartstdio.obj (.const)

.cinit     0    000040b8    00000048     
                  000040b8    0000000f     (.cinit..data.load) [load image, compression = lzss]
                  000040c7    00000001     --HOLE-- [fill = 0]
                  000040c8    0000000c     (__TI_handler_table)
                  000040d4    00000004     --HOLE-- [fill = 0]
                  000040d8    00000008     (.cinit..bss.load) [load image, compression = zero_init]
                  000040e0    00000008     (.cinit..vtable.load) [load image, compression = zero_init]
                  000040e8    00000018     (__TI_cinit_table)

.init_array 
*          0    00000000    00000000     UNINITIALIZED

.vtable    0    20000000    0000026c     UNINITIALIZED
                  20000000    0000026c     interrupt.obj (.vtable)

.bss       0    2000026c    00007740     UNINITIALIZED
                  2000026c    00007530     heap_2.obj (.bss:ucHeap)
                  2000779c    00000140     tasks.obj (.bss:pxReadyTasksLists)
                  200078dc    00000050     (.common:xQueueRegistry)
                  2000792c    00000014     tasks.obj (.bss:xDelayedTaskList1)
                  20007940    00000014     tasks.obj (.bss:xDelayedTaskList2)
                  20007954    00000014     tasks.obj (.bss:xPendingReadyList)
                  20007968    00000014     tasks.obj (.bss:xSuspendedTaskList)
                  2000797c    00000014     tasks.obj (.bss:xTasksWaitingTermination)
                  20007990    00000008     tasks.obj (.bss)
                  20007998    00000008     heap_2.obj (.bss:xEnd)
                  200079a0    00000008     heap_2.obj (.bss:xStart)
                  200079a8    00000004     (.common:xBinarySemaphore)

.data      0    20007bb0    00000048     UNINITIALIZED
                  20007bb0    00000034     tasks.obj (.data)
                  20007be4    00000008     heap_2.obj (.data)
                  20007bec    00000005     uartstdio.obj (.data)
                  20007bf1    00000003     --HOLE--
                  20007bf4    00000004     port.obj (.data)

.stack     0    200079b0    00000200     UNINITIALIZED
                  200079b0    00000004     rtsv7M4_T_le_v4SPD16_eabi.lib : boot_cortex_m.c.obj (.stack)
                  200079b4    000001fc     --HOLE--

__llvm_prf_cnts 
*          0    20000000    00000000     UNINITIALIZED

MODULE SUMMARY

       Module                         code    ro data   rw data
       ------                         ----    -------   -------
    .\
       interrupt.obj                  960     268       620    
       tm4c123gh6pm_startup_ccs.obj   12      620       0      
    +--+------------------------------+-------+---------+---------+
       Total:                         972     888       620    
                                                               
    .\Application\
       freertos_demo.obj              716     0         4      
    +--+------------------------------+-------+---------+---------+
       Total:                         716     0         4      
                                                               
    .\FreeRTOSSource\
       heap_2.obj                     440     0         30024  
       tasks.obj                      6292    0         480    
       queue.obj                      3200    0         80     
       port.obj                       316     4         4      
       list.obj                       298     0         0      
       portasm.obj                    218     0         0      
    +--+------------------------------+-------+---------+---------+
       Total:                         10764   4         30588  
                                                               
    .\drivers\
       uartstdio.obj                  1244    46        5      
       switches.obj                   216     0         0      
    +--+------------------------------+-------+---------+---------+
       Total:                         1460    46        5      
                                                               
    C:/ti/TivaWare_C_Series-2.2.0.295/driverlib/ccs/Debug/driverlib.lib
       gpio.obj                       618     144       0      
       sysctl.obj                     302     0         0      
       cpu.obj                        40      0         0      
       uart.obj                       6       0         0      
    +--+------------------------------+-------+---------+---------+
       Total:                         966     144       0      
                                                               
    C:\ti\ccs1020\ccs\tools\compiler\ti-cgt-arm_20.2.2.LTS\lib\rtsv7M4_T_le_v4SPD16_eabi.lib
       memcpy_t2.asm.obj              156     0         0      
       memset_t2.asm.obj              122     0         0      
       copy_decompress_lzss.c.obj     104     0         0      
       autoinit.c.obj                 68      0         0      
       u_divt2.asm.obj                64      0         0      
       boot_cortex_m.c.obj            52      0         0      
       copy_decompress_none.c.obj     14      0         0      
       copy_zero_init.c.obj           12      0         0      
       exit.c.obj                     4       0         0      
       pre_init.c.obj                 4       0         0      
       div0.asm.obj                   2       0         0      
    +--+------------------------------+-------+---------+---------+
       Total:                         602     0         0      
                                                               
       Stack:                         0       0         512    
       Linker Generated:              0       67        0      
    +--+------------------------------+-------+---------+---------+
       Grand Total:                   15480   1149      31729  


LINKER GENERATED COPY TABLES

__TI_cinit_table @ 000040e8 records: 3, size/record: 8, table size: 24
	.data: load addr=000040b8, load size=0000000f bytes, run addr=20007bb0, run size=00000048 bytes, compression=lzss
	.bss: load addr=000040d8, load size=00000008 bytes, run addr=2000026c, run size=00007740 bytes, compression=zero_init
	.vtable: load addr=000040e0, load size=00000008 bytes, run addr=20000000, run size=0000026c bytes, compression=zero_init


LINKER GENERATED HANDLER TABLE

__TI_handler_table @ 000040c8 records: 3, size/record: 4, table size: 12
	index: 0, handler: __TI_zero_init
	index: 1, handler: __TI_decompress_lzss
	index: 2, handler: __TI_decompress_none


GLOBAL SYMBOLS: SORTED ALPHABETICALLY BY Name 

address   name                               
-------   ----                               
00003ee5  C$$EXIT                            
00003eb9  CPUbasepriGet                      
00003ec3  CPUbasepriSet                      
00003e7d  CPUcpsid                           
00003e89  CPUcpsie                           
00003027  ConfigureUART                      
00003e2d  GPIODirModeSet                     
00003ec9  GPIOIntClear                       
00003e95  GPIOIntEnable                      
00003c9b  GPIOIntTypeSet                     
000034a1  GPIOPadConfigSet                   
00003cf5  GPIOPinConfigure                   
00003ecf  GPIOPinRead                        
00003e59  GPIOPinTypeUART                    
00003107  GPIOPortFIntHandler                
00002e1d  IntDisable                         
00002dab  IntEnable                          
00002e8f  IntIsEnabled                       
00002c6f  IntMasterDisable                   
00002c5f  IntMasterEnable                    
00002f85  IntPendClear                       
00002f15  IntPendSet                         
00002d87  IntPriorityGet                     
00002cff  IntPriorityGroupingGet             
00002ce5  IntPriorityGroupingSet             
00002fdf  IntPriorityMaskGet                 
00002fd3  IntPriorityMaskSet                 
00002d37  IntPrioritySet                     
00002c7f  IntRegister                        
00002fe7  IntTrigger                         
00002cd1  IntUnregister                      
00003ead  ResetISR                           
00003875  SysCtlClockSet                     
00003ed5  SysCtlDelay                        
00003dc5  SysCtlPeripheralEnable             
00003edb  UARTClockSourceSet                 
00002781  UARTStdioConfig                    
000028f9  UARTgetc                           
00002833  UARTgets                           
00002c27  UARTprintf                         
0000292d  UARTvprintf                        
000027e1  UARTwrite                          
20007bb0  __STACK_END                        
00000200  __STACK_SIZE                       
20007bb0  __STACK_TOP                        
000040e8  __TI_CINIT_Base                    
00004100  __TI_CINIT_Limit                   
000040c8  __TI_Handler_Table_Base            
000040d4  __TI_Handler_Table_Limit           
00003d41  __TI_auto_init_nobinit_nopinit     
00003c33  __TI_decompress_lzss               
00003e6f  __TI_decompress_none               
ffffffff  __TI_pprof_out_hndl                
ffffffff  __TI_prof_data_size                
ffffffff  __TI_prof_data_start               
00000000  __TI_static_base__                 
00003ea1  __TI_zero_init                     
00003873  __aeabi_idiv0                      
00003873  __aeabi_ldiv0                      
00003bb9  __aeabi_memclr                     
00003bb9  __aeabi_memclr4                    
00003bb9  __aeabi_memclr8                    
00003b1d  __aeabi_memcpy                     
00003b1d  __aeabi_memcpy4                    
00003b1d  __aeabi_memcpy8                    
00003bbb  __aeabi_memset                     
00003bbb  __aeabi_memset4                    
00003bbb  __aeabi_memset8                    
00003d85  __aeabi_uidiv                      
00003d85  __aeabi_uidivmod                   
ffffffff  __binit__                          
ffffffff  __c_args__                         
UNDEFED   __mpu_init                         
200079b0  __stack                            
20000000  __start___llvm_prf_cnts            
20000000  __stop___llvm_prf_cnts             
00003df9  _c_int00_noargs                    
UNDEFED   _system_post_cinit                 
00003ee1  _system_pre_init                   
00003ee5  abort                              
ffffffff  binit                              
000005dd  eTaskGetState                      
20000000  g_pfnRAMVectors                    
00000000  g_pfnVectors                       
00003081  main                               
00003b1d  memcpy                             
00003bc1  memset                             
000026f5  pcQueueGetName                     
00000ba3  pcTaskGetName                      
000032e9  pvPortMalloc                       
0000161f  pvTaskIncrementMutexHeldCount      
20007bb0  pxCurrentTCB                       
0000360d  pxPortInitialiseStack              
00003ac5  swIntEnable                        
00003a45  switchInit                         
00003a8d  switchState                        
00002459  ucQueueGetQueueType                
000040b0  ulMaxSyscallInterruptPriority      
00003979  ulPortGetIPSR                      
0000163d  ulTaskNotifyTake                   
0000382b  uxListRemove                       
00002439  uxQueueGetQueueNumber              
000023db  uxQueueMessagesWaiting             
00002411  uxQueueMessagesWaitingFromISR      
000023f1  uxQueueSpacesAvailable             
00000b9d  uxTaskGetNumberOfTasks             
00001309  uxTaskGetStackHighWaterMark        
00000bc9  uxTaskGetSystemState               
00001099  uxTaskGetTaskNumber                
00000671  uxTaskPriorityGet                  
000006a1  uxTaskPriorityGetFromISR           
000015fd  uxTaskResetEventItemValue          
0000301d  vApplicationStackOverflowHook      
00003749  vListInitialise                    
00003779  vListInitialiseItem                
000037c5  vListInsert                        
00003789  vListInsertEnd                     
00003a35  vPortEnableVFP                     
000036ad  vPortEndScheduler                  
000036af  vPortEnterCritical                 
000036cf  vPortExitCritical                  
000033e1  vPortFree                          
00003445  vPortInitialiseBlocks              
000039f1  vPortSVCHandler                    
0000370b  vPortSetupTimerInterrupt           
00003a11  vPortStartFirstTask                
000026b3  vQueueAddToRegistry                
00002423  vQueueDelete                       
00002447  vQueueSetQueueNumber               
00002735  vQueueUnregisterQueue              
000005a1  vTaskDelay                         
00000511  vTaskDelayUntil                    
00000463  vTaskDelete                        
00000a63  vTaskEndScheduler                  
00001179  vTaskGetInfo                       
00000fe7  vTaskInternalSetTimeOutState       
0000108d  vTaskMissedYield                   
00001959  vTaskNotifyGiveFromISR             
00000e8b  vTaskPlaceOnEventList              
00000ea7  vTaskPlaceOnUnorderedEventList     
0000152b  vTaskPriorityDisinheritAfterTimeout
000006ed  vTaskPrioritySet                   
00000f61  vTaskRemoveFromUnorderedEventList  
00000911  vTaskResume                        
000010b9  vTaskSetTaskNumber                 
00000fc9  vTaskSetTimeOutState               
00000a19  vTaskStartScheduler                
00000805  vTaskSuspend                       
00000a7f  vTaskSuspendAll                    
00000de9  vTaskSwitchContext                 
200079a8  xBinarySemaphore                   
0000343f  xPortGetFreeHeapSize               
00003991  xPortPendSVHandler                 
00003677  xPortStartScheduler                
000036e5  xPortSysTickHandler                
00001c59  xQueueCreateMutex                  
00001b9f  xQueueGenericCreate                
00001b01  xQueueGenericReset                 
00001d05  xQueueGenericSend                  
00001e33  xQueueGenericSendFromISR           
00001ecd  xQueueGiveFromISR                  
00001c85  xQueueGiveMutexRecursive           
0000264f  xQueueIsQueueEmptyFromISR          
00002691  xQueueIsQueueFullFromISR           
000021d1  xQueuePeek                         
00002389  xQueuePeekFromISR                  
00001f5f  xQueueReceive                      
000022f1  xQueueReceiveFromISR               
200078dc  xQueueRegistry                     
00002079  xQueueSemaphoreTake                
00001cc1  xQueueTakeMutexRecursive           
00001009  xTaskCheckForTimeOut               
0000026d  xTaskCreate                        
0000175f  xTaskGenericNotify                 
00001849  xTaskGenericNotifyFromISR          
0000137d  xTaskGetCurrentTaskHandle          
00000b75  xTaskGetTickCount                  
00000b89  xTaskGetTickCountFromISR           
00000cbd  xTaskIncrementTick                 
00001a07  xTaskNotifyStateClear              
000016b9  xTaskNotifyWait                    
0000148f  xTaskPriorityDisinherit            
000013b1  xTaskPriorityInherit               
00000ee1  xTaskRemoveFromEventList           
00000a91  xTaskResumeAll                     
00000989  xTaskResumeFromISR                 


GLOBAL SYMBOLS: SORTED BY Symbol Address 

address   name                               
-------   ----                               
00000000  __TI_static_base__                 
00000000  g_pfnVectors                       
00000200  __STACK_SIZE                       
0000026d  xTaskCreate                        
00000463  vTaskDelete                        
00000511  vTaskDelayUntil                    
000005a1  vTaskDelay                         
000005dd  eTaskGetState                      
00000671  uxTaskPriorityGet                  
000006a1  uxTaskPriorityGetFromISR           
000006ed  vTaskPrioritySet                   
00000805  vTaskSuspend                       
00000911  vTaskResume                        
00000989  xTaskResumeFromISR                 
00000a19  vTaskStartScheduler                
00000a63  vTaskEndScheduler                  
00000a7f  vTaskSuspendAll                    
00000a91  xTaskResumeAll                     
00000b75  xTaskGetTickCount                  
00000b89  xTaskGetTickCountFromISR           
00000b9d  uxTaskGetNumberOfTasks             
00000ba3  pcTaskGetName                      
00000bc9  uxTaskGetSystemState               
00000cbd  xTaskIncrementTick                 
00000de9  vTaskSwitchContext                 
00000e8b  vTaskPlaceOnEventList              
00000ea7  vTaskPlaceOnUnorderedEventList     
00000ee1  xTaskRemoveFromEventList           
00000f61  vTaskRemoveFromUnorderedEventList  
00000fc9  vTaskSetTimeOutState               
00000fe7  vTaskInternalSetTimeOutState       
00001009  xTaskCheckForTimeOut               
0000108d  vTaskMissedYield                   
00001099  uxTaskGetTaskNumber                
000010b9  vTaskSetTaskNumber                 
00001179  vTaskGetInfo                       
00001309  uxTaskGetStackHighWaterMark        
0000137d  xTaskGetCurrentTaskHandle          
000013b1  xTaskPriorityInherit               
0000148f  xTaskPriorityDisinherit            
0000152b  vTaskPriorityDisinheritAfterTimeout
000015fd  uxTaskResetEventItemValue          
0000161f  pvTaskIncrementMutexHeldCount      
0000163d  ulTaskNotifyTake                   
000016b9  xTaskNotifyWait                    
0000175f  xTaskGenericNotify                 
00001849  xTaskGenericNotifyFromISR          
00001959  vTaskNotifyGiveFromISR             
00001a07  xTaskNotifyStateClear              
00001b01  xQueueGenericReset                 
00001b9f  xQueueGenericCreate                
00001c59  xQueueCreateMutex                  
00001c85  xQueueGiveMutexRecursive           
00001cc1  xQueueTakeMutexRecursive           
00001d05  xQueueGenericSend                  
00001e33  xQueueGenericSendFromISR           
00001ecd  xQueueGiveFromISR                  
00001f5f  xQueueReceive                      
00002079  xQueueSemaphoreTake                
000021d1  xQueuePeek                         
000022f1  xQueueReceiveFromISR               
00002389  xQueuePeekFromISR                  
000023db  uxQueueMessagesWaiting             
000023f1  uxQueueSpacesAvailable             
00002411  uxQueueMessagesWaitingFromISR      
00002423  vQueueDelete                       
00002439  uxQueueGetQueueNumber              
00002447  vQueueSetQueueNumber               
00002459  ucQueueGetQueueType                
0000264f  xQueueIsQueueEmptyFromISR          
00002691  xQueueIsQueueFullFromISR           
000026b3  vQueueAddToRegistry                
000026f5  pcQueueGetName                     
00002735  vQueueUnregisterQueue              
00002781  UARTStdioConfig                    
000027e1  UARTwrite                          
00002833  UARTgets                           
000028f9  UARTgetc                           
0000292d  UARTvprintf                        
00002c27  UARTprintf                         
00002c5f  IntMasterEnable                    
00002c6f  IntMasterDisable                   
00002c7f  IntRegister                        
00002cd1  IntUnregister                      
00002ce5  IntPriorityGroupingSet             
00002cff  IntPriorityGroupingGet             
00002d37  IntPrioritySet                     
00002d87  IntPriorityGet                     
00002dab  IntEnable                          
00002e1d  IntDisable                         
00002e8f  IntIsEnabled                       
00002f15  IntPendSet                         
00002f85  IntPendClear                       
00002fd3  IntPriorityMaskSet                 
00002fdf  IntPriorityMaskGet                 
00002fe7  IntTrigger                         
0000301d  vApplicationStackOverflowHook      
00003027  ConfigureUART                      
00003081  main                               
00003107  GPIOPortFIntHandler                
000032e9  pvPortMalloc                       
000033e1  vPortFree                          
0000343f  xPortGetFreeHeapSize               
00003445  vPortInitialiseBlocks              
000034a1  GPIOPadConfigSet                   
0000360d  pxPortInitialiseStack              
00003677  xPortStartScheduler                
000036ad  vPortEndScheduler                  
000036af  vPortEnterCritical                 
000036cf  vPortExitCritical                  
000036e5  xPortSysTickHandler                
0000370b  vPortSetupTimerInterrupt           
00003749  vListInitialise                    
00003779  vListInitialiseItem                
00003789  vListInsertEnd                     
000037c5  vListInsert                        
0000382b  uxListRemove                       
00003873  __aeabi_idiv0                      
00003873  __aeabi_ldiv0                      
00003875  SysCtlClockSet                     
00003979  ulPortGetIPSR                      
00003991  xPortPendSVHandler                 
000039f1  vPortSVCHandler                    
00003a11  vPortStartFirstTask                
00003a35  vPortEnableVFP                     
00003a45  switchInit                         
00003a8d  switchState                        
00003ac5  swIntEnable                        
00003b1d  __aeabi_memcpy                     
00003b1d  __aeabi_memcpy4                    
00003b1d  __aeabi_memcpy8                    
00003b1d  memcpy                             
00003bb9  __aeabi_memclr                     
00003bb9  __aeabi_memclr4                    
00003bb9  __aeabi_memclr8                    
00003bbb  __aeabi_memset                     
00003bbb  __aeabi_memset4                    
00003bbb  __aeabi_memset8                    
00003bc1  memset                             
00003c33  __TI_decompress_lzss               
00003c9b  GPIOIntTypeSet                     
00003cf5  GPIOPinConfigure                   
00003d41  __TI_auto_init_nobinit_nopinit     
00003d85  __aeabi_uidiv                      
00003d85  __aeabi_uidivmod                   
00003dc5  SysCtlPeripheralEnable             
00003df9  _c_int00_noargs                    
00003e2d  GPIODirModeSet                     
00003e59  GPIOPinTypeUART                    
00003e6f  __TI_decompress_none               
00003e7d  CPUcpsid                           
00003e89  CPUcpsie                           
00003e95  GPIOIntEnable                      
00003ea1  __TI_zero_init                     
00003ead  ResetISR                           
00003eb9  CPUbasepriGet                      
00003ec3  CPUbasepriSet                      
00003ec9  GPIOIntClear                       
00003ecf  GPIOPinRead                        
00003ed5  SysCtlDelay                        
00003edb  UARTClockSourceSet                 
00003ee1  _system_pre_init                   
00003ee5  C$$EXIT                            
00003ee5  abort                              
000040b0  ulMaxSyscallInterruptPriority      
000040c8  __TI_Handler_Table_Base            
000040d4  __TI_Handler_Table_Limit           
000040e8  __TI_CINIT_Base                    
00004100  __TI_CINIT_Limit                   
20000000  __start___llvm_prf_cnts            
20000000  __stop___llvm_prf_cnts             
20000000  g_pfnRAMVectors                    
200078dc  xQueueRegistry                     
200079a8  xBinarySemaphore                   
200079b0  __stack                            
20007bb0  __STACK_END                        
20007bb0  __STACK_TOP                        
20007bb0  pxCurrentTCB                       
ffffffff  __TI_pprof_out_hndl                
ffffffff  __TI_prof_data_size                
ffffffff  __TI_prof_data_start               
ffffffff  __binit__                          
ffffffff  __c_args__                         
ffffffff  binit                              
UNDEFED   __mpu_init                         
UNDEFED   _system_post_cinit                 

[186 symbols]
