******************************************************************************
                  TI ARM Linker PC v20.2.4                     
******************************************************************************
>> Linked Sun May 23 18:24:29 2021

OUTPUT FILE NAME:   <FreeRTOSExample7.out>
ENTRY POINT SYMBOL: "_c_int00_noargs"  address: 00003a49


MEMORY CONFIGURATION

         name            origin    length      used     unused   attr    fill
----------------------  --------  ---------  --------  --------  ----  --------
  FLASH                 00000000   00040000  00003c30  0003c3d0  R  X
  SRAM                  20000000   00008000  00007988  00000678  RW X


SEGMENT ALLOCATION MAP

run origin  load origin   length   init length attrs members
----------  ----------- ---------- ----------- ----- -------
00000000    00000000    00003c30   00003c30    r-x
  00000000    00000000    0000026c   0000026c    r-- .intvecs
  0000026c    0000026c    000038bc   000038bc    r-x .text
  00003b28    00003b28    000000d0   000000d0    r-- .const
  00003bf8    00003bf8    00000038   00000038    r-- .cinit
20000000    20000000    00007988   00000000    rw-
  20000000    20000000    00007740   00000000    rw- .bss
  20007740    20007740    00000200   00000000    rw- .stack
  20007940    20007940    00000048   00000000    rw- .data


SECTION ALLOCATION MAP

 output                                  attributes/
section   page    origin      length       input sections
--------  ----  ----------  ----------   ----------------
.intvecs   0    00000000    0000026c     
                  00000000    0000026c     tm4c123gh6pm_startup_ccs.obj (.intvecs)

.text      0    0000026c    000038bc     
                  0000026c    00001894     tasks.obj (.text)
                  00001b00    00000c80     queue.obj (.text)
                  00002780    000004dc     uartstdio.obj (.text)
                  00002c5c    00000310     freertos_demo.obj (.text)
                  00002f6c    000001b8     heap_2.obj (.text)
                  00003124    0000016c     driverlib.lib : gpio.obj (.text:GPIOPadConfigSet)
                  00003290    0000013c     port.obj (.text)
                  000033cc    0000012a     list.obj (.text)
                  000034f6    00000002     rtsv7M4_T_le_v4SPD16_eabi.lib : div0.asm.obj (.text)
                  000034f8    000000f4     driverlib.lib : sysctl.obj (.text:SysCtlClockSet)
                  000035ec    000000da     portasm.obj (.text)
                  000036c6    0000009c     rtsv7M4_T_le_v4SPD16_eabi.lib : memcpy_t2.asm.obj (.text)
                  00003762    00000002     --HOLE-- [fill = 0]
                  00003764    0000009c     switches.obj (.text)
                  00003800    0000007a     rtsv7M4_T_le_v4SPD16_eabi.lib : memset_t2.asm.obj (.text)
                  0000387a    00000068                                   : copy_decompress_lzss.c.obj (.text:decompress:lzss:__TI_decompress_lzss)
                  000038e2    00000002     --HOLE-- [fill = 0]
                  000038e4    00000060     led.obj (.text)
                  00003944    0000004c     driverlib.lib : gpio.obj (.text:GPIOPinConfigure)
                  00003990    00000044     rtsv7M4_T_le_v4SPD16_eabi.lib : autoinit.c.obj (.text:__TI_auto_init_nobinit_nopinit:__TI_auto_init_nobinit_nopinit)
                  000039d4    00000040                                   : u_divt2.asm.obj (.text)
                  00003a14    00000034     driverlib.lib : sysctl.obj (.text:SysCtlPeripheralEnable)
                  00003a48    00000034     rtsv7M4_T_le_v4SPD16_eabi.lib : boot_cortex_m.c.obj (.text:_c_int00_noargs:_c_int00_noargs)
                  00003a7c    0000002c     driverlib.lib : gpio.obj (.text:GPIODirModeSet)
                  00003aa8    0000001a                   : gpio.obj (.text:GPIOPinTypeGPIOOutput)
                  00003ac2    00000016                   : gpio.obj (.text:GPIOPinTypeUART)
                  00003ad8    0000000e     rtsv7M4_T_le_v4SPD16_eabi.lib : copy_decompress_none.c.obj (.text:decompress:none:__TI_decompress_none)
                  00003ae6    0000000c                                   : copy_zero_init.c.obj (.text:decompress:ZI:__TI_zero_init)
                  00003af2    0000000c     tm4c123gh6pm_startup_ccs.obj (.text)
                  00003afe    0000000a     driverlib.lib : uart.obj (.text:UARTCharGet)
                  00003b08    00000006                   : gpio.obj (.text:GPIOPinRead)
                  00003b0e    00000006                   : gpio.obj (.text:GPIOPinWrite)
                  00003b14    00000006                   : sysctl.obj (.text:SysCtlDelay)
                  00003b1a    00000006                   : uart.obj (.text:UARTClockSourceSet)
                  00003b20    00000004     rtsv7M4_T_le_v4SPD16_eabi.lib : pre_init.c.obj (.text:_system_pre_init)
                  00003b24    00000004                                   : exit.c.obj (.text:abort:abort)

.const     0    00003b28    000000d0     
                  00003b28    00000090     driverlib.lib : gpio.obj (.const:g_pui32GPIOBaseAddrs)
                  00003bb8    00000012     uartstdio.obj (.const:.string)
                  00003bca    00000002     --HOLE-- [fill = 0]
                  00003bcc    0000000c     uartstdio.obj (.const:g_ui32UARTBase)
                  00003bd8    0000000c     uartstdio.obj (.const:g_ui32UARTPeriph)
                  00003be4    0000000c     led.obj (.const:ledPin)
                  00003bf0    00000004     port.obj (.const)
                  00003bf4    00000004     uartstdio.obj (.const)

.cinit     0    00003bf8    00000038     
                  00003bf8    0000000f     (.cinit..data.load) [load image, compression = lzss]
                  00003c07    00000001     --HOLE-- [fill = 0]
                  00003c08    0000000c     (__TI_handler_table)
                  00003c14    00000004     --HOLE-- [fill = 0]
                  00003c18    00000008     (.cinit..bss.load) [load image, compression = zero_init]
                  00003c20    00000010     (__TI_cinit_table)

.init_array 
*          0    00000000    00000000     UNINITIALIZED

.bss       0    20000000    00007740     UNINITIALIZED
                  20000000    00007530     heap_2.obj (.bss:ucHeap)
                  20007530    00000140     tasks.obj (.bss:pxReadyTasksLists)
                  20007670    00000050     (.common:xQueueRegistry)
                  200076c0    00000014     tasks.obj (.bss:xDelayedTaskList1)
                  200076d4    00000014     tasks.obj (.bss:xDelayedTaskList2)
                  200076e8    00000014     tasks.obj (.bss:xPendingReadyList)
                  200076fc    00000014     tasks.obj (.bss:xSuspendedTaskList)
                  20007710    00000014     tasks.obj (.bss:xTasksWaitingTermination)
                  20007724    00000008     tasks.obj (.bss)
                  2000772c    00000008     heap_2.obj (.bss:xEnd)
                  20007734    00000008     heap_2.obj (.bss:xStart)
                  2000773c    00000004     (.common:xQueue)

.data      0    20007940    00000048     UNINITIALIZED
                  20007940    00000034     tasks.obj (.data)
                  20007974    00000008     heap_2.obj (.data)
                  2000797c    00000005     uartstdio.obj (.data)
                  20007981    00000003     --HOLE--
                  20007984    00000004     port.obj (.data)

.stack     0    20007740    00000200     UNINITIALIZED
                  20007740    00000004     rtsv7M4_T_le_v4SPD16_eabi.lib : boot_cortex_m.c.obj (.stack)
                  20007744    000001fc     --HOLE--

__llvm_prf_cnts 
*          0    20000000    00000000     UNINITIALIZED

MODULE SUMMARY

       Module                         code    ro data   rw data
       ------                         ----    -------   -------
    .\
       tm4c123gh6pm_startup_ccs.obj   12      620       0      
    +--+------------------------------+-------+---------+---------+
       Total:                         12      620       0      
                                                               
    .\Application\
       freertos_demo.obj              784     0         4      
    +--+------------------------------+-------+---------+---------+
       Total:                         784     0         4      
                                                               
    .\FreeRTOSSource\
       heap_2.obj                     440     0         30024  
       tasks.obj                      6292    0         480    
       queue.obj                      3200    0         80     
       port.obj                       316     4         4      
       list.obj                       298     0         0      
       portasm.obj                    218     0         0      
    +--+------------------------------+-------+---------+---------+
       Total:                         10764   4         30588  
                                                               
    .\drivers\
       uartstdio.obj                  1244    46        5      
       switches.obj                   156     0         0      
       led.obj                        96      12        0      
    +--+------------------------------+-------+---------+---------+
       Total:                         1496    58        5      
                                                               
    D:/TIVAWARE/driverlib/ccs/Debug/driverlib.lib
       gpio.obj                       544     144       0      
       sysctl.obj                     302     0         0      
       uart.obj                       16      0         0      
    +--+------------------------------+-------+---------+---------+
       Total:                         862     144       0      
                                                               
    D:\ccs\tools\compiler\ti-cgt-arm_20.2.4.LTS\lib\rtsv7M4_T_le_v4SPD16_eabi.lib
       memcpy_t2.asm.obj              156     0         0      
       memset_t2.asm.obj              122     0         0      
       copy_decompress_lzss.c.obj     104     0         0      
       autoinit.c.obj                 68      0         0      
       u_divt2.asm.obj                64      0         0      
       boot_cortex_m.c.obj            52      0         0      
       copy_decompress_none.c.obj     14      0         0      
       copy_zero_init.c.obj           12      0         0      
       exit.c.obj                     4       0         0      
       pre_init.c.obj                 4       0         0      
       div0.asm.obj                   2       0         0      
    +--+------------------------------+-------+---------+---------+
       Total:                         602     0         0      
                                                               
       Stack:                         0       0         512    
       Linker Generated:              0       51        0      
    +--+------------------------------+-------+---------+---------+
       Grand Total:                   14520   877       31109  


LINKER GENERATED COPY TABLES

__TI_cinit_table @ 00003c20 records: 2, size/record: 8, table size: 16
	.data: load addr=00003bf8, load size=0000000f bytes, run addr=20007940, run size=00000048 bytes, compression=lzss
	.bss: load addr=00003c18, load size=00000008 bytes, run addr=20000000, run size=00007740 bytes, compression=zero_init


LINKER GENERATED HANDLER TABLE

__TI_handler_table @ 00003c08 records: 3, size/record: 4, table size: 12
	index: 0, handler: __TI_decompress_lzss
	index: 1, handler: __TI_decompress_none
	index: 2, handler: __TI_zero_init


GLOBAL SYMBOLS: SORTED ALPHABETICALLY BY Name 

address   name                               
-------   ----                               
00003b25  C$$EXIT                            
00002c67  ConfigureUART                      
00003a7d  GPIODirModeSet                     
00003125  GPIOPadConfigSet                   
00003945  GPIOPinConfigure                   
00003b09  GPIOPinRead                        
00003aa9  GPIOPinTypeGPIOOutput              
00003ac3  GPIOPinTypeUART                    
00003b0f  GPIOPinWrite                       
00003af3  ResetISR                           
000034f9  SysCtlClockSet                     
00003b15  SysCtlDelay                        
00003a15  SysCtlPeripheralEnable             
00003aff  UARTCharGet                        
00003b1b  UARTClockSourceSet                 
00002781  UARTStdioConfig                    
000028f9  UARTgetc                           
00002833  UARTgets                           
00002c27  UARTprintf                         
0000292d  UARTvprintf                        
000027e1  UARTwrite                          
20007940  __STACK_END                        
00000200  __STACK_SIZE                       
20007940  __STACK_TOP                        
00003c20  __TI_CINIT_Base                    
00003c30  __TI_CINIT_Limit                   
00003c08  __TI_Handler_Table_Base            
00003c14  __TI_Handler_Table_Limit           
00003991  __TI_auto_init_nobinit_nopinit     
0000387b  __TI_decompress_lzss               
00003ad9  __TI_decompress_none               
ffffffff  __TI_pprof_out_hndl                
ffffffff  __TI_prof_data_size                
ffffffff  __TI_prof_data_start               
00000000  __TI_static_base__                 
00003ae7  __TI_zero_init                     
000034f7  __aeabi_idiv0                      
000034f7  __aeabi_ldiv0                      
00003801  __aeabi_memclr                     
00003801  __aeabi_memclr4                    
00003801  __aeabi_memclr8                    
000036c7  __aeabi_memcpy                     
000036c7  __aeabi_memcpy4                    
000036c7  __aeabi_memcpy8                    
00003803  __aeabi_memset                     
00003803  __aeabi_memset4                    
00003803  __aeabi_memset8                    
000039d5  __aeabi_uidiv                      
000039d5  __aeabi_uidivmod                   
ffffffff  __binit__                          
ffffffff  __c_args__                         
UNDEFED   __mpu_init                         
20007740  __stack                            
20000000  __start___llvm_prf_cnts            
20000000  __stop___llvm_prf_cnts             
00003a49  _c_int00_noargs                    
UNDEFED   _system_post_cinit                 
00003b21  _system_pre_init                   
00003b25  abort                              
ffffffff  binit                              
000005dd  eTaskGetState                      
00000000  g_pfnVectors                       
000038f7  ledControl                         
000038e5  ledInit                            
00003be4  ledPin                             
00002cc1  main                               
000036c7  memcpy                             
00003809  memset                             
000026f5  pcQueueGetName                     
00000ba3  pcTaskGetName                      
00002f6d  pvPortMalloc                       
0000161f  pvTaskIncrementMutexHeldCount      
20007940  pxCurrentTCB                       
00003291  pxPortInitialiseStack              
00003765  switchInit                         
000037ad  switchState                        
00002459  ucQueueGetQueueType                
00003bf0  ulMaxSyscallInterruptPriority      
000035fd  ulPortGetIPSR                      
0000163d  ulTaskNotifyTake                   
000034af  uxListRemove                       
00002439  uxQueueGetQueueNumber              
000023db  uxQueueMessagesWaiting             
00002411  uxQueueMessagesWaitingFromISR      
000023f1  uxQueueSpacesAvailable             
00000b9d  uxTaskGetNumberOfTasks             
00001309  uxTaskGetStackHighWaterMark        
00000bc9  uxTaskGetSystemState               
00001099  uxTaskGetTaskNumber                
00000671  uxTaskPriorityGet                  
000006a1  uxTaskPriorityGetFromISR           
000015fd  uxTaskResetEventItemValue          
00002c5d  vApplicationStackOverflowHook      
000033cd  vListInitialise                    
000033fd  vListInitialiseItem                
00003449  vListInsert                        
0000340d  vListInsertEnd                     
000036b9  vPortEnableVFP                     
00003331  vPortEndScheduler                  
00003333  vPortEnterCritical                 
00003353  vPortExitCritical                  
00003065  vPortFree                          
000030c9  vPortInitialiseBlocks              
00003675  vPortSVCHandler                    
0000338f  vPortSetupTimerInterrupt           
00003695  vPortStartFirstTask                
000026b3  vQueueAddToRegistry                
00002423  vQueueDelete                       
00002447  vQueueSetQueueNumber               
00002735  vQueueUnregisterQueue              
000005a1  vTaskDelay                         
00000511  vTaskDelayUntil                    
00000463  vTaskDelete                        
00000a63  vTaskEndScheduler                  
00001179  vTaskGetInfo                       
00000fe7  vTaskInternalSetTimeOutState       
0000108d  vTaskMissedYield                   
00001959  vTaskNotifyGiveFromISR             
00000e8b  vTaskPlaceOnEventList              
00000ea7  vTaskPlaceOnUnorderedEventList     
0000152b  vTaskPriorityDisinheritAfterTimeout
000006ed  vTaskPrioritySet                   
00000f61  vTaskRemoveFromUnorderedEventList  
00000911  vTaskResume                        
000010b9  vTaskSetTaskNumber                 
00000fc9  vTaskSetTimeOutState               
00000a19  vTaskStartScheduler                
00000805  vTaskSuspend                       
00000a7f  vTaskSuspendAll                    
00000de9  vTaskSwitchContext                 
000030c3  xPortGetFreeHeapSize               
00003615  xPortPendSVHandler                 
000032fb  xPortStartScheduler                
00003369  xPortSysTickHandler                
2000773c  xQueue                             
00001c59  xQueueCreateMutex                  
00001b9f  xQueueGenericCreate                
00001b01  xQueueGenericReset                 
00001d05  xQueueGenericSend                  
00001e33  xQueueGenericSendFromISR           
00001ecd  xQueueGiveFromISR                  
00001c85  xQueueGiveMutexRecursive           
0000264f  xQueueIsQueueEmptyFromISR          
00002691  xQueueIsQueueFullFromISR           
000021d1  xQueuePeek                         
00002389  xQueuePeekFromISR                  
00001f5f  xQueueReceive                      
000022f1  xQueueReceiveFromISR               
20007670  xQueueRegistry                     
00002079  xQueueSemaphoreTake                
00001cc1  xQueueTakeMutexRecursive           
00001009  xTaskCheckForTimeOut               
0000026d  xTaskCreate                        
0000175f  xTaskGenericNotify                 
00001849  xTaskGenericNotifyFromISR          
0000137d  xTaskGetCurrentTaskHandle          
00000b75  xTaskGetTickCount                  
00000b89  xTaskGetTickCountFromISR           
00000cbd  xTaskIncrementTick                 
00001a07  xTaskNotifyStateClear              
000016b9  xTaskNotifyWait                    
0000148f  xTaskPriorityDisinherit            
000013b1  xTaskPriorityInherit               
00000ee1  xTaskRemoveFromEventList           
00000a91  xTaskResumeAll                     
00000989  xTaskResumeFromISR                 


GLOBAL SYMBOLS: SORTED BY Symbol Address 

address   name                               
-------   ----                               
00000000  __TI_static_base__                 
00000000  g_pfnVectors                       
00000200  __STACK_SIZE                       
0000026d  xTaskCreate                        
00000463  vTaskDelete                        
00000511  vTaskDelayUntil                    
000005a1  vTaskDelay                         
000005dd  eTaskGetState                      
00000671  uxTaskPriorityGet                  
000006a1  uxTaskPriorityGetFromISR           
000006ed  vTaskPrioritySet                   
00000805  vTaskSuspend                       
00000911  vTaskResume                        
00000989  xTaskResumeFromISR                 
00000a19  vTaskStartScheduler                
00000a63  vTaskEndScheduler                  
00000a7f  vTaskSuspendAll                    
00000a91  xTaskResumeAll                     
00000b75  xTaskGetTickCount                  
00000b89  xTaskGetTickCountFromISR           
00000b9d  uxTaskGetNumberOfTasks             
00000ba3  pcTaskGetName                      
00000bc9  uxTaskGetSystemState               
00000cbd  xTaskIncrementTick                 
00000de9  vTaskSwitchContext                 
00000e8b  vTaskPlaceOnEventList              
00000ea7  vTaskPlaceOnUnorderedEventList     
00000ee1  xTaskRemoveFromEventList           
00000f61  vTaskRemoveFromUnorderedEventList  
00000fc9  vTaskSetTimeOutState               
00000fe7  vTaskInternalSetTimeOutState       
00001009  xTaskCheckForTimeOut               
0000108d  vTaskMissedYield                   
00001099  uxTaskGetTaskNumber                
000010b9  vTaskSetTaskNumber                 
00001179  vTaskGetInfo                       
00001309  uxTaskGetStackHighWaterMark        
0000137d  xTaskGetCurrentTaskHandle          
000013b1  xTaskPriorityInherit               
0000148f  xTaskPriorityDisinherit            
0000152b  vTaskPriorityDisinheritAfterTimeout
000015fd  uxTaskResetEventItemValue          
0000161f  pvTaskIncrementMutexHeldCount      
0000163d  ulTaskNotifyTake                   
000016b9  xTaskNotifyWait                    
0000175f  xTaskGenericNotify                 
00001849  xTaskGenericNotifyFromISR          
00001959  vTaskNotifyGiveFromISR             
00001a07  xTaskNotifyStateClear              
00001b01  xQueueGenericReset                 
00001b9f  xQueueGenericCreate                
00001c59  xQueueCreateMutex                  
00001c85  xQueueGiveMutexRecursive           
00001cc1  xQueueTakeMutexRecursive           
00001d05  xQueueGenericSend                  
00001e33  xQueueGenericSendFromISR           
00001ecd  xQueueGiveFromISR                  
00001f5f  xQueueReceive                      
00002079  xQueueSemaphoreTake                
000021d1  xQueuePeek                         
000022f1  xQueueReceiveFromISR               
00002389  xQueuePeekFromISR                  
000023db  uxQueueMessagesWaiting             
000023f1  uxQueueSpacesAvailable             
00002411  uxQueueMessagesWaitingFromISR      
00002423  vQueueDelete                       
00002439  uxQueueGetQueueNumber              
00002447  vQueueSetQueueNumber               
00002459  ucQueueGetQueueType                
0000264f  xQueueIsQueueEmptyFromISR          
00002691  xQueueIsQueueFullFromISR           
000026b3  vQueueAddToRegistry                
000026f5  pcQueueGetName                     
00002735  vQueueUnregisterQueue              
00002781  UARTStdioConfig                    
000027e1  UARTwrite                          
00002833  UARTgets                           
000028f9  UARTgetc                           
0000292d  UARTvprintf                        
00002c27  UARTprintf                         
00002c5d  vApplicationStackOverflowHook      
00002c67  ConfigureUART                      
00002cc1  main                               
00002f6d  pvPortMalloc                       
00003065  vPortFree                          
000030c3  xPortGetFreeHeapSize               
000030c9  vPortInitialiseBlocks              
00003125  GPIOPadConfigSet                   
00003291  pxPortInitialiseStack              
000032fb  xPortStartScheduler                
00003331  vPortEndScheduler                  
00003333  vPortEnterCritical                 
00003353  vPortExitCritical                  
00003369  xPortSysTickHandler                
0000338f  vPortSetupTimerInterrupt           
000033cd  vListInitialise                    
000033fd  vListInitialiseItem                
0000340d  vListInsertEnd                     
00003449  vListInsert                        
000034af  uxListRemove                       
000034f7  __aeabi_idiv0                      
000034f7  __aeabi_ldiv0                      
000034f9  SysCtlClockSet                     
000035fd  ulPortGetIPSR                      
00003615  xPortPendSVHandler                 
00003675  vPortSVCHandler                    
00003695  vPortStartFirstTask                
000036b9  vPortEnableVFP                     
000036c7  __aeabi_memcpy                     
000036c7  __aeabi_memcpy4                    
000036c7  __aeabi_memcpy8                    
000036c7  memcpy                             
00003765  switchInit                         
000037ad  switchState                        
00003801  __aeabi_memclr                     
00003801  __aeabi_memclr4                    
00003801  __aeabi_memclr8                    
00003803  __aeabi_memset                     
00003803  __aeabi_memset4                    
00003803  __aeabi_memset8                    
00003809  memset                             
0000387b  __TI_decompress_lzss               
000038e5  ledInit                            
000038f7  ledControl                         
00003945  GPIOPinConfigure                   
00003991  __TI_auto_init_nobinit_nopinit     
000039d5  __aeabi_uidiv                      
000039d5  __aeabi_uidivmod                   
00003a15  SysCtlPeripheralEnable             
00003a49  _c_int00_noargs                    
00003a7d  GPIODirModeSet                     
00003aa9  GPIOPinTypeGPIOOutput              
00003ac3  GPIOPinTypeUART                    
00003ad9  __TI_decompress_none               
00003ae7  __TI_zero_init                     
00003af3  ResetISR                           
00003aff  UARTCharGet                        
00003b09  GPIOPinRead                        
00003b0f  GPIOPinWrite                       
00003b15  SysCtlDelay                        
00003b1b  UARTClockSourceSet                 
00003b21  _system_pre_init                   
00003b25  C$$EXIT                            
00003b25  abort                              
00003be4  ledPin                             
00003bf0  ulMaxSyscallInterruptPriority      
00003c08  __TI_Handler_Table_Base            
00003c14  __TI_Handler_Table_Limit           
00003c20  __TI_CINIT_Base                    
00003c30  __TI_CINIT_Limit                   
20000000  __start___llvm_prf_cnts            
20000000  __stop___llvm_prf_cnts             
20007670  xQueueRegistry                     
2000773c  xQueue                             
20007740  __stack                            
20007940  __STACK_END                        
20007940  __STACK_TOP                        
20007940  pxCurrentTCB                       
ffffffff  __TI_pprof_out_hndl                
ffffffff  __TI_prof_data_size                
ffffffff  __TI_prof_data_start               
ffffffff  __binit__                          
ffffffff  __c_args__                         
ffffffff  binit                              
UNDEFED   __mpu_init                         
UNDEFED   _system_post_cinit                 

[166 symbols]
