******************************************************************************
                  TI ARM Linker PC v20.2.7                     
******************************************************************************
>> Linked Sat Oct 28 05:02:04 2023

OUTPUT FILE NAME:   <miniCCSProject.out>
ENTRY POINT SYMBOL: "_c_int00_noargs"  address: 00002bd9


MEMORY CONFIGURATION

         name            origin    length      used     unused   attr    fill
----------------------  --------  ---------  --------  --------  ----  --------
  FLASH                 00000000   00040000  0000303c  0003cfc4  R  X
  SRAM                  20000000   00008000  00000fc0  00007040  RW X


SEGMENT ALLOCATION MAP

run origin  load origin   length   init length attrs members
----------  ----------- ---------- ----------- ----- -------
00000000    00000000    00003040   00003040    r-x
  00000000    00000000    0000026c   0000026c    r-- .intvecs
  0000026c    0000026c    00002ba0   00002ba0    r-x .text
  00002e0c    00002e0c    00000200   00000200    r-- .const
  00003010    00003010    00000030   00000030    r-- .cinit
20000000    20000000    00000fc0   00000000    rw-
  20000000    20000000    00000fa0   00000000    rw- .stack
  20000fa0    20000fa0    0000001c   00000000    rw- .bss
  20000fbc    20000fbc    00000004   00000000    rw- .data


SECTION ALLOCATION MAP

 output                                  attributes/
section   page    origin      length       input sections
--------  ----  ----------  ----------   ----------------
.intvecs   0    00000000    0000026c     
                  00000000    0000026c     tm4c123gh6pm_startup_ccs.obj (.intvecs)

.text      0    0000026c    00002ba0     
                  0000026c    00000a4e     rtsv7M4_T_le_v4SPD16_eabi.lib : _printfi.c.obj (.text:__TI_printfi)
                  00000cba    00000002                                   : div0.asm.obj (.text)
                  00000cbc    00000578     rc522_api.obj (.text)
                  00001234    00000270     rtsv7M4_T_le_v4SPD16_eabi.lib : _printfi.c.obj (.text:_pconv_a)
                  000014a4    000001d0                                   : _printfi.c.obj (.text:_pconv_g)
                  00001674    000001b6                                   : fd_add_t2.asm.obj (.text)
                  0000182a    00000002     --HOLE-- [fill = 0]
                  0000182c    00000174     main.obj (.text)
                  000019a0    0000016c     driverlib.lib : gpio.obj (.text:GPIOPadConfigSet)
                  00001b0c    0000013c     rtsv7M4_T_le_v4SPD16_eabi.lib : _printfi.c.obj (.text:_pconv_e)
                  00001c48    00000136                                   : fd_div_t2.asm.obj (.text)
                  00001d7e    00000002     --HOLE-- [fill = 0]
                  00001d80    00000124                                   : _printfi.c.obj (.text:fcvt)
                  00001ea4    00000118     driverlib.lib : sysctl.obj (.text:SysCtlClockGet)
                  00001fbc    00000110     rtsv7M4_T_le_v4SPD16_eabi.lib : s_scalbn.c.obj (.text:scalbn)
                  000020cc    000000fc                                   : fd_mul_t2.asm.obj (.text)
                  000021c8    000000f4     driverlib.lib : sysctl.obj (.text:SysCtlClockSet)
                  000022bc    000000dc     configure_peripherals_api.obj (.text)
                  00002398    000000b1     rtsv7M4_T_le_v4SPD16_eabi.lib : _printfi.c.obj (.text:_ltostr)
                  00002449    00000001     --HOLE-- [fill = 0]
                  0000244a    0000009c                                   : memcpy_t2.asm.obj (.text)
                  000024e6    00000096                                   : ull_div_t2.asm.obj (.text)
                  0000257c    00000086                                   : fd_cmp_t2.asm.obj (.text:__aeabi_cdcmple)
                  00002602    00000086                                   : fd_cmp_t2.asm.obj (.text:__aeabi_cdrcmple)
                  00002688    0000007a                                   : memset_t2.asm.obj (.text)
                  00002702    0000006e                                   : _printfi.c.obj (.text:_mcpy)
                  00002770    00000068                                   : copy_decompress_lzss.c.obj (.text:decompress:lzss:__TI_decompress_lzss)
                  000027d8    00000064                                   : s_frexp.c.obj (.text:frexp)
                  0000283c    00000056                                   : _printfi.c.obj (.text:_pconv_f)
                  00002892    00000054                                   : _ltoa.c.obj (.text:__TI_ltoa)
                  000028e6    00000052                                   : _printfi.c.obj (.text:_ecpy)
                  00002938    0000004c     driverlib.lib : gpio.obj (.text:GPIOPinConfigure)
                  00002984    0000004c     rtsv7M4_T_le_v4SPD16_eabi.lib : atoi.c.obj (.text:atoi)
                  000029d0    00000048                                   : fd_toi_t2.asm.obj (.text)
                  00002a18    00000046     driverlib.lib : uart.obj (.text:UARTConfigSetExpClk)
                  00002a5e    00000002     --HOLE-- [fill = 0]
                  00002a60    00000044     rtsv7M4_T_le_v4SPD16_eabi.lib : autoinit.c.obj (.text:__TI_auto_init_nobinit_nopinit:__TI_auto_init_nobinit_nopinit)
                  00002aa4    00000044     uart_api.obj (.text)
                  00002ae8    00000040     rtsv7M4_T_le_v4SPD16_eabi.lib : sprintf.c.obj (.text:sprintf)
                  00002b28    0000003e                                   : _printfi.c.obj (.text:_fcpy)
                  00002b66    0000003c     driverlib.lib : ssi.obj (.text:SSIConfigSetExpClk)
                  00002ba2    00000002     --HOLE-- [fill = 0]
                  00002ba4    00000034                   : sysctl.obj (.text:SysCtlPeripheralEnable)
                  00002bd8    00000034     rtsv7M4_T_le_v4SPD16_eabi.lib : boot_cortex_m.c.obj (.text:_c_int00_noargs:_c_int00_noargs)
                  00002c0c    0000002e                                   : i_tofd_t2.asm.obj (.text)
                  00002c3a    0000002c     driverlib.lib : gpio.obj (.text:GPIODirModeSet)
                  00002c66    00000002     --HOLE-- [fill = 0]
                  00002c68    00000020                   : uart.obj (.text:UARTDisable)
                  00002c88    0000001c     rtsv7M4_T_le_v4SPD16_eabi.lib : copy_zero_init.c.obj (.text:decompress:ZI:__TI_zero_init_nomemset:__TI_zero_init_nomemset)
                  00002ca4    0000001c                                   : memccpy.c.obj (.text:memccpy)
                  00002cc0    0000001a     driverlib.lib : gpio.obj (.text:GPIOPinTypeGPIOOutput)
                  00002cda    0000001a     rtsv7M4_T_le_v4SPD16_eabi.lib : s_copysign.c.obj (.text:copysign)
                  00002cf4    00000018                                   : sprintf.c.obj (.text:_outs)
                  00002d0c    00000016     driverlib.lib : gpio.obj (.text:GPIOPinTypeSSI)
                  00002d22    00000016                   : gpio.obj (.text:GPIOPinTypeUART)
                  00002d38    00000016     rtsv7M4_T_le_v4SPD16_eabi.lib : strchr.c.obj (.text:strchr)
                  00002d4e    00000014     driverlib.lib : uart.obj (.text:UARTEnable)
                  00002d62    00000014     rtsv7M4_T_le_v4SPD16_eabi.lib : strlen.c.obj (.text:strlen)
                  00002d76    00000012     driverlib.lib : ssi.obj (.text:SSIDataGetNonBlocking)
                  00002d88    00000012     rtsv7M4_T_le_v4SPD16_eabi.lib : wcslen.c.obj (.text:wcslen)
                  00002d9a    0000000e                                   : copy_decompress_none.c.obj (.text:decompress:none:__TI_decompress_none)
                  00002da8    0000000c     driverlib.lib : ssi.obj (.text:SSIDataGet)
                  00002db4    0000000c     tm4c123gh6pm_startup_ccs.obj (.text)
                  00002dc0    0000000a     driverlib.lib : ssi.obj (.text:SSIDataPut)
                  00002dca    0000000a                   : ssi.obj (.text:SSIEnable)
                  00002dd4    0000000a                   : uart.obj (.text:UARTCharPut)
                  00002dde    0000000a     rtsv7M4_T_le_v4SPD16_eabi.lib : sprintf.c.obj (.text:_outc)
                  00002de8    00000008     driverlib.lib : ssi.obj (.text:SSIBusy)
                  00002df0    00000008     rtsv7M4_T_le_v4SPD16_eabi.lib : errno.c.obj (.text:__aeabi_errno_addr)
                  00002df8    00000006     driverlib.lib : gpio.obj (.text:GPIOPinWrite)
                  00002dfe    00000006                   : sysctl.obj (.text:SysCtlDelay)
                  00002e04    00000004     rtsv7M4_T_le_v4SPD16_eabi.lib : pre_init.c.obj (.text:_system_pre_init)
                  00002e08    00000004                                   : exit.c.obj (.text:abort:abort)

.const     0    00002e0c    00000200     
                  00002e0c    00000101     rtsv7M4_T_le_v4SPD16_eabi.lib : ctype.c.obj (.const:.string:_ctypes_)
                  00002f0d    00000003     --HOLE-- [fill = 0]
                  00002f10    00000090     driverlib.lib : gpio.obj (.const:g_pui32GPIOBaseAddrs)
                  00002fa0    0000006c                   : sysctl.obj (.const:g_pui32Xtals)

.cinit     0    00003010    00000030     
                  00003010    0000000c     (__TI_handler_table)
                  0000301c    00000004     --HOLE-- [fill = 0]
                  00003020    00000008     (.cinit..bss.load) [load image, compression = zero_init]
                  00003028    00000007     (.cinit..data.load) [load image, compression = lzss]
                  0000302f    00000001     --HOLE-- [fill = 0]
                  00003030    00000010     (__TI_cinit_table)

.init_array 
*          0    00000000    00000000     UNINITIALIZED

.bss       0    20000fa0    0000001c     UNINITIALIZED
                  20000fa0    00000010     (.common:str)
                  20000fb0    0000000c     (.common:cardID)

.data      0    20000fbc    00000004     UNINITIALIZED
                  20000fbc    00000004     rtsv7M4_T_le_v4SPD16_eabi.lib : errno.c.obj (.data)

.stack     0    20000000    00000fa0     UNINITIALIZED
                  20000000    00000004     rtsv7M4_T_le_v4SPD16_eabi.lib : boot_cortex_m.c.obj (.stack)
                  20000004    00000f9c     --HOLE--

__llvm_prf_cnts 
*          0    20000000    00000000     UNINITIALIZED

MODULE SUMMARY

       Module                          code    ro data   rw data
       ------                          ----    -------   -------
    .\
       tm4c123gh6pm_startup_ccs.obj    12      620       0      
       main.obj                        372     0         28     
    +--+-------------------------------+-------+---------+---------+
       Total:                          384     620       28     
                                                                
    .\my_libs\src\
       rc522_api.obj                   1400    0         0      
       configure_peripherals_api.obj   220     0         0      
       uart_api.obj                    68      0         0      
    +--+-------------------------------+-------+---------+---------+
       Total:                          1688    0         0      
                                                                
    E:/Apps/ti/TivaWare_C_Series-2.2.0.295/driverlib/ccs/Debug/driverlib.lib
       gpio.obj                        560     144       0      
       sysctl.obj                      582     108       0      
       uart.obj                        132     0         0      
       ssi.obj                         118     0         0      
    +--+-------------------------------+-------+---------+---------+
       Total:                          1392    252       0      
                                                                
    E:\Apps\ti\ccs1250\ccs\tools\compiler\ti-cgt-arm_20.2.7.LTS\lib\rtsv7M4_T_le_v4SPD16_eabi.lib
       _printfi.c.obj                  4851    0         0      
       fd_add_t2.asm.obj               438     0         0      
       fd_div_t2.asm.obj               310     0         0      
       s_scalbn.c.obj                  272     0         0      
       fd_cmp_t2.asm.obj               268     0         0      
       ctype.c.obj                     0       257       0      
       fd_mul_t2.asm.obj               252     0         0      
       memcpy_t2.asm.obj               156     0         0      
       ull_div_t2.asm.obj              150     0         0      
       memset_t2.asm.obj               122     0         0      
       copy_decompress_lzss.c.obj      104     0         0      
       s_frexp.c.obj                   100     0         0      
       sprintf.c.obj                   98      0         0      
       _ltoa.c.obj                     84      0         0      
       atoi.c.obj                      76      0         0      
       fd_toi_t2.asm.obj               72      0         0      
       autoinit.c.obj                  68      0         0      
       boot_cortex_m.c.obj             52      0         0      
       i_tofd_t2.asm.obj               46      0         0      
       copy_zero_init.c.obj            28      0         0      
       memccpy.c.obj                   28      0         0      
       s_copysign.c.obj                26      0         0      
       strchr.c.obj                    22      0         0      
       strlen.c.obj                    20      0         0      
       wcslen.c.obj                    18      0         0      
       copy_decompress_none.c.obj      14      0         0      
       errno.c.obj                     8       0         4      
       exit.c.obj                      4       0         0      
       pre_init.c.obj                  4       0         0      
       div0.asm.obj                    2       0         0      
    +--+-------------------------------+-------+---------+---------+
       Total:                          7693    257       4      
                                                                
       Stack:                          0       0         4000   
       Linker Generated:               0       43        0      
    +--+-------------------------------+-------+---------+---------+
       Grand Total:                    11157   1172      4032   


LINKER GENERATED COPY TABLES

__TI_cinit_table @ 00003030 records: 2, size/record: 8, table size: 16
	.bss: load addr=00003020, load size=00000008 bytes, run addr=20000fa0, run size=0000001c bytes, compression=zero_init
	.data: load addr=00003028, load size=00000007 bytes, run addr=20000fbc, run size=00000004 bytes, compression=lzss


LINKER GENERATED HANDLER TABLE

__TI_handler_table @ 00003010 records: 3, size/record: 4, table size: 12
	index: 0, handler: __TI_decompress_lzss
	index: 1, handler: __TI_decompress_none
	index: 2, handler: __TI_zero_init


GLOBAL SYMBOLS: SORTED ALPHABETICALLY BY Name 

address   name                          
-------   ----                          
00002e09  C$$EXIT                       
00002c3b  GPIODirModeSet                
000019a1  GPIOPadConfigSet              
00002939  GPIOPinConfigure              
00002cc1  GPIOPinTypeGPIOOutput         
00002d0d  GPIOPinTypeSSI                
00002d23  GPIOPinTypeUART               
00002df9  GPIOPinWrite                  
00002db5  ResetISR                      
00002de9  SSIBusy                       
00002b67  SSIConfigSetExpClk            
00002da9  SSIDataGet                    
00002d77  SSIDataGetNonBlocking         
00002dc1  SSIDataPut                    
00002dcb  SSIEnable                     
00001ea5  SysCtlClockGet                
000021c9  SysCtlClockSet                
00002dff  SysCtlDelay                   
00002ba5  SysCtlPeripheralEnable        
00002dd5  UARTCharPut                   
00002a19  UARTConfigSetExpClk           
00002c69  UARTDisable                   
00002d4f  UARTEnable                    
00002aa5  UARTStringPut                 
20000fa0  __STACK_END                   
00000fa0  __STACK_SIZE                  
20000200  __STACK_TOP                   
00003030  __TI_CINIT_Base               
00003040  __TI_CINIT_Limit              
00003010  __TI_Handler_Table_Base       
0000301c  __TI_Handler_Table_Limit      
00002a61  __TI_auto_init_nobinit_nopinit
00002771  __TI_decompress_lzss          
00002d9b  __TI_decompress_none          
00002893  __TI_ltoa                     
ffffffff  __TI_pprof_out_hndl           
0000026d  __TI_printfi                  
ffffffff  __TI_prof_data_size           
ffffffff  __TI_prof_data_start          
00000000  __TI_static_base__            
00002c89  __TI_zero_init_nomemset       
0000257d  __aeabi_cdcmpeq               
0000257d  __aeabi_cdcmple               
00002603  __aeabi_cdrcmple              
000029d1  __aeabi_d2iz                  
0000167f  __aeabi_dadd                  
00001c49  __aeabi_ddiv                  
000020cd  __aeabi_dmul                  
00001675  __aeabi_dsub                  
00002df1  __aeabi_errno_addr            
00002c0d  __aeabi_i2d                   
00000cbb  __aeabi_idiv0                 
00000cbb  __aeabi_ldiv0                 
00002689  __aeabi_memclr                
00002689  __aeabi_memclr4               
00002689  __aeabi_memclr8               
0000244b  __aeabi_memcpy                
0000244b  __aeabi_memcpy4               
0000244b  __aeabi_memcpy8               
0000268b  __aeabi_memset                
0000268b  __aeabi_memset4               
0000268b  __aeabi_memset8               
000024e7  __aeabi_uldivmod              
ffffffff  __binit__                     
ffffffff  __c_args__                    
UNDEFED   __mpu_init                    
20000000  __stack                       
20000000  __start___llvm_prf_cnts       
20000000  __stop___llvm_prf_cnts        
00002bd9  _c_int00_noargs               
00002e0c  _ctypes_                      
UNDEFED   _system_post_cinit            
00002e05  _system_pre_init              
00002e09  abort                         
00002985  atoi                          
ffffffff  binit                         
20000fb0  cardID                        
000022bf  configureSPI                  
00002329  configureUART                 
00002cdb  copysign                      
00002cdb  copysignl                     
000018cb  dumpHex                       
000022bd  enablePeriphs                 
20000fbc  errno                         
000027d9  frexp                         
000027d9  frexpl                        
00000000  g_pfnVectors                  
0000182d  initLeds                      
00001fbd  ldexp                         
00001fbd  ldexpl                        
0000183f  main                          
00002ca5  memccpy                       
0000244b  memcpy                        
00002691  memset                        
00001001  rc522Anticoll                 
00000d71  rc522Check                    
0000111b  rc522Init                     
00000de7  rc522Request                  
00001fbd  scalbn                        
00001fbd  scalbnl                       
00002ae9  sprintf                       
20000fa0  str                           
00002d39  strchr                        
00002d63  strlen                        
00002d89  wcslen                        


GLOBAL SYMBOLS: SORTED BY Symbol Address 

address   name                          
-------   ----                          
00000000  __TI_static_base__            
00000000  g_pfnVectors                  
0000026d  __TI_printfi                  
00000cbb  __aeabi_idiv0                 
00000cbb  __aeabi_ldiv0                 
00000d71  rc522Check                    
00000de7  rc522Request                  
00000fa0  __STACK_SIZE                  
00001001  rc522Anticoll                 
0000111b  rc522Init                     
00001675  __aeabi_dsub                  
0000167f  __aeabi_dadd                  
0000182d  initLeds                      
0000183f  main                          
000018cb  dumpHex                       
000019a1  GPIOPadConfigSet              
00001c49  __aeabi_ddiv                  
00001ea5  SysCtlClockGet                
00001fbd  ldexp                         
00001fbd  ldexpl                        
00001fbd  scalbn                        
00001fbd  scalbnl                       
000020cd  __aeabi_dmul                  
000021c9  SysCtlClockSet                
000022bd  enablePeriphs                 
000022bf  configureSPI                  
00002329  configureUART                 
0000244b  __aeabi_memcpy                
0000244b  __aeabi_memcpy4               
0000244b  __aeabi_memcpy8               
0000244b  memcpy                        
000024e7  __aeabi_uldivmod              
0000257d  __aeabi_cdcmpeq               
0000257d  __aeabi_cdcmple               
00002603  __aeabi_cdrcmple              
00002689  __aeabi_memclr                
00002689  __aeabi_memclr4               
00002689  __aeabi_memclr8               
0000268b  __aeabi_memset                
0000268b  __aeabi_memset4               
0000268b  __aeabi_memset8               
00002691  memset                        
00002771  __TI_decompress_lzss          
000027d9  frexp                         
000027d9  frexpl                        
00002893  __TI_ltoa                     
00002939  GPIOPinConfigure              
00002985  atoi                          
000029d1  __aeabi_d2iz                  
00002a19  UARTConfigSetExpClk           
00002a61  __TI_auto_init_nobinit_nopinit
00002aa5  UARTStringPut                 
00002ae9  sprintf                       
00002b67  SSIConfigSetExpClk            
00002ba5  SysCtlPeripheralEnable        
00002bd9  _c_int00_noargs               
00002c0d  __aeabi_i2d                   
00002c3b  GPIODirModeSet                
00002c69  UARTDisable                   
00002c89  __TI_zero_init_nomemset       
00002ca5  memccpy                       
00002cc1  GPIOPinTypeGPIOOutput         
00002cdb  copysign                      
00002cdb  copysignl                     
00002d0d  GPIOPinTypeSSI                
00002d23  GPIOPinTypeUART               
00002d39  strchr                        
00002d4f  UARTEnable                    
00002d63  strlen                        
00002d77  SSIDataGetNonBlocking         
00002d89  wcslen                        
00002d9b  __TI_decompress_none          
00002da9  SSIDataGet                    
00002db5  ResetISR                      
00002dc1  SSIDataPut                    
00002dcb  SSIEnable                     
00002dd5  UARTCharPut                   
00002de9  SSIBusy                       
00002df1  __aeabi_errno_addr            
00002df9  GPIOPinWrite                  
00002dff  SysCtlDelay                   
00002e05  _system_pre_init              
00002e09  C$$EXIT                       
00002e09  abort                         
00002e0c  _ctypes_                      
00003010  __TI_Handler_Table_Base       
0000301c  __TI_Handler_Table_Limit      
00003030  __TI_CINIT_Base               
00003040  __TI_CINIT_Limit              
20000000  __stack                       
20000000  __start___llvm_prf_cnts       
20000000  __stop___llvm_prf_cnts        
20000200  __STACK_TOP                   
20000fa0  __STACK_END                   
20000fa0  str                           
20000fb0  cardID                        
20000fbc  errno                         
ffffffff  __TI_pprof_out_hndl           
ffffffff  __TI_prof_data_size           
ffffffff  __TI_prof_data_start          
ffffffff  __binit__                     
ffffffff  __c_args__                    
ffffffff  binit                         
UNDEFED   __mpu_init                    
UNDEFED   _system_post_cinit            

[105 symbols]
