******************************************************************************
                  TI ARM Linker PC v20.2.7                     
******************************************************************************
>> Linked Mon Dec 18 18:46:03 2023

OUTPUT FILE NAME:   <FreeRTOSExample7.out>
ENTRY POINT SYMBOL: "_c_int00_noargs"  address: 00008e81


MEMORY CONFIGURATION

         name            origin    length      used     unused   attr    fill
----------------------  --------  ---------  --------  --------  ----  --------
  FLASH                 00000000   00040000  000095c2  00036a3e  R  X
  SRAM                  20000000   00008000  00006fdc  00001024  RW X


SEGMENT ALLOCATION MAP

run origin  load origin   length   init length attrs members
----------  ----------- ---------- ----------- ----- -------
00000000    00000000    000095c8   000095c8    r-x
  00000000    00000000    0000026c   0000026c    r-- .intvecs
  0000026c    0000026c    00008fce   00008fce    r-x .text
  0000923c    0000923c    00000318   00000318    r-- .const
  00009558    00009558    00000070   00000070    r-- .cinit
20000000    20000000    00006fdc   00000000    rw-
  20000000    20000000    000036b0   00000000    rw- .stack
  200036b0    200036b0    00002e10   00000000    rw- .bss
  200064c0    200064c0    000007d0   00000000    rw- .sysmem
  20006c90    20006c90    0000034c   00000000    rw- .data


SECTION ALLOCATION MAP

 output                                  attributes/
section   page    origin      length       input sections
--------  ----  ----------  ----------   ----------------
.intvecs   0    00000000    0000026c     
                  00000000    0000026c     tm4c123gh6pm_startup_ccs.obj (.intvecs)

.text      0    0000026c    00008fce     
                  0000026c    00001894     tasks.obj (.text)
                  00001b00    00000de4     freertos_demo.obj (.text)
                  000028e4    00000cd4     actions_api.obj (.text)
                  000035b8    00000c80     queue.obj (.text)
                  00004238    00000a4e     rtsv7M4_T_le_v4SPD16_eabi.lib : _printfi.c.obj (.text:__TI_printfi)
                  00004c86    00000002                                   : _lock.c.obj (.text:_nop)
                  00004c88    000007d0     rc522_api.obj (.text)
                  00005458    000005b4     queue_cards_api.obj (.text)
                  00005a0c    00000580     lcd_i2c_api.obj (.text)
                  00005f8c    000004dc     uartstdio.obj (.text)
                  00006468    00000400     heap_4.obj (.text)
                  00006868    0000027c     configure_peripherals_api.obj (.text)
                  00006ae4    00000270     rtsv7M4_T_le_v4SPD16_eabi.lib : _printfi.c.obj (.text:_pconv_a)
                  00006d54    000001d0                                   : _printfi.c.obj (.text:_pconv_g)
                  00006f24    000001c0     eeprom_api.obj (.text)
                  000070e4    000001b6     rtsv7M4_T_le_v4SPD16_eabi.lib : fd_add_t2.asm.obj (.text)
                  0000729a    00000002                                   : div0.asm.obj (.text)
                  0000729c    0000016c     driverlib.lib : gpio.obj (.text:GPIOPadConfigSet)
                  00007408    0000013c     rtsv7M4_T_le_v4SPD16_eabi.lib : _printfi.c.obj (.text:_pconv_e)
                  00007544    0000013c     port.obj (.text)
                  00007680    00000136     rtsv7M4_T_le_v4SPD16_eabi.lib : fd_div_t2.asm.obj (.text)
                  000077b6    0000012a     list.obj (.text)
                  000078e0    00000124     rtsv7M4_T_le_v4SPD16_eabi.lib : _printfi.c.obj (.text:fcvt)
                  00007a04    00000118     driverlib.lib : sysctl.obj (.text:SysCtlClockGet)
                  00007b1c    00000110     rtsv7M4_T_le_v4SPD16_eabi.lib : s_scalbn.c.obj (.text:scalbn)
                  00007c2c    00000108     uart_api.obj (.text)
                  00007d34    00000100     rtsv7M4_T_le_v4SPD16_eabi.lib : memory.c.obj (.text:aligned_alloc)
                  00007e34    000000fc                                   : fd_mul_t2.asm.obj (.text)
                  00007f30    000000f4     driverlib.lib : sysctl.obj (.text:SysCtlClockSet)
                  00008024    000000e4     rtsv7M4_T_le_v4SPD16_eabi.lib : memory.c.obj (.text:free)
                  00008108    000000da     portasm.obj (.text)
                  000081e2    00000002     --HOLE-- [fill = 0]
                  000081e4    000000c4     driverlib.lib : eeprom.obj (.text:EEPROMProgram)
                  000082a8    000000b1     rtsv7M4_T_le_v4SPD16_eabi.lib : _printfi.c.obj (.text:_ltostr)
                  00008359    00000003     --HOLE-- [fill = 0]
                  0000835c    000000a4     leds_buzzer_lock.obj (.text)
                  00008400    0000009c     rtsv7M4_T_le_v4SPD16_eabi.lib : memcpy_t2.asm.obj (.text)
                  0000849c    00000096                                   : ull_div_t2.asm.obj (.text)
                  00008532    00000086                                   : fd_cmp_t2.asm.obj (.text:__aeabi_cdcmple)
                  000085b8    00000086                                   : fd_cmp_t2.asm.obj (.text:__aeabi_cdrcmple)
                  0000863e    0000007a                                   : memset_t2.asm.obj (.text)
                  000086b8    00000070                                   : memory.c.obj (.text:split)
                  00008728    0000006e                                   : _printfi.c.obj (.text:_mcpy)
                  00008796    00000002     --HOLE-- [fill = 0]
                  00008798    00000068     driverlib.lib : interrupt.obj (.text:IntEnable)
                  00008800    00000068     rtsv7M4_T_le_v4SPD16_eabi.lib : copy_decompress_lzss.c.obj (.text:decompress:lzss:__TI_decompress_lzss)
                  00008868    00000064                                   : s_frexp.c.obj (.text:frexp)
                  000088cc    00000060     driverlib.lib : timer.obj (.text:TimerConfigure)
                  0000892c    00000056     rtsv7M4_T_le_v4SPD16_eabi.lib : _printfi.c.obj (.text:_pconv_f)
                  00008982    00000054                                   : _ltoa.c.obj (.text:__TI_ltoa)
                  000089d6    00000052                                   : _printfi.c.obj (.text:_ecpy)
                  00008a28    00000050     driverlib.lib : sysctl.obj (.text:SysCtlPeripheralReset)
                  00008a78    0000004c                   : gpio.obj (.text:GPIOPinConfigure)
                  00008ac4    0000004c                   : i2c.obj (.text:I2CMasterInitExpClk)
                  00008b10    0000004c     rtsv7M4_T_le_v4SPD16_eabi.lib : atoi.c.obj (.text:atoi)
                  00008b5c    00000048                                   : fd_toi_t2.asm.obj (.text)
                  00008ba4    00000046     driverlib.lib : uart.obj (.text:UARTConfigSetExpClk)
                  00008bea    00000002     --HOLE-- [fill = 0]
                  00008bec    00000044     rtsv7M4_T_le_v4SPD16_eabi.lib : autoinit.c.obj (.text:__TI_auto_init_nobinit_nopinit:__TI_auto_init_nobinit_nopinit)
                  00008c30    00000040     driverlib.lib : eeprom.obj (.text:EEPROMInit)
                  00008c70    00000040     rtsv7M4_T_le_v4SPD16_eabi.lib : u_divt2.asm.obj (.text)
                  00008cb0    00000040                                   : sprintf.c.obj (.text:sprintf)
                  00008cf0    0000003e                                   : _printfi.c.obj (.text:_fcpy)
                  00008d2e    0000003c     driverlib.lib : ssi.obj (.text:SSIConfigSetExpClk)
                  00008d6a    00000002     --HOLE-- [fill = 0]
                  00008d6c    0000003c                   : eeprom.obj (.text:_EEPROMSectorMaskSet)
                  00008da8    00000038                   : eeprom.obj (.text:EEPROMRead)
                  00008de0    00000036     rtsv7M4_T_le_v4SPD16_eabi.lib : strncpy.c.obj (.text:strncpy)
                  00008e16    00000002     --HOLE-- [fill = 0]
                  00008e18    00000034     driverlib.lib : sysctl.obj (.text:SysCtlPeripheralEnable)
                  00008e4c    00000034                   : eeprom.obj (.text:_EEPROMSectorMaskClear)
                  00008e80    00000034     rtsv7M4_T_le_v4SPD16_eabi.lib : boot_cortex_m.c.obj (.text:_c_int00_noargs:_c_int00_noargs)
                  00008eb4    0000002e                                   : i_tofd_t2.asm.obj (.text)
                  00008ee2    0000002c     driverlib.lib : gpio.obj (.text:GPIODirModeSet)
                  00008f0e    00000002     --HOLE-- [fill = 0]
                  00008f10    00000028     rtsv7M4_T_le_v4SPD16_eabi.lib : memory.c.obj (.text:free_list_insert)
                  00008f38    00000024                                   : memcmp.c.obj (.text:memcmp)
                  00008f5c    00000020     driverlib.lib : uart.obj (.text:UARTDisable)
                  00008f7c    0000001c     rtsv7M4_T_le_v4SPD16_eabi.lib : memory.c.obj (.text:free_list_remove)
                  00008f98    0000001c                                   : memccpy.c.obj (.text:memccpy)
                  00008fb4    0000001a     driverlib.lib : gpio.obj (.text:GPIOPinTypeGPIOOutput)
                  00008fce    0000001a     rtsv7M4_T_le_v4SPD16_eabi.lib : s_copysign.c.obj (.text:copysign)
                  00008fe8    00000018     driverlib.lib : timer.obj (.text:TimerDisable)
                  00009000    00000018     rtsv7M4_T_le_v4SPD16_eabi.lib : sprintf.c.obj (.text:_outs)
                  00009018    00000018                                   : strcmp.c.obj (.text:strcmp)
                  00009030    00000016     driverlib.lib : gpio.obj (.text:GPIOPinTypeGPIOInput)
                  00009046    00000016                   : gpio.obj (.text:GPIOPinTypeI2C)
                  0000905c    00000016                   : gpio.obj (.text:GPIOPinTypeI2CSCL)
                  00009072    00000016                   : gpio.obj (.text:GPIOPinTypeSSI)
                  00009088    00000016                   : gpio.obj (.text:GPIOPinTypeUART)
                  0000909e    00000016     rtsv7M4_T_le_v4SPD16_eabi.lib : strchr.c.obj (.text:strchr)
                  000090b4    00000014     driverlib.lib : uart.obj (.text:UARTEnable)
                  000090c8    00000014     rtsv7M4_T_le_v4SPD16_eabi.lib : strlen.c.obj (.text:strlen)
                  000090dc    00000012     driverlib.lib : ssi.obj (.text:SSIDataGetNonBlocking)
                  000090ee    00000012                   : timer.obj (.text:TimerLoadSet)
                  00009100    00000012     rtsv7M4_T_le_v4SPD16_eabi.lib : wcslen.c.obj (.text:wcslen)
                  00009112    00000010     driverlib.lib : interrupt.obj (.text:IntMasterEnable)
                  00009122    00000002     --HOLE-- [fill = 0]
                  00009124    00000010                   : eeprom.obj (.text:_EEPROMWaitForDone)
                  00009134    0000000e                   : timer.obj (.text:TimerEnable)
                  00009142    0000000e                   : uart.obj (.text:UARTCharGetNonBlocking)
                  00009150    0000000e                   : uart.obj (.text:UARTCharsAvail)
                  0000915e    0000000e     rtsv7M4_T_le_v4SPD16_eabi.lib : copy_decompress_none.c.obj (.text:decompress:none:__TI_decompress_none)
                  0000916c    0000000c     driverlib.lib : cpu.obj (.text:CPUcpsie)
                  00009178    0000000c                   : ssi.obj (.text:SSIDataGet)
                  00009184    0000000c     rtsv7M4_T_le_v4SPD16_eabi.lib : copy_zero_init.c.obj (.text:decompress:ZI:__TI_zero_init)
                  00009190    0000000c     tm4c123gh6pm_startup_ccs.obj (.text)
                  0000919c    0000000a     driverlib.lib : i2c.obj (.text:I2CMasterEnable)
                  000091a6    0000000a                   : ssi.obj (.text:SSIDataPut)
                  000091b0    0000000a                   : ssi.obj (.text:SSIEnable)
                  000091ba    0000000a                   : uart.obj (.text:UARTCharPut)
                  000091c4    0000000a                   : uart.obj (.text:UARTIntStatus)
                  000091ce    0000000a     rtsv7M4_T_le_v4SPD16_eabi.lib : sprintf.c.obj (.text:_outc)
                  000091d8    00000008     driverlib.lib : i2c.obj (.text:I2CMasterBusy)
                  000091e0    00000008                   : i2c.obj (.text:I2CMasterSlaveAddrSet)
                  000091e8    00000008                   : ssi.obj (.text:SSIBusy)
                  000091f0    00000008                   : timer.obj (.text:TimerIntEnable)
                  000091f8    00000008                   : uart.obj (.text:UARTIntEnable)
                  00009200    00000008     rtsv7M4_T_le_v4SPD16_eabi.lib : errno.c.obj (.text:__aeabi_errno_addr)
                  00009208    00000008                                   : memory.c.obj (.text:malloc)
                  00009210    00000006     driverlib.lib : gpio.obj (.text:GPIOPinWrite)
                  00009216    00000006                   : sysctl.obj (.text:SysCtlDelay)
                  0000921c    00000006                   : uart.obj (.text:UARTClockSourceSet)
                  00009222    00000004                   : i2c.obj (.text:I2CMasterControl)
                  00009226    00000004                   : i2c.obj (.text:I2CMasterDataPut)
                  0000922a    00000004                   : timer.obj (.text:TimerIntClear)
                  0000922e    00000004                   : uart.obj (.text:UARTIntClear)
                  00009232    00000004     rtsv7M4_T_le_v4SPD16_eabi.lib : pre_init.c.obj (.text:_system_pre_init)
                  00009236    00000004                                   : exit.c.obj (.text:abort:abort)

.const     0    0000923c    00000318     
                  0000923c    00000101     rtsv7M4_T_le_v4SPD16_eabi.lib : ctype.c.obj (.const:.string:_ctypes_)
                  0000933d    00000003     --HOLE-- [fill = 0]
                  00009340    00000090     driverlib.lib : gpio.obj (.const:g_pui32GPIOBaseAddrs)
                  000093d0    0000006c                   : sysctl.obj (.const:g_pui32Xtals)
                  0000943c    00000019     actions_api.obj (.const:.string:$P$T4$5)
                  00009455    00000015     queue_cards_api.obj (.const:.string:$P$T1$2)
                  0000946a    00000002     --HOLE-- [fill = 0]
                  0000946c    00000014     driverlib.lib : interrupt.obj (.const:g_pui32EnRegs)
                  00009480    00000012     uartstdio.obj (.const:.string)
                  00009492    00000011     actions_api.obj (.const:.string:$P$T5$6)
                  000094a3    0000000f     actions_api.obj (.const:.string:$P$T1$2)
                  000094b2    0000000f     actions_api.obj (.const:.string:$P$T2$3)
                  000094c1    0000000e     actions_api.obj (.const:.string:$P$T0$1)
                  000094cf    0000000e     queue_cards_api.obj (.const:.string:$P$T0$1)
                  000094dd    0000000c     actions_api.obj (.const:.string:$P$T3$4)
                  000094e9    0000000c     freertos_demo.obj (.const:.string:$P$T3$4)
                  000094f5    00000003     --HOLE-- [fill = 0]
                  000094f8    0000000c     uartstdio.obj (.const:g_ui32UARTBase)
                  00009504    0000000c     uartstdio.obj (.const:g_ui32UARTPeriph)
                  00009510    0000000a     rc522_api.obj (.const:.string:$P$T0$1)
                  0000951a    00000009     freertos_demo.obj (.const:.string:$P$T0$1)
                  00009523    00000009     freertos_demo.obj (.const:.string:$P$T2$3)
                  0000952c    00000008     freertos_demo.obj (.const:.string:$P$T1$2)
                  00009534    00000008     leds_buzzer_lock.obj (.const:ledPin)
                  0000953c    00000008     leds_buzzer_lock.obj (.const:ledPort)
                  00009544    00000005     freertos_demo.obj (.const:.string:$P$T4$5)
                  00009549    00000003     --HOLE-- [fill = 0]
                  0000954c    00000004     port.obj (.const)
                  00009550    00000004     uartstdio.obj (.const)

.cinit     0    00009558    00000070     
                  00009558    00000047     (.cinit..data.load) [load image, compression = lzss]
                  0000959f    00000001     --HOLE-- [fill = 0]
                  000095a0    0000000c     (__TI_handler_table)
                  000095ac    00000004     --HOLE-- [fill = 0]
                  000095b0    00000008     (.cinit..bss.load) [load image, compression = zero_init]
                  000095b8    00000010     (__TI_cinit_table)

.init_array 
*          0    00000000    00000000     UNINITIALIZED

.stack     0    20000000    000036b0     UNINITIALIZED
                  20000000    00000004     rtsv7M4_T_le_v4SPD16_eabi.lib : boot_cortex_m.c.obj (.stack)
                  20000004    000036ac     --HOLE--

.bss       0    200036b0    00002e10     UNINITIALIZED
                  200036b0    00002710     heap_4.obj (.bss:ucHeap)
                  20005dc0    00000464     (.common:cardQueueForEEPROM)
                  20006224    00000140     tasks.obj (.bss:pxReadyTasksLists)
                  20006364    00000050     (.common:xQueueRegistry)
                  200063b4    00000038     (.common:cardNeedToDo)
                  200063ec    00000038     (.common:verifiedCard)
                  20006424    00000014     tasks.obj (.bss:xDelayedTaskList1)
                  20006438    00000014     tasks.obj (.bss:xDelayedTaskList2)
                  2000644c    00000014     tasks.obj (.bss:xPendingReadyList)
                  20006460    00000014     tasks.obj (.bss:xSuspendedTaskList)
                  20006474    00000014     tasks.obj (.bss:xTasksWaitingTermination)
                  20006488    00000008     tasks.obj (.bss)
                  20006490    00000008     heap_4.obj (.bss:xStart)
                  20006498    00000004     (.common:bAcceptEventSemaphore_)
                  2000649c    00000004     (.common:bDispatchEventSemaphore_)
                  200064a0    00000004     (.common:bTimerEventSemaphore_)
                  200064a4    00000004     (.common:gAcceptEventSemaphore_)
                  200064a8    00000004     (.common:gDispatchEventSemaphore_)
                  200064ac    00000004     (.common:gTimerEventSemaphore_)
                  200064b0    00000004     (.common:gUARTEventSemaphore_)
                  200064b4    00000004     (.common:switchBareEventSemaphore_)
                  200064b8    00000004     (.common:switchGUIEventSemaphore_)
                  200064bc    00000002     (.common:bFSM_)
                  200064be    00000002     (.common:gFSM_)

.sysmem    0    200064c0    000007d0     UNINITIALIZED
                  200064c0    00000010     rtsv7M4_T_le_v4SPD16_eabi.lib : memory.c.obj (.sysmem)
                  200064d0    000007c0     --HOLE--

.data      0    20006c90    0000034c     UNINITIALIZED
                  20006c90    00000190     actions_api.obj (.data:authorizedCardUUIDs)
                  20006e20    0000003c     uart_api.obj (.data:mainFrame)
                  20006e5c    0000003c     uart_api.obj (.data:rawReceivedFrame)
                  20006e98    0000003c     actions_api.obj (.data:receivedFrame)
                  20006ed4    00000034     tasks.obj (.data)
                  20006f08    00000020     eeprom_api.obj (.data:result)
                  20006f28    00000018     lcd_i2c_api.obj (.data:lcd_i2c_geometry_20x4)
                  20006f40    00000014     actions_api.obj (.data:cardUUID4Bytes)
                  20006f54    00000014     heap_4.obj (.data)
                  20006f68    00000010     lcd_i2c_api.obj (.data:lcd_i2c_geometries)
                  20006f78    00000010     lcd_i2c_api.obj (.data:lcd_i2c_geometry_16x2)
                  20006f88    00000010     actions_api.obj (.data:str)
                  20006f98    0000000c     lcd_i2c_api.obj (.data:lcd_i2c_geometry_8x1)
                  20006fa4    00000008     rtsv7M4_T_le_v4SPD16_eabi.lib : _lock.c.obj (.data:$O1$$)
                  20006fac    00000008                                   : memory.c.obj (.data:$O1$$)
                  20006fb4    00000008     actions_api.obj (.data)
                  20006fbc    00000005     actions_api.obj (.data:cardUUID)
                  20006fc1    00000001     timer_handler_api.obj (.data)
                  20006fc2    00000001     uart_api.obj (.data)
                  20006fc3    00000001     --HOLE--
                  20006fc4    00000005     uartstdio.obj (.data)
                  20006fc9    00000003     --HOLE--
                  20006fcc    00000004     freertos_demo.obj (.data)
                  20006fd0    00000004     actions_api.obj (.data:idBytes)
                  20006fd4    00000004     port.obj (.data)
                  20006fd8    00000004     rtsv7M4_T_le_v4SPD16_eabi.lib : errno.c.obj (.data)

__llvm_prf_cnts 
*          0    20000000    00000000     UNINITIALIZED

MODULE SUMMARY

       Module                          code    ro data   rw data
       ------                          ----    -------   -------
    .\
       tm4c123gh6pm_startup_ccs.obj    12      620       0      
    +--+-------------------------------+-------+---------+---------+
       Total:                          12      620       0      
                                                                
    .\Application\
       freertos_demo.obj               3556    43        40     
    +--+-------------------------------+-------+---------+---------+
       Total:                          3556    43        40     
                                                                
    .\FreeRTOSSource\
       heap_4.obj                      1024    0         10028  
       tasks.obj                       6292    0         480    
       queue.obj                       3200    0         80     
       port.obj                        316     4         4      
       list.obj                        298     0         0      
       portasm.obj                     218     0         0      
    +--+-------------------------------+-------+---------+---------+
       Total:                          11348   4         10592  
                                                                
    .\drivers\
       uartstdio.obj                   1244    46        5      
    +--+-------------------------------+-------+---------+---------+
       Total:                          1244    46        5      
                                                                
    .\my_libs\src\
       actions_api.obj                 3284    98        569    
       queue_cards_api.obj             1460    35        1180   
       rc522_api.obj                   2000    10        0      
       lcd_i2c_api.obj                 1408    0         68     
       configure_peripherals_api.obj   636     0         0      
       eeprom_api.obj                  448     0         32     
       uart_api.obj                    264     0         121    
       leds_buzzer_lock.obj            164     16        0      
       system_FSM_api.obj              0       0         4      
       timer_handler_api.obj           0       0         1      
    +--+-------------------------------+-------+---------+---------+
       Total:                          9664    159       1975   
                                                                
    E:/Apps/ti/TivaWare_C_Series-2.2.0.295/driverlib/ccs/Debug/driverlib.lib
       gpio.obj                        626     144       0      
       sysctl.obj                      662     108       0      
       eeprom.obj                      444     0         0      
       uart.obj                        188     0         0      
       timer.obj                       164     0         0      
       interrupt.obj                   120     20        0      
       ssi.obj                         118     0         0      
       i2c.obj                         110     0         0      
       cpu.obj                         12      0         0      
    +--+-------------------------------+-------+---------+---------+
       Total:                          2444    272       0      
                                                                
    E:\Apps\ti\ccs1250\ccs\tools\compiler\ti-cgt-arm_20.2.7.LTS\lib\rtsv7M4_T_le_v4SPD16_eabi.lib
       _printfi.c.obj                  4851    0         0      
       memory.c.obj                    672     0         8      
       fd_add_t2.asm.obj               438     0         0      
       fd_div_t2.asm.obj               310     0         0      
       s_scalbn.c.obj                  272     0         0      
       fd_cmp_t2.asm.obj               268     0         0      
       ctype.c.obj                     0       257       0      
       fd_mul_t2.asm.obj               252     0         0      
       memcpy_t2.asm.obj               156     0         0      
       ull_div_t2.asm.obj              150     0         0      
       memset_t2.asm.obj               122     0         0      
       copy_decompress_lzss.c.obj      104     0         0      
       s_frexp.c.obj                   100     0         0      
       sprintf.c.obj                   98      0         0      
       _ltoa.c.obj                     84      0         0      
       atoi.c.obj                      76      0         0      
       fd_toi_t2.asm.obj               72      0         0      
       autoinit.c.obj                  68      0         0      
       u_divt2.asm.obj                 64      0         0      
       strncpy.c.obj                   54      0         0      
       boot_cortex_m.c.obj             52      0         0      
       i_tofd_t2.asm.obj               46      0         0      
       memcmp.c.obj                    36      0         0      
       memccpy.c.obj                   28      0         0      
       s_copysign.c.obj                26      0         0      
       strcmp.c.obj                    24      0         0      
       strchr.c.obj                    22      0         0      
       strlen.c.obj                    20      0         0      
       wcslen.c.obj                    18      0         0      
       copy_decompress_none.c.obj      14      0         0      
       copy_zero_init.c.obj            12      0         0      
       errno.c.obj                     8       0         4      
       _lock.c.obj                     2       0         8      
       exit.c.obj                      4       0         0      
       pre_init.c.obj                  4       0         0      
       div0.asm.obj                    2       0         0      
    +--+-------------------------------+-------+---------+---------+
       Total:                          8529    257       20     
                                                                
       Heap:                           0       0         2000   
       Stack:                          0       0         14000  
       Linker Generated:               0       107       0      
    +--+-------------------------------+-------+---------+---------+
       Grand Total:                    36797   1508      28632  


LINKER GENERATED COPY TABLES

__TI_cinit_table @ 000095b8 records: 2, size/record: 8, table size: 16
	.data: load addr=00009558, load size=00000047 bytes, run addr=20006c90, run size=0000034c bytes, compression=lzss
	.bss: load addr=000095b0, load size=00000008 bytes, run addr=200036b0, run size=00002e10 bytes, compression=zero_init


LINKER GENERATED HANDLER TABLE

__TI_handler_table @ 000095a0 records: 3, size/record: 4, table size: 12
	index: 0, handler: __TI_decompress_lzss
	index: 1, handler: __TI_decompress_none
	index: 2, handler: __TI_zero_init


GLOBAL SYMBOLS: SORTED ALPHABETICALLY BY Name 

address   name                               
-------   ----                               
00009237  C$$EXIT                            
0000916d  CPUcpsie                           
00008c31  EEPROMInit                         
000081e5  EEPROMProgram                      
00008da9  EEPROMRead                         
00008ee3  GPIODirModeSet                     
0000729d  GPIOPadConfigSet                   
00008a79  GPIOPinConfigure                   
00009031  GPIOPinTypeGPIOInput               
00008fb5  GPIOPinTypeGPIOOutput              
00009047  GPIOPinTypeI2C                     
0000905d  GPIOPinTypeI2CSCL                  
00009073  GPIOPinTypeSSI                     
00009089  GPIOPinTypeUART                    
00009211  GPIOPinWrite                       
00001d1d  GUITask                            
000091d9  I2CMasterBusy                      
00009223  I2CMasterControl                   
00009227  I2CMasterDataPut                   
0000919d  I2CMasterEnable                    
00008ac5  I2CMasterInitExpClk                
000091e1  I2CMasterSlaveAddrSet              
00008799  IntEnable                          
00009113  IntMasterEnable                    
00009191  ResetISR                           
000091e9  SSIBusy                            
00008d2f  SSIConfigSetExpClk                 
00009179  SSIDataGet                         
000090dd  SSIDataGetNonBlocking              
000091a7  SSIDataPut                         
000091b1  SSIEnable                          
00007a05  SysCtlClockGet                     
00007f31  SysCtlClockSet                     
00009217  SysCtlDelay                        
00008e19  SysCtlPeripheralEnable             
00008a29  SysCtlPeripheralReset              
000088cd  TimerConfigure                     
00008fe9  TimerDisable                       
00009135  TimerEnable                        
0000922b  TimerIntClear                      
000091f1  TimerIntEnable                     
000090ef  TimerLoadSet                       
00009143  UARTCharGetNonBlocking             
000091bb  UARTCharPut                        
00009151  UARTCharsAvail                     
0000921d  UARTClockSourceSet                 
00008ba5  UARTConfigSetExpClk                
00008f5d  UARTDisable                        
000090b5  UARTEnable                         
0000922f  UARTIntClear                       
000091f9  UARTIntEnable                      
00007c71  UARTIntHandler                     
000091c5  UARTIntStatus                      
00005f8d  UARTStdioConfig                    
00007c2d  UARTStringPut                      
00001be1  UARTTask                           
00006105  UARTgetc                           
0000603f  UARTgets                           
00006433  UARTprintf                         
00006139  UARTvprintf                        
00005fed  UARTwrite                          
200036b0  __STACK_END                        
000036b0  __STACK_SIZE                       
20000200  __STACK_TOP                        
000007d0  __SYSMEM_SIZE                      
000095b8  __TI_CINIT_Base                    
000095c8  __TI_CINIT_Limit                   
000095a0  __TI_Handler_Table_Base            
000095ac  __TI_Handler_Table_Limit           
00008bed  __TI_auto_init_nobinit_nopinit     
00008801  __TI_decompress_lzss               
0000915f  __TI_decompress_none               
00008983  __TI_ltoa                          
ffffffff  __TI_pprof_out_hndl                
00004239  __TI_printfi                       
ffffffff  __TI_prof_data_size                
ffffffff  __TI_prof_data_start               
00000000  __TI_static_base__                 
00009185  __TI_zero_init                     
00008533  __aeabi_cdcmpeq                    
00008533  __aeabi_cdcmple                    
000085b9  __aeabi_cdrcmple                   
00008b5d  __aeabi_d2iz                       
000070ef  __aeabi_dadd                       
00007681  __aeabi_ddiv                       
00007e35  __aeabi_dmul                       
000070e5  __aeabi_dsub                       
00009201  __aeabi_errno_addr                 
00008eb5  __aeabi_i2d                        
0000729b  __aeabi_idiv0                      
0000729b  __aeabi_ldiv0                      
0000863f  __aeabi_memclr                     
0000863f  __aeabi_memclr4                    
0000863f  __aeabi_memclr8                    
00008401  __aeabi_memcpy                     
00008401  __aeabi_memcpy4                    
00008401  __aeabi_memcpy8                    
00008641  __aeabi_memset                     
00008641  __aeabi_memset4                    
00008641  __aeabi_memset8                    
00008c71  __aeabi_uidiv                      
00008c71  __aeabi_uidivmod                   
0000849d  __aeabi_uldivmod                   
ffffffff  __binit__                          
ffffffff  __c_args__                         
UNDEFED   __mpu_init                         
20000000  __stack                            
20000000  __start___llvm_prf_cnts            
20000000  __stop___llvm_prf_cnts             
00008e81  _c_int00_noargs                    
0000923c  _ctypes_                           
20006fa4  _lock                              
00004c87  _nop                               
200064c0  _sys_memory                        
UNDEFED   _system_post_cinit                 
00009233  _system_pre_init                   
20006fa8  _unlock                            
00009237  abort                              
00007d35  aligned_alloc                      
00008b11  atoi                               
20006c90  authorizedCardUUIDs                
00002db5  bACKAdded                          
00002d5d  bACKRequestAction                  
00002e29  bACKUpdated                        
20006498  bAcceptEventSemaphore_             
2000649c  bDispatchEventSemaphore_           
200064bc  bFSM_                              
00002a73  bFailAction                        
00002e59  bNACKAction                        
00002a39  bPassAction                        
000029bf  bPollingAction                     
00002ad7  bReceiveAction                     
00002c8d  bRemoveAction                      
00002f01  bStartTimeOut                      
00002aad  bStopAction                        
00002b65  bSyncAction                        
200064a0  bTimerEventSemaphore_              
000021ad  bTimerTask                         
00002cf1  bUpdateAction                      
000028e5  bVerifyAction                      
00002c19  bWriteAction                       
000021fd  bareTask                           
ffffffff  binit                              
000083ad  buzzerControl                      
200063b4  cardNeedToDo                       
20005dc0  cardQueueForEEPROM                 
20006fbc  cardUUID                           
20006f40  cardUUID4Bytes                     
000059c1  checkCardIsDuplicated              
00008fcf  copysign                           
00008fcf  copysignl                          
00005575  dequeueCard                        
20006fb4  detectedFlag                       
000005dd  eTaskGetState                      
000054f7  enqueueCard                        
20006fd8  errno                              
00008025  free                               
00008869  frexp                              
00008869  frexpl                             
20006fb5  funnctionalCode                    
200064a4  gAcceptEventSemaphore_             
200064a8  gDispatchEventSemaphore_           
200064be  gFSM_                              
200064ac  gTimerEventSemaphore_              
00001bb3  gTimerTask                         
200064b0  gUARTEventSemaphore_               
00000000  g_pfnVectors                       
0000572f  getAuthorizedCardsUUID             
000056b5  getCardFromUUID                    
20006fd0  idBytes                            
000068bd  initBuzzer                         
00005459  initCard                           
00005481  initCardQueue                      
00006a39  initConsole                        
00006947  initI2C                            
0000689b  initLEDs                           
000068b1  initLock                           
00006869  initPeriphs                        
00005311  initRC522                          
0000698f  initSPI                            
00002555  initTasks                          
00002747  initTestLED                        
000068c9  initTimer                          
000069f9  initUART                           
20006fcc  lcd                                
00005d1d  lcdFlush                           
00005f29  lcdInit                            
00005e67  lcdPrint                           
00005ea1  lcdSetBackLight                    
00005ef5  lcdSetCursorBlink                  
00005f0f  lcdSetCursorDisplay                
00005e7f  lcdSetGeometry                     
00005dd1  lcdWrite                           
20006f68  lcd_i2c_geometries                 
00007b1d  ldexp                              
00007b1d  ldexpl                             
0000835d  ledControl                         
00009534  ledPin                             
0000953c  ledPort                            
00006f25  loadCardsFromEEPROM                
000083d1  lockControl                        
00002761  main                               
20006e20  mainFrame                          
00009209  malloc                             
00007d35  memalign                           
00008f99  memccpy                            
00008f39  memcmp                             
00008401  memcpy                             
00008647  memset                             
00002fe9  normalDisplay                      
00003211  parseDataInFrame                   
00003075  parseFirstFrameInRawData           
00003021  passDisplay                        
000041ad  pcQueueGetName                     
00000ba3  pcTaskGetName                      
00002381  pollingTask                        
000055df  printAllCards                      
00006615  pvPortCalloc                       
00006469  pvPortMalloc                       
0000161f  pvTaskIncrementMutexHeldCount      
20006ed4  pxCurrentTCB                       
00007545  pxPortInitialiseStack              
20006e5c  rawReceivedFrame                   
00004fbd  rc522Anticoll                      
00005169  rc522Auth                          
00004d3d  rc522Check                         
00004db3  rc522Request                       
00005385  rc522Reset                         
000050d7  rc522SelectTag                     
00005227  rc522WriteBlock                    
00004cd3  rc522WriteRaw                      
20006e98  receivedFrame                      
20006fc2  receivedFrameIndex                 
20006fb8  receivedFrameLength                
00005795  removeCard                         
20006f08  result                             
00007021  saveCardsToEEPROM                  
00007b1d  scalbn                             
00007b1d  scalbnl                            
00008cb1  sprintf                            
20006f88  str                                
0000909f  strchr                             
00009019  strcmp                             
000090c9  strlen                             
00008de1  strncpy                            
200064b4  switchBareEventSemaphore_          
200064b8  switchGUIEventSemaphore_           
20006fc1  tRaised_                           
00001b85  timerAUIntHandler                  
00001b45  timerUIntHandler                   
00001b65  timerWIntHandler                   
00003f11  ucQueueGetQueueType                
0000954c  ulMaxSyscallInterruptPriority      
00008119  ulPortGetIPSR                      
0000163d  ulTaskNotifyTake                   
00005933  updateCardBaseOnUUID               
00007899  uxListRemove                       
00003ef1  uxQueueGetQueueNumber              
00003e93  uxQueueMessagesWaiting             
00003ec9  uxQueueMessagesWaitingFromISR      
00003ea9  uxQueueSpacesAvailable             
00000b9d  uxTaskGetNumberOfTasks             
00001309  uxTaskGetStackHighWaterMark        
00000bc9  uxTaskGetSystemState               
00001099  uxTaskGetTaskNumber                
00000671  uxTaskPriorityGet                  
000006a1  uxTaskPriorityGetFromISR           
000015fd  uxTaskResetEventItemValue          
00001b3b  vApplicationStackOverflowHook      
000077b7  vListInitialise                    
000077e7  vListInitialiseItem                
00007833  vListInsert                        
000077f7  vListInsertEnd                     
000081d5  vPortEnableVFP                     
000075e5  vPortEndScheduler                  
000075e7  vPortEnterCritical                 
00007607  vPortExitCritical                  
000065ad  vPortFree                          
000067a1  vPortGetHeapStats                  
00006613  vPortInitialiseBlocks              
00008191  vPortSVCHandler                    
00007643  vPortSetupTimerInterrupt           
000081b1  vPortStartFirstTask                
0000416b  vQueueAddToRegistry                
00003edb  vQueueDelete                       
00003eff  vQueueSetQueueNumber               
000041ed  vQueueUnregisterQueue              
000005a1  vTaskDelay                         
00000511  vTaskDelayUntil                    
00000463  vTaskDelete                        
00000a63  vTaskEndScheduler                  
00001179  vTaskGetInfo                       
00000fe7  vTaskInternalSetTimeOutState       
0000108d  vTaskMissedYield                   
00001959  vTaskNotifyGiveFromISR             
00000e8b  vTaskPlaceOnEventList              
00000ea7  vTaskPlaceOnUnorderedEventList     
0000152b  vTaskPriorityDisinheritAfterTimeout
000006ed  vTaskPrioritySet                   
00000f61  vTaskRemoveFromUnorderedEventList  
00000911  vTaskResume                        
000010b9  vTaskSetTaskNumber                 
00000fc9  vTaskSetTimeOutState               
00000a19  vTaskStartScheduler                
00000805  vTaskSuspend                       
00000a7f  vTaskSuspendAll                    
00000de9  vTaskSwitchContext                 
200063ec  verifiedCard                       
00003005  warningDisplay                     
00009101  wcslen                             
00006607  xPortGetFreeHeapSize               
0000660d  xPortGetMinimumEverFreeHeapSize    
00008131  xPortPendSVHandler                 
000075af  xPortStartScheduler                
0000761d  xPortSysTickHandler                
00003711  xQueueCreateMutex                  
00003657  xQueueGenericCreate                
000035b9  xQueueGenericReset                 
000037bd  xQueueGenericSend                  
000038eb  xQueueGenericSendFromISR           
00003985  xQueueGiveFromISR                  
0000373d  xQueueGiveMutexRecursive           
00004107  xQueueIsQueueEmptyFromISR          
00004149  xQueueIsQueueFullFromISR           
00003c89  xQueuePeek                         
00003e41  xQueuePeekFromISR                  
00003a17  xQueueReceive                      
00003da9  xQueueReceiveFromISR               
20006364  xQueueRegistry                     
00003b31  xQueueSemaphoreTake                
00003779  xQueueTakeMutexRecursive           
00001009  xTaskCheckForTimeOut               
0000026d  xTaskCreate                        
0000175f  xTaskGenericNotify                 
00001849  xTaskGenericNotifyFromISR          
0000137d  xTaskGetCurrentTaskHandle          
00000b75  xTaskGetTickCount                  
00000b89  xTaskGetTickCountFromISR           
00000cbd  xTaskIncrementTick                 
00001a07  xTaskNotifyStateClear              
000016b9  xTaskNotifyWait                    
0000148f  xTaskPriorityDisinherit            
000013b1  xTaskPriorityInherit               
00000ee1  xTaskRemoveFromEventList           
00000a91  xTaskResumeAll                     
00000989  xTaskResumeFromISR                 


GLOBAL SYMBOLS: SORTED BY Symbol Address 

address   name                               
-------   ----                               
00000000  __TI_static_base__                 
00000000  g_pfnVectors                       
0000026d  xTaskCreate                        
00000463  vTaskDelete                        
00000511  vTaskDelayUntil                    
000005a1  vTaskDelay                         
000005dd  eTaskGetState                      
00000671  uxTaskPriorityGet                  
000006a1  uxTaskPriorityGetFromISR           
000006ed  vTaskPrioritySet                   
000007d0  __SYSMEM_SIZE                      
00000805  vTaskSuspend                       
00000911  vTaskResume                        
00000989  xTaskResumeFromISR                 
00000a19  vTaskStartScheduler                
00000a63  vTaskEndScheduler                  
00000a7f  vTaskSuspendAll                    
00000a91  xTaskResumeAll                     
00000b75  xTaskGetTickCount                  
00000b89  xTaskGetTickCountFromISR           
00000b9d  uxTaskGetNumberOfTasks             
00000ba3  pcTaskGetName                      
00000bc9  uxTaskGetSystemState               
00000cbd  xTaskIncrementTick                 
00000de9  vTaskSwitchContext                 
00000e8b  vTaskPlaceOnEventList              
00000ea7  vTaskPlaceOnUnorderedEventList     
00000ee1  xTaskRemoveFromEventList           
00000f61  vTaskRemoveFromUnorderedEventList  
00000fc9  vTaskSetTimeOutState               
00000fe7  vTaskInternalSetTimeOutState       
00001009  xTaskCheckForTimeOut               
0000108d  vTaskMissedYield                   
00001099  uxTaskGetTaskNumber                
000010b9  vTaskSetTaskNumber                 
00001179  vTaskGetInfo                       
00001309  uxTaskGetStackHighWaterMark        
0000137d  xTaskGetCurrentTaskHandle          
000013b1  xTaskPriorityInherit               
0000148f  xTaskPriorityDisinherit            
0000152b  vTaskPriorityDisinheritAfterTimeout
000015fd  uxTaskResetEventItemValue          
0000161f  pvTaskIncrementMutexHeldCount      
0000163d  ulTaskNotifyTake                   
000016b9  xTaskNotifyWait                    
0000175f  xTaskGenericNotify                 
00001849  xTaskGenericNotifyFromISR          
00001959  vTaskNotifyGiveFromISR             
00001a07  xTaskNotifyStateClear              
00001b3b  vApplicationStackOverflowHook      
00001b45  timerUIntHandler                   
00001b65  timerWIntHandler                   
00001b85  timerAUIntHandler                  
00001bb3  gTimerTask                         
00001be1  UARTTask                           
00001d1d  GUITask                            
000021ad  bTimerTask                         
000021fd  bareTask                           
00002381  pollingTask                        
00002555  initTasks                          
00002747  initTestLED                        
00002761  main                               
000028e5  bVerifyAction                      
000029bf  bPollingAction                     
00002a39  bPassAction                        
00002a73  bFailAction                        
00002aad  bStopAction                        
00002ad7  bReceiveAction                     
00002b65  bSyncAction                        
00002c19  bWriteAction                       
00002c8d  bRemoveAction                      
00002cf1  bUpdateAction                      
00002d5d  bACKRequestAction                  
00002db5  bACKAdded                          
00002e29  bACKUpdated                        
00002e59  bNACKAction                        
00002f01  bStartTimeOut                      
00002fe9  normalDisplay                      
00003005  warningDisplay                     
00003021  passDisplay                        
00003075  parseFirstFrameInRawData           
00003211  parseDataInFrame                   
000035b9  xQueueGenericReset                 
00003657  xQueueGenericCreate                
000036b0  __STACK_SIZE                       
00003711  xQueueCreateMutex                  
0000373d  xQueueGiveMutexRecursive           
00003779  xQueueTakeMutexRecursive           
000037bd  xQueueGenericSend                  
000038eb  xQueueGenericSendFromISR           
00003985  xQueueGiveFromISR                  
00003a17  xQueueReceive                      
00003b31  xQueueSemaphoreTake                
00003c89  xQueuePeek                         
00003da9  xQueueReceiveFromISR               
00003e41  xQueuePeekFromISR                  
00003e93  uxQueueMessagesWaiting             
00003ea9  uxQueueSpacesAvailable             
00003ec9  uxQueueMessagesWaitingFromISR      
00003edb  vQueueDelete                       
00003ef1  uxQueueGetQueueNumber              
00003eff  vQueueSetQueueNumber               
00003f11  ucQueueGetQueueType                
00004107  xQueueIsQueueEmptyFromISR          
00004149  xQueueIsQueueFullFromISR           
0000416b  vQueueAddToRegistry                
000041ad  pcQueueGetName                     
000041ed  vQueueUnregisterQueue              
00004239  __TI_printfi                       
00004c87  _nop                               
00004cd3  rc522WriteRaw                      
00004d3d  rc522Check                         
00004db3  rc522Request                       
00004fbd  rc522Anticoll                      
000050d7  rc522SelectTag                     
00005169  rc522Auth                          
00005227  rc522WriteBlock                    
00005311  initRC522                          
00005385  rc522Reset                         
00005459  initCard                           
00005481  initCardQueue                      
000054f7  enqueueCard                        
00005575  dequeueCard                        
000055df  printAllCards                      
000056b5  getCardFromUUID                    
0000572f  getAuthorizedCardsUUID             
00005795  removeCard                         
00005933  updateCardBaseOnUUID               
000059c1  checkCardIsDuplicated              
00005d1d  lcdFlush                           
00005dd1  lcdWrite                           
00005e67  lcdPrint                           
00005e7f  lcdSetGeometry                     
00005ea1  lcdSetBackLight                    
00005ef5  lcdSetCursorBlink                  
00005f0f  lcdSetCursorDisplay                
00005f29  lcdInit                            
00005f8d  UARTStdioConfig                    
00005fed  UARTwrite                          
0000603f  UARTgets                           
00006105  UARTgetc                           
00006139  UARTvprintf                        
00006433  UARTprintf                         
00006469  pvPortMalloc                       
000065ad  vPortFree                          
00006607  xPortGetFreeHeapSize               
0000660d  xPortGetMinimumEverFreeHeapSize    
00006613  vPortInitialiseBlocks              
00006615  pvPortCalloc                       
000067a1  vPortGetHeapStats                  
00006869  initPeriphs                        
0000689b  initLEDs                           
000068b1  initLock                           
000068bd  initBuzzer                         
000068c9  initTimer                          
00006947  initI2C                            
0000698f  initSPI                            
000069f9  initUART                           
00006a39  initConsole                        
00006f25  loadCardsFromEEPROM                
00007021  saveCardsToEEPROM                  
000070e5  __aeabi_dsub                       
000070ef  __aeabi_dadd                       
0000729b  __aeabi_idiv0                      
0000729b  __aeabi_ldiv0                      
0000729d  GPIOPadConfigSet                   
00007545  pxPortInitialiseStack              
000075af  xPortStartScheduler                
000075e5  vPortEndScheduler                  
000075e7  vPortEnterCritical                 
00007607  vPortExitCritical                  
0000761d  xPortSysTickHandler                
00007643  vPortSetupTimerInterrupt           
00007681  __aeabi_ddiv                       
000077b7  vListInitialise                    
000077e7  vListInitialiseItem                
000077f7  vListInsertEnd                     
00007833  vListInsert                        
00007899  uxListRemove                       
00007a05  SysCtlClockGet                     
00007b1d  ldexp                              
00007b1d  ldexpl                             
00007b1d  scalbn                             
00007b1d  scalbnl                            
00007c2d  UARTStringPut                      
00007c71  UARTIntHandler                     
00007d35  aligned_alloc                      
00007d35  memalign                           
00007e35  __aeabi_dmul                       
00007f31  SysCtlClockSet                     
00008025  free                               
00008119  ulPortGetIPSR                      
00008131  xPortPendSVHandler                 
00008191  vPortSVCHandler                    
000081b1  vPortStartFirstTask                
000081d5  vPortEnableVFP                     
000081e5  EEPROMProgram                      
0000835d  ledControl                         
000083ad  buzzerControl                      
000083d1  lockControl                        
00008401  __aeabi_memcpy                     
00008401  __aeabi_memcpy4                    
00008401  __aeabi_memcpy8                    
00008401  memcpy                             
0000849d  __aeabi_uldivmod                   
00008533  __aeabi_cdcmpeq                    
00008533  __aeabi_cdcmple                    
000085b9  __aeabi_cdrcmple                   
0000863f  __aeabi_memclr                     
0000863f  __aeabi_memclr4                    
0000863f  __aeabi_memclr8                    
00008641  __aeabi_memset                     
00008641  __aeabi_memset4                    
00008641  __aeabi_memset8                    
00008647  memset                             
00008799  IntEnable                          
00008801  __TI_decompress_lzss               
00008869  frexp                              
00008869  frexpl                             
000088cd  TimerConfigure                     
00008983  __TI_ltoa                          
00008a29  SysCtlPeripheralReset              
00008a79  GPIOPinConfigure                   
00008ac5  I2CMasterInitExpClk                
00008b11  atoi                               
00008b5d  __aeabi_d2iz                       
00008ba5  UARTConfigSetExpClk                
00008bed  __TI_auto_init_nobinit_nopinit     
00008c31  EEPROMInit                         
00008c71  __aeabi_uidiv                      
00008c71  __aeabi_uidivmod                   
00008cb1  sprintf                            
00008d2f  SSIConfigSetExpClk                 
00008da9  EEPROMRead                         
00008de1  strncpy                            
00008e19  SysCtlPeripheralEnable             
00008e81  _c_int00_noargs                    
00008eb5  __aeabi_i2d                        
00008ee3  GPIODirModeSet                     
00008f39  memcmp                             
00008f5d  UARTDisable                        
00008f99  memccpy                            
00008fb5  GPIOPinTypeGPIOOutput              
00008fcf  copysign                           
00008fcf  copysignl                          
00008fe9  TimerDisable                       
00009019  strcmp                             
00009031  GPIOPinTypeGPIOInput               
00009047  GPIOPinTypeI2C                     
0000905d  GPIOPinTypeI2CSCL                  
00009073  GPIOPinTypeSSI                     
00009089  GPIOPinTypeUART                    
0000909f  strchr                             
000090b5  UARTEnable                         
000090c9  strlen                             
000090dd  SSIDataGetNonBlocking              
000090ef  TimerLoadSet                       
00009101  wcslen                             
00009113  IntMasterEnable                    
00009135  TimerEnable                        
00009143  UARTCharGetNonBlocking             
00009151  UARTCharsAvail                     
0000915f  __TI_decompress_none               
0000916d  CPUcpsie                           
00009179  SSIDataGet                         
00009185  __TI_zero_init                     
00009191  ResetISR                           
0000919d  I2CMasterEnable                    
000091a7  SSIDataPut                         
000091b1  SSIEnable                          
000091bb  UARTCharPut                        
000091c5  UARTIntStatus                      
000091d9  I2CMasterBusy                      
000091e1  I2CMasterSlaveAddrSet              
000091e9  SSIBusy                            
000091f1  TimerIntEnable                     
000091f9  UARTIntEnable                      
00009201  __aeabi_errno_addr                 
00009209  malloc                             
00009211  GPIOPinWrite                       
00009217  SysCtlDelay                        
0000921d  UARTClockSourceSet                 
00009223  I2CMasterControl                   
00009227  I2CMasterDataPut                   
0000922b  TimerIntClear                      
0000922f  UARTIntClear                       
00009233  _system_pre_init                   
00009237  C$$EXIT                            
00009237  abort                              
0000923c  _ctypes_                           
00009534  ledPin                             
0000953c  ledPort                            
0000954c  ulMaxSyscallInterruptPriority      
000095a0  __TI_Handler_Table_Base            
000095ac  __TI_Handler_Table_Limit           
000095b8  __TI_CINIT_Base                    
000095c8  __TI_CINIT_Limit                   
20000000  __stack                            
20000000  __start___llvm_prf_cnts            
20000000  __stop___llvm_prf_cnts             
20000200  __STACK_TOP                        
200036b0  __STACK_END                        
20005dc0  cardQueueForEEPROM                 
20006364  xQueueRegistry                     
200063b4  cardNeedToDo                       
200063ec  verifiedCard                       
20006498  bAcceptEventSemaphore_             
2000649c  bDispatchEventSemaphore_           
200064a0  bTimerEventSemaphore_              
200064a4  gAcceptEventSemaphore_             
200064a8  gDispatchEventSemaphore_           
200064ac  gTimerEventSemaphore_              
200064b0  gUARTEventSemaphore_               
200064b4  switchBareEventSemaphore_          
200064b8  switchGUIEventSemaphore_           
200064bc  bFSM_                              
200064be  gFSM_                              
200064c0  _sys_memory                        
20006c90  authorizedCardUUIDs                
20006e20  mainFrame                          
20006e5c  rawReceivedFrame                   
20006e98  receivedFrame                      
20006ed4  pxCurrentTCB                       
20006f08  result                             
20006f40  cardUUID4Bytes                     
20006f68  lcd_i2c_geometries                 
20006f88  str                                
20006fa4  _lock                              
20006fa8  _unlock                            
20006fb4  detectedFlag                       
20006fb5  funnctionalCode                    
20006fb8  receivedFrameLength                
20006fbc  cardUUID                           
20006fc1  tRaised_                           
20006fc2  receivedFrameIndex                 
20006fcc  lcd                                
20006fd0  idBytes                            
20006fd8  errno                              
ffffffff  __TI_pprof_out_hndl                
ffffffff  __TI_prof_data_size                
ffffffff  __TI_prof_data_start               
ffffffff  __binit__                          
ffffffff  __c_args__                         
ffffffff  binit                              
UNDEFED   __mpu_init                         
UNDEFED   _system_post_cinit                 

[346 symbols]
