******************************************************************************
                  TI ARM Linker PC v20.2.4                     
******************************************************************************
>> Linked Fri Jun 11 22:07:38 2021

OUTPUT FILE NAME:   <FreeRTOSExample14.out>
ENTRY POINT SYMBOL: "_c_int00_noargs"  address: 00003ee5


MEMORY CONFIGURATION

         name            origin    length      used     unused   attr    fill
----------------------  --------  ---------  --------  --------  ----  --------
  FLASH                 00000000   00040000  000040fa  0003bf06  R  X
  SRAM                  20000000   00008000  000079d4  0000062c  RW X


SEGMENT ALLOCATION MAP

run origin  load origin   length   init length attrs members
----------  ----------- ---------- ----------- ----- -------
00000000    00000000    00004100   00004100    r-x
  00000000    00000000    0000026c   0000026c    r-- .intvecs
  0000026c    0000026c    00003d7e   00003d7e    r-x .text
  00003fec    00003fec    000000d0   000000d0    r-- .const
  000040c0    000040c0    00000040   00000040    r-- .cinit
20000000    20000000    000079d8   00000000    rw-
  20000000    20000000    00007774   00000000    rw- .bss
  20007778    20007778    00000200   00000000    rw- .stack
  20007978    20007978    00000060   00000000    rw- .data


SECTION ALLOCATION MAP

 output                                  attributes/
section   page    origin      length       input sections
--------  ----  ----------  ----------   ----------------
.intvecs   0    00000000    0000026c     
                  00000000    0000026c     tm4c123gh6pm_startup_ccs.obj (.intvecs)

.text      0    0000026c    00003d7e     
                  0000026c    000018fc     tasks.obj (.text)
                  00001b68    00000cdc     queue.obj (.text)
                  00002844    0000058c     timers.obj (.text)
                  00002dd0    000004dc     uartstdio.obj (.text)
                  000032ac    000001fc     freertos_demo.obj (.text)
                  000034a8    000001b8     heap_2.obj (.text)
                  00003660    0000016c     driverlib.lib : gpio.obj (.text:GPIOPadConfigSet)
                  000037cc    0000013c     port.obj (.text)
                  00003908    0000012a     list.obj (.text)
                  00003a32    00000002     rtsv7M4_T_le_v4SPD16_eabi.lib : _lock.c.obj (.text:_nop)
                  00003a34    000000f4     driverlib.lib : sysctl.obj (.text:SysCtlClockSet)
                  00003b28    000000da     portasm.obj (.text)
                  00003c02    0000009c     rtsv7M4_T_le_v4SPD16_eabi.lib : memcpy_t2.asm.obj (.text)
                  00003c9e    0000007a                                   : memset_t2.asm.obj (.text)
                  00003d18    00000068                                   : copy_decompress_lzss.c.obj (.text:decompress:lzss:__TI_decompress_lzss)
                  00003d80    00000060     led.obj (.text)
                  00003de0    0000004c     driverlib.lib : gpio.obj (.text:GPIOPinConfigure)
                  00003e2c    00000044     rtsv7M4_T_le_v4SPD16_eabi.lib : autoinit.c.obj (.text:__TI_auto_init_nobinit_nopinit:__TI_auto_init_nobinit_nopinit)
                  00003e70    00000040                                   : u_divt2.asm.obj (.text)
                  00003eb0    00000034     driverlib.lib : sysctl.obj (.text:SysCtlPeripheralEnable)
                  00003ee4    00000034     rtsv7M4_T_le_v4SPD16_eabi.lib : boot_cortex_m.c.obj (.text:_c_int00_noargs:_c_int00_noargs)
                  00003f18    00000034                                   : rand.c.obj (.text:rand)
                  00003f4c    0000002c     driverlib.lib : gpio.obj (.text:GPIODirModeSet)
                  00003f78    0000001a                   : gpio.obj (.text:GPIOPinTypeGPIOOutput)
                  00003f92    00000016                   : gpio.obj (.text:GPIOPinTypeUART)
                  00003fa8    0000000e     rtsv7M4_T_le_v4SPD16_eabi.lib : copy_decompress_none.c.obj (.text:decompress:none:__TI_decompress_none)
                  00003fb6    0000000c                                   : copy_zero_init.c.obj (.text:decompress:ZI:__TI_zero_init)
                  00003fc2    0000000c     tm4c123gh6pm_startup_ccs.obj (.text)
                  00003fce    00000006     driverlib.lib : gpio.obj (.text:GPIOPinWrite)
                  00003fd4    00000006                   : sysctl.obj (.text:SysCtlDelay)
                  00003fda    00000006                   : uart.obj (.text:UARTClockSourceSet)
                  00003fe0    00000004     rtsv7M4_T_le_v4SPD16_eabi.lib : pre_init.c.obj (.text:_system_pre_init)
                  00003fe4    00000004                                   : exit.c.obj (.text:abort:abort)
                  00003fe8    00000002                                   : div0.asm.obj (.text)

.const     0    00003fec    000000d0     
                  00003fec    00000090     driverlib.lib : gpio.obj (.const:g_pui32GPIOBaseAddrs)
                  0000407c    00000012     uartstdio.obj (.const:.string)
                  0000408e    00000002     --HOLE-- [fill = 0]
                  00004090    0000000c     uartstdio.obj (.const:g_ui32UARTBase)
                  0000409c    0000000c     uartstdio.obj (.const:g_ui32UARTPeriph)
                  000040a8    0000000c     led.obj (.const:ledPin)
                  000040b4    00000004     port.obj (.const)
                  000040b8    00000004     uartstdio.obj (.const)

.cinit     0    000040c0    00000040     
                  000040c0    00000017     (.cinit..data.load) [load image, compression = lzss]
                  000040d7    00000001     --HOLE-- [fill = 0]
                  000040d8    0000000c     (__TI_handler_table)
                  000040e4    00000004     --HOLE-- [fill = 0]
                  000040e8    00000008     (.cinit..bss.load) [load image, compression = zero_init]
                  000040f0    00000010     (__TI_cinit_table)

.init_array 
*          0    00000000    00000000     UNINITIALIZED

.bss       0    20000000    00007774     UNINITIALIZED
                  20000000    00007530     heap_2.obj (.bss:ucHeap)
                  20007530    00000140     tasks.obj (.bss:pxReadyTasksLists)
                  20007670    00000050     (.common:xQueueRegistry)
                  200076c0    00000014     timers.obj (.bss:xActiveTimerList1)
                  200076d4    00000014     timers.obj (.bss:xActiveTimerList2)
                  200076e8    00000014     tasks.obj (.bss:xDelayedTaskList1)
                  200076fc    00000014     tasks.obj (.bss:xDelayedTaskList2)
                  20007710    00000014     tasks.obj (.bss:xPendingReadyList)
                  20007724    00000014     tasks.obj (.bss:xSuspendedTaskList)
                  20007738    00000014     tasks.obj (.bss:xTasksWaitingTermination)
                  2000774c    00000008     tasks.obj (.bss)
                  20007754    00000008     timers.obj (.bss)
                  2000775c    00000008     heap_2.obj (.bss:xEnd)
                  20007764    00000008     heap_2.obj (.bss:xStart)
                  2000776c    00000004     (.common:myTimer)
                  20007770    00000004     (.common:serialPortMutex)

.data      0    20007978    00000060     UNINITIALIZED
                  20007978    00000034     tasks.obj (.data)
                  200079ac    0000000c     timers.obj (.data)
                  200079b8    00000008     rtsv7M4_T_le_v4SPD16_eabi.lib : _lock.c.obj (.data:$O1$$)
                  200079c0    00000008     heap_2.obj (.data)
                  200079c8    00000005     uartstdio.obj (.data)
                  200079cd    00000003     --HOLE--
                  200079d0    00000004     port.obj (.data)
                  200079d4    00000004     rtsv7M4_T_le_v4SPD16_eabi.lib : rand.c.obj (.data)

.stack     0    20007778    00000200     UNINITIALIZED
                  20007778    00000004     rtsv7M4_T_le_v4SPD16_eabi.lib : boot_cortex_m.c.obj (.stack)
                  2000777c    000001fc     --HOLE--

__llvm_prf_cnts 
*          0    20000000    00000000     UNINITIALIZED

MODULE SUMMARY

       Module                         code    ro data   rw data
       ------                         ----    -------   -------
    .\
       tm4c123gh6pm_startup_ccs.obj   12      620       0      
    +--+------------------------------+-------+---------+---------+
       Total:                         12      620       0      
                                                               
    .\Application\
       freertos_demo.obj              508     0         8      
    +--+------------------------------+-------+---------+---------+
       Total:                         508     0         8      
                                                               
    .\FreeRTOSSource\
       heap_2.obj                     440     0         30024  
       tasks.obj                      6396    0         480    
       queue.obj                      3292    0         80     
       timers.obj                     1420    0         60     
       port.obj                       316     4         4      
       list.obj                       298     0         0      
       portasm.obj                    218     0         0      
    +--+------------------------------+-------+---------+---------+
       Total:                         12380   4         30648  
                                                               
    .\drivers\
       uartstdio.obj                  1244    46        5      
       led.obj                        96      12        0      
    +--+------------------------------+-------+---------+---------+
       Total:                         1340    58        5      
                                                               
    D:/TIVAWARE/driverlib/ccs/Debug/driverlib.lib
       gpio.obj                       538     144       0      
       sysctl.obj                     302     0         0      
       uart.obj                       6       0         0      
    +--+------------------------------+-------+---------+---------+
       Total:                         846     144       0      
                                                               
    D:\ccs\tools\compiler\ti-cgt-arm_20.2.4.LTS\lib\rtsv7M4_T_le_v4SPD16_eabi.lib
       memcpy_t2.asm.obj              156     0         0      
       memset_t2.asm.obj              122     0         0      
       copy_decompress_lzss.c.obj     104     0         0      
       autoinit.c.obj                 68      0         0      
       u_divt2.asm.obj                64      0         0      
       rand.c.obj                     52      0         4      
       boot_cortex_m.c.obj            52      0         0      
       copy_decompress_none.c.obj     14      0         0      
       copy_zero_init.c.obj           12      0         0      
       _lock.c.obj                    2       0         8      
       exit.c.obj                     4       0         0      
       pre_init.c.obj                 4       0         0      
       div0.asm.obj                   2       0         0      
    +--+------------------------------+-------+---------+---------+
       Total:                         656     0         12     
                                                               
       Stack:                         0       0         512    
       Linker Generated:              0       59        0      
    +--+------------------------------+-------+---------+---------+
       Grand Total:                   15742   885       31185  


LINKER GENERATED COPY TABLES

__TI_cinit_table @ 000040f0 records: 2, size/record: 8, table size: 16
	.data: load addr=000040c0, load size=00000017 bytes, run addr=20007978, run size=00000060 bytes, compression=lzss
	.bss: load addr=000040e8, load size=00000008 bytes, run addr=20000000, run size=00007774 bytes, compression=zero_init


LINKER GENERATED HANDLER TABLE

__TI_handler_table @ 000040d8 records: 3, size/record: 4, table size: 12
	index: 0, handler: __TI_decompress_lzss
	index: 1, handler: __TI_decompress_none
	index: 2, handler: __TI_zero_init


GLOBAL SYMBOLS: SORTED ALPHABETICALLY BY Name 

address   name                               
-------   ----                               
00003fe5  C$$EXIT                            
000032b7  ConfigureUART                      
00003f4d  GPIODirModeSet                     
00003661  GPIOPadConfigSet                   
00003de1  GPIOPinConfigure                   
00003f79  GPIOPinTypeGPIOOutput              
00003f93  GPIOPinTypeUART                    
00003fcf  GPIOPinWrite                       
00003fc3  ResetISR                           
00003a35  SysCtlClockSet                     
00003fd5  SysCtlDelay                        
00003eb1  SysCtlPeripheralEnable             
00003fdb  UARTClockSourceSet                 
00002dd1  UARTStdioConfig                    
00002f49  UARTgetc                           
00002e83  UARTgets                           
00003277  UARTprintf                         
00002f7d  UARTvprintf                        
00002e31  UARTwrite                          
20007978  __STACK_END                        
00000200  __STACK_SIZE                       
20007978  __STACK_TOP                        
000040f0  __TI_CINIT_Base                    
00004100  __TI_CINIT_Limit                   
000040d8  __TI_Handler_Table_Base            
000040e4  __TI_Handler_Table_Limit           
00003e2d  __TI_auto_init_nobinit_nopinit     
00003d19  __TI_decompress_lzss               
00003fa9  __TI_decompress_none               
ffffffff  __TI_pprof_out_hndl                
ffffffff  __TI_prof_data_size                
ffffffff  __TI_prof_data_start               
00000000  __TI_static_base__                 
00003fb7  __TI_zero_init                     
00003fe9  __aeabi_idiv0                      
00003fe9  __aeabi_ldiv0                      
00003c9f  __aeabi_memclr                     
00003c9f  __aeabi_memclr4                    
00003c9f  __aeabi_memclr8                    
00003c03  __aeabi_memcpy                     
00003c03  __aeabi_memcpy4                    
00003c03  __aeabi_memcpy8                    
00003ca1  __aeabi_memset                     
00003ca1  __aeabi_memset4                    
00003ca1  __aeabi_memset8                    
00003e71  __aeabi_uidiv                      
00003e71  __aeabi_uidivmod                   
ffffffff  __binit__                          
ffffffff  __c_args__                         
UNDEFED   __mpu_init                         
20007778  __stack                            
20000000  __start___llvm_prf_cnts            
20000000  __stop___llvm_prf_cnts             
00003ee5  _c_int00_noargs                    
200079b8  _lock                              
00003a33  _nop                               
UNDEFED   _system_post_cinit                 
00003fe1  _system_pre_init                   
200079bc  _unlock                            
00003fe5  abort                              
ffffffff  binit                              
000005dd  eTaskGetState                      
00000000  g_pfnVectors                       
00003d93  ledControl                         
00003d81  ledInit                            
000040a8  ledPin                             
00003311  main                               
00003c03  memcpy                             
00003ca7  memset                             
2000776c  myTimer                            
0000275d  pcQueueGetName                     
00000bb3  pcTaskGetName                      
0000297d  pcTimerGetName                     
000034a9  pvPortMalloc                       
0000168d  pvTaskIncrementMutexHeldCount      
00002d61  pvTimerGetTimerID                  
20007978  pxCurrentTCB                       
000037cd  pxPortInitialiseStack              
00003f19  rand                               
20007770  serialPortMutex                    
000024c1  ucQueueGetQueueType                
000040b4  ulMaxSyscallInterruptPriority      
00003b39  ulPortGetIPSR                      
000016a9  ulTaskNotifyTake                   
000039eb  uxListRemove                       
000024a1  uxQueueGetQueueNumber              
00002443  uxQueueMessagesWaiting             
00002479  uxQueueMessagesWaitingFromISR      
00002459  uxQueueSpacesAvailable             
00000bad  uxTaskGetNumberOfTasks             
00001341  uxTaskGetStackHighWaterMark        
00000bd9  uxTaskGetSystemState               
000010d3  uxTaskGetTaskNumber                
00000671  uxTaskPriorityGet                  
000006a1  uxTaskPriorityGetFromISR           
00001665  uxTaskResetEventItemValue          
00002d95  uxTimerGetTimerNumber              
000032ad  vApplicationStackOverflowHook      
00003909  vListInitialise                    
00003939  vListInitialiseItem                
00003985  vListInsert                        
00003949  vListInsertEnd                     
00003bf5  vPortEnableVFP                     
0000386d  vPortEndScheduler                  
0000386f  vPortEnterCritical                 
0000388f  vPortExitCritical                  
000035a1  vPortFree                          
00003605  vPortInitialiseBlocks              
00003bb1  vPortSVCHandler                    
000038cb  vPortSetupTimerInterrupt           
00003bd1  vPortStartFirstTask                
0000271b  vQueueAddToRegistry                
0000248b  vQueueDelete                       
000024af  vQueueSetQueueNumber               
0000279d  vQueueUnregisterQueue              
000027e1  vQueueWaitForMessageRestricted     
000005a1  vTaskDelay                         
00000511  vTaskDelayUntil                    
00000463  vTaskDelete                        
00000a6f  vTaskEndScheduler                  
000011b1  vTaskGetInfo                       
00001021  vTaskInternalSetTimeOutState       
000010cb  vTaskMissedYield                   
000019c1  vTaskNotifyGiveFromISR             
00000e97  vTaskPlaceOnEventList              
00000ee5  vTaskPlaceOnEventListRestricted    
00000eb3  vTaskPlaceOnUnorderedEventList     
00001591  vTaskPriorityDisinheritAfterTimeout
000006ed  vTaskPrioritySet                   
00000f9d  vTaskRemoveFromUnorderedEventList  
00000911  vTaskResume                        
000010f3  vTaskSetTaskNumber                 
00000fff  vTaskSetTimeOutState               
00000a19  vTaskStartScheduler                
00000805  vTaskSuspend                       
00000a91  vTaskSuspendAll                    
00000df5  vTaskSwitchContext                 
00002d7b  vTimerSetTimerID                   
00002da3  vTimerSetTimerNumber               
000035ff  xPortGetFreeHeapSize               
00003b51  xPortPendSVHandler                 
00003837  xPortStartScheduler                
000038a5  xPortSysTickHandler                
00001cc1  xQueueCreateMutex                  
00001c07  xQueueGenericCreate                
00001b69  xQueueGenericReset                 
00001d6d  xQueueGenericSend                  
00001e9b  xQueueGenericSendFromISR           
00001f35  xQueueGiveFromISR                  
00001ced  xQueueGiveMutexRecursive           
000026b7  xQueueIsQueueEmptyFromISR          
000026f9  xQueueIsQueueFullFromISR           
00002239  xQueuePeek                         
000023f1  xQueuePeekFromISR                  
00001fc7  xQueueReceive                      
00002359  xQueueReceiveFromISR               
20007670  xQueueRegistry                     
000020e1  xQueueSemaphoreTake                
00001d29  xQueueTakeMutexRecursive           
0000104d  xTaskCheckForTimeOut               
0000026d  xTaskCreate                        
000017c9  xTaskGenericNotify                 
000018b1  xTaskGenericNotifyFromISR          
000013b5  xTaskGetCurrentTaskHandle          
000013d9  xTaskGetSchedulerState             
00000b85  xTaskGetTickCount                  
00000b99  xTaskGetTickCountFromISR           
00000ccd  xTaskIncrementTick                 
00001a6f  xTaskNotifyStateClear              
00001729  xTaskNotifyWait                    
000014f1  xTaskPriorityDisinherit            
00001411  xTaskPriorityInherit               
00000f15  xTaskRemoveFromEventList           
00000aa1  xTaskResumeAll                     
00000989  xTaskResumeFromISR                 
0000286f  xTimerCreate                       
00002845  xTimerCreateTimerTask              
000028e3  xTimerGenericCommand               
00002967  xTimerGetExpiryTime                
00002955  xTimerGetPeriod                    
0000294f  xTimerGetTimerDaemonTaskHandle     
00002d31  xTimerIsTimerActive                


GLOBAL SYMBOLS: SORTED BY Symbol Address 

address   name                               
-------   ----                               
00000000  __TI_static_base__                 
00000000  g_pfnVectors                       
00000200  __STACK_SIZE                       
0000026d  xTaskCreate                        
00000463  vTaskDelete                        
00000511  vTaskDelayUntil                    
000005a1  vTaskDelay                         
000005dd  eTaskGetState                      
00000671  uxTaskPriorityGet                  
000006a1  uxTaskPriorityGetFromISR           
000006ed  vTaskPrioritySet                   
00000805  vTaskSuspend                       
00000911  vTaskResume                        
00000989  xTaskResumeFromISR                 
00000a19  vTaskStartScheduler                
00000a6f  vTaskEndScheduler                  
00000a91  vTaskSuspendAll                    
00000aa1  xTaskResumeAll                     
00000b85  xTaskGetTickCount                  
00000b99  xTaskGetTickCountFromISR           
00000bad  uxTaskGetNumberOfTasks             
00000bb3  pcTaskGetName                      
00000bd9  uxTaskGetSystemState               
00000ccd  xTaskIncrementTick                 
00000df5  vTaskSwitchContext                 
00000e97  vTaskPlaceOnEventList              
00000eb3  vTaskPlaceOnUnorderedEventList     
00000ee5  vTaskPlaceOnEventListRestricted    
00000f15  xTaskRemoveFromEventList           
00000f9d  vTaskRemoveFromUnorderedEventList  
00000fff  vTaskSetTimeOutState               
00001021  vTaskInternalSetTimeOutState       
0000104d  xTaskCheckForTimeOut               
000010cb  vTaskMissedYield                   
000010d3  uxTaskGetTaskNumber                
000010f3  vTaskSetTaskNumber                 
000011b1  vTaskGetInfo                       
00001341  uxTaskGetStackHighWaterMark        
000013b5  xTaskGetCurrentTaskHandle          
000013d9  xTaskGetSchedulerState             
00001411  xTaskPriorityInherit               
000014f1  xTaskPriorityDisinherit            
00001591  vTaskPriorityDisinheritAfterTimeout
00001665  uxTaskResetEventItemValue          
0000168d  pvTaskIncrementMutexHeldCount      
000016a9  ulTaskNotifyTake                   
00001729  xTaskNotifyWait                    
000017c9  xTaskGenericNotify                 
000018b1  xTaskGenericNotifyFromISR          
000019c1  vTaskNotifyGiveFromISR             
00001a6f  xTaskNotifyStateClear              
00001b69  xQueueGenericReset                 
00001c07  xQueueGenericCreate                
00001cc1  xQueueCreateMutex                  
00001ced  xQueueGiveMutexRecursive           
00001d29  xQueueTakeMutexRecursive           
00001d6d  xQueueGenericSend                  
00001e9b  xQueueGenericSendFromISR           
00001f35  xQueueGiveFromISR                  
00001fc7  xQueueReceive                      
000020e1  xQueueSemaphoreTake                
00002239  xQueuePeek                         
00002359  xQueueReceiveFromISR               
000023f1  xQueuePeekFromISR                  
00002443  uxQueueMessagesWaiting             
00002459  uxQueueSpacesAvailable             
00002479  uxQueueMessagesWaitingFromISR      
0000248b  vQueueDelete                       
000024a1  uxQueueGetQueueNumber              
000024af  vQueueSetQueueNumber               
000024c1  ucQueueGetQueueType                
000026b7  xQueueIsQueueEmptyFromISR          
000026f9  xQueueIsQueueFullFromISR           
0000271b  vQueueAddToRegistry                
0000275d  pcQueueGetName                     
0000279d  vQueueUnregisterQueue              
000027e1  vQueueWaitForMessageRestricted     
00002845  xTimerCreateTimerTask              
0000286f  xTimerCreate                       
000028e3  xTimerGenericCommand               
0000294f  xTimerGetTimerDaemonTaskHandle     
00002955  xTimerGetPeriod                    
00002967  xTimerGetExpiryTime                
0000297d  pcTimerGetName                     
00002d31  xTimerIsTimerActive                
00002d61  pvTimerGetTimerID                  
00002d7b  vTimerSetTimerID                   
00002d95  uxTimerGetTimerNumber              
00002da3  vTimerSetTimerNumber               
00002dd1  UARTStdioConfig                    
00002e31  UARTwrite                          
00002e83  UARTgets                           
00002f49  UARTgetc                           
00002f7d  UARTvprintf                        
00003277  UARTprintf                         
000032ad  vApplicationStackOverflowHook      
000032b7  ConfigureUART                      
00003311  main                               
000034a9  pvPortMalloc                       
000035a1  vPortFree                          
000035ff  xPortGetFreeHeapSize               
00003605  vPortInitialiseBlocks              
00003661  GPIOPadConfigSet                   
000037cd  pxPortInitialiseStack              
00003837  xPortStartScheduler                
0000386d  vPortEndScheduler                  
0000386f  vPortEnterCritical                 
0000388f  vPortExitCritical                  
000038a5  xPortSysTickHandler                
000038cb  vPortSetupTimerInterrupt           
00003909  vListInitialise                    
00003939  vListInitialiseItem                
00003949  vListInsertEnd                     
00003985  vListInsert                        
000039eb  uxListRemove                       
00003a33  _nop                               
00003a35  SysCtlClockSet                     
00003b39  ulPortGetIPSR                      
00003b51  xPortPendSVHandler                 
00003bb1  vPortSVCHandler                    
00003bd1  vPortStartFirstTask                
00003bf5  vPortEnableVFP                     
00003c03  __aeabi_memcpy                     
00003c03  __aeabi_memcpy4                    
00003c03  __aeabi_memcpy8                    
00003c03  memcpy                             
00003c9f  __aeabi_memclr                     
00003c9f  __aeabi_memclr4                    
00003c9f  __aeabi_memclr8                    
00003ca1  __aeabi_memset                     
00003ca1  __aeabi_memset4                    
00003ca1  __aeabi_memset8                    
00003ca7  memset                             
00003d19  __TI_decompress_lzss               
00003d81  ledInit                            
00003d93  ledControl                         
00003de1  GPIOPinConfigure                   
00003e2d  __TI_auto_init_nobinit_nopinit     
00003e71  __aeabi_uidiv                      
00003e71  __aeabi_uidivmod                   
00003eb1  SysCtlPeripheralEnable             
00003ee5  _c_int00_noargs                    
00003f19  rand                               
00003f4d  GPIODirModeSet                     
00003f79  GPIOPinTypeGPIOOutput              
00003f93  GPIOPinTypeUART                    
00003fa9  __TI_decompress_none               
00003fb7  __TI_zero_init                     
00003fc3  ResetISR                           
00003fcf  GPIOPinWrite                       
00003fd5  SysCtlDelay                        
00003fdb  UARTClockSourceSet                 
00003fe1  _system_pre_init                   
00003fe5  C$$EXIT                            
00003fe5  abort                              
00003fe9  __aeabi_idiv0                      
00003fe9  __aeabi_ldiv0                      
000040a8  ledPin                             
000040b4  ulMaxSyscallInterruptPriority      
000040d8  __TI_Handler_Table_Base            
000040e4  __TI_Handler_Table_Limit           
000040f0  __TI_CINIT_Base                    
00004100  __TI_CINIT_Limit                   
20000000  __start___llvm_prf_cnts            
20000000  __stop___llvm_prf_cnts             
20007670  xQueueRegistry                     
2000776c  myTimer                            
20007770  serialPortMutex                    
20007778  __stack                            
20007978  __STACK_END                        
20007978  __STACK_TOP                        
20007978  pxCurrentTCB                       
200079b8  _lock                              
200079bc  _unlock                            
ffffffff  __TI_pprof_out_hndl                
ffffffff  __TI_prof_data_size                
ffffffff  __TI_prof_data_start               
ffffffff  __binit__                          
ffffffff  __c_args__                         
ffffffff  binit                              
UNDEFED   __mpu_init                         
UNDEFED   _system_post_cinit                 

[182 symbols]
