******************************************************************************
                  TI ARM Linker PC v20.2.2                     
******************************************************************************
>> Linked Thu May 20 22:13:44 2021

OUTPUT FILE NAME:   <FreeRTOSExample13.out>
ENTRY POINT SYMBOL: "_c_int00_noargs"  address: 000037cd


MEMORY CONFIGURATION

         name            origin    length      used     unused   attr    fill
----------------------  --------  ---------  --------  --------  ----  --------
  FLASH                 00000000   00040000  000039b6  0003c64a  R  X
  SRAM                  20000000   00008000  00007994  0000066c  RW X


SEGMENT ALLOCATION MAP

run origin  load origin   length   init length attrs members
----------  ----------- ---------- ----------- ----- -------
00000000    00000000    000039b8   000039b8    r-x
  00000000    00000000    0000026c   0000026c    r-- .intvecs
  0000026c    0000026c    00003646   00003646    r-x .text
  000038b4    000038b4    000000c4   000000c4    r-- .const
  00003978    00003978    00000040   00000040    r-- .cinit
20000000    20000000    00007994   00000000    rw-
  20000000    20000000    00007740   00000000    rw- .bss
  20007740    20007740    00000200   00000000    rw- .stack
  20007940    20007940    00000054   00000000    rw- .data


SECTION ALLOCATION MAP

 output                                  attributes/
section   page    origin      length       input sections
--------  ----  ----------  ----------   ----------------
.intvecs   0    00000000    0000026c     
                  00000000    0000026c     tm4c123gh6pm_startup_ccs.obj (.intvecs)

.text      0    0000026c    00003646     
                  0000026c    00001894     tasks.obj (.text)
                  00001b00    00000c80     queue.obj (.text)
                  00002780    000004dc     uartstdio.obj (.text)
                  00002c5c    000001b8     heap_2.obj (.text)
                  00002e14    00000194     freertos_demo.obj (.text)
                  00002fa8    0000016c     driverlib.lib : gpio.obj (.text:GPIOPadConfigSet)
                  00003114    0000013c     port.obj (.text)
                  00003250    0000012a     list.obj (.text)
                  0000337a    00000002     rtsv7M4_T_le_v4SPD16_eabi.lib : _lock.c.obj (.text:_nop)
                  0000337c    000000f4     driverlib.lib : sysctl.obj (.text:SysCtlClockSet)
                  00003470    000000da     portasm.obj (.text)
                  0000354a    0000009c     rtsv7M4_T_le_v4SPD16_eabi.lib : memcpy_t2.asm.obj (.text)
                  000035e6    0000007a                                   : memset_t2.asm.obj (.text)
                  00003660    00000068                                   : copy_decompress_lzss.c.obj (.text:decompress:lzss:__TI_decompress_lzss)
                  000036c8    0000004c     driverlib.lib : gpio.obj (.text:GPIOPinConfigure)
                  00003714    00000044     rtsv7M4_T_le_v4SPD16_eabi.lib : autoinit.c.obj (.text:__TI_auto_init_nobinit_nopinit:__TI_auto_init_nobinit_nopinit)
                  00003758    00000040                                   : u_divt2.asm.obj (.text)
                  00003798    00000034     driverlib.lib : sysctl.obj (.text:SysCtlPeripheralEnable)
                  000037cc    00000034     rtsv7M4_T_le_v4SPD16_eabi.lib : boot_cortex_m.c.obj (.text:_c_int00_noargs:_c_int00_noargs)
                  00003800    00000034                                   : rand.c.obj (.text:rand)
                  00003834    0000002c     driverlib.lib : gpio.obj (.text:GPIODirModeSet)
                  00003860    00000016                   : gpio.obj (.text:GPIOPinTypeUART)
                  00003876    0000000e     rtsv7M4_T_le_v4SPD16_eabi.lib : copy_decompress_none.c.obj (.text:decompress:none:__TI_decompress_none)
                  00003884    0000000c                                   : copy_zero_init.c.obj (.text:decompress:ZI:__TI_zero_init)
                  00003890    0000000c     tm4c123gh6pm_startup_ccs.obj (.text)
                  0000389c    00000006     driverlib.lib : sysctl.obj (.text:SysCtlDelay)
                  000038a2    00000006                   : uart.obj (.text:UARTClockSourceSet)
                  000038a8    00000004     rtsv7M4_T_le_v4SPD16_eabi.lib : pre_init.c.obj (.text:_system_pre_init)
                  000038ac    00000004                                   : exit.c.obj (.text:abort:abort)
                  000038b0    00000002                                   : div0.asm.obj (.text)

.const     0    000038b4    000000c4     
                  000038b4    00000090     driverlib.lib : gpio.obj (.const:g_pui32GPIOBaseAddrs)
                  00003944    00000012     uartstdio.obj (.const:.string)
                  00003956    00000002     --HOLE-- [fill = 0]
                  00003958    0000000c     uartstdio.obj (.const:g_ui32UARTBase)
                  00003964    0000000c     uartstdio.obj (.const:g_ui32UARTPeriph)
                  00003970    00000004     port.obj (.const)
                  00003974    00000004     uartstdio.obj (.const)

.cinit     0    00003978    00000040     
                  00003978    00000017     (.cinit..data.load) [load image, compression = lzss]
                  0000398f    00000001     --HOLE-- [fill = 0]
                  00003990    0000000c     (__TI_handler_table)
                  0000399c    00000004     --HOLE-- [fill = 0]
                  000039a0    00000008     (.cinit..bss.load) [load image, compression = zero_init]
                  000039a8    00000010     (__TI_cinit_table)

.init_array 
*          0    00000000    00000000     UNINITIALIZED

.bss       0    20000000    00007740     UNINITIALIZED
                  20000000    00007530     heap_2.obj (.bss:ucHeap)
                  20007530    00000140     tasks.obj (.bss:pxReadyTasksLists)
                  20007670    00000050     (.common:xQueueRegistry)
                  200076c0    00000014     tasks.obj (.bss:xDelayedTaskList1)
                  200076d4    00000014     tasks.obj (.bss:xDelayedTaskList2)
                  200076e8    00000014     tasks.obj (.bss:xPendingReadyList)
                  200076fc    00000014     tasks.obj (.bss:xSuspendedTaskList)
                  20007710    00000014     tasks.obj (.bss:xTasksWaitingTermination)
                  20007724    00000008     tasks.obj (.bss)
                  2000772c    00000008     heap_2.obj (.bss:xEnd)
                  20007734    00000008     heap_2.obj (.bss:xStart)
                  2000773c    00000004     (.common:serialPortMutex)

.data      0    20007940    00000054     UNINITIALIZED
                  20007940    00000034     tasks.obj (.data)
                  20007974    00000008     rtsv7M4_T_le_v4SPD16_eabi.lib : _lock.c.obj (.data:$O1$$)
                  2000797c    00000008     heap_2.obj (.data)
                  20007984    00000005     uartstdio.obj (.data)
                  20007989    00000003     --HOLE--
                  2000798c    00000004     port.obj (.data)
                  20007990    00000004     rtsv7M4_T_le_v4SPD16_eabi.lib : rand.c.obj (.data)

.stack     0    20007740    00000200     UNINITIALIZED
                  20007740    00000004     rtsv7M4_T_le_v4SPD16_eabi.lib : boot_cortex_m.c.obj (.stack)
                  20007744    000001fc     --HOLE--

__llvm_prf_cnts 
*          0    20000000    00000000     UNINITIALIZED

MODULE SUMMARY

       Module                         code    ro data   rw data
       ------                         ----    -------   -------
    .\
       tm4c123gh6pm_startup_ccs.obj   12      620       0      
    +--+------------------------------+-------+---------+---------+
       Total:                         12      620       0      
                                                               
    .\Application\
       freertos_demo.obj              404     0         4      
    +--+------------------------------+-------+---------+---------+
       Total:                         404     0         4      
                                                               
    .\FreeRTOSSource\
       heap_2.obj                     440     0         30024  
       tasks.obj                      6292    0         480    
       queue.obj                      3200    0         80     
       port.obj                       316     4         4      
       list.obj                       298     0         0      
       portasm.obj                    218     0         0      
    +--+------------------------------+-------+---------+---------+
       Total:                         10764   4         30588  
                                                               
    .\drivers\
       uartstdio.obj                  1244    46        5      
    +--+------------------------------+-------+---------+---------+
       Total:                         1244    46        5      
                                                               
    C:/ti/TivaWare_C_Series-2.2.0.295/driverlib/ccs/Debug/driverlib.lib
       gpio.obj                       506     144       0      
       sysctl.obj                     302     0         0      
       uart.obj                       6       0         0      
    +--+------------------------------+-------+---------+---------+
       Total:                         814     144       0      
                                                               
    C:\ti\ccs1020\ccs\tools\compiler\ti-cgt-arm_20.2.2.LTS\lib\rtsv7M4_T_le_v4SPD16_eabi.lib
       memcpy_t2.asm.obj              156     0         0      
       memset_t2.asm.obj              122     0         0      
       copy_decompress_lzss.c.obj     104     0         0      
       autoinit.c.obj                 68      0         0      
       u_divt2.asm.obj                64      0         0      
       rand.c.obj                     52      0         4      
       boot_cortex_m.c.obj            52      0         0      
       copy_decompress_none.c.obj     14      0         0      
       copy_zero_init.c.obj           12      0         0      
       _lock.c.obj                    2       0         8      
       exit.c.obj                     4       0         0      
       pre_init.c.obj                 4       0         0      
       div0.asm.obj                   2       0         0      
    +--+------------------------------+-------+---------+---------+
       Total:                         656     0         12     
                                                               
       Stack:                         0       0         512    
       Linker Generated:              0       59        0      
    +--+------------------------------+-------+---------+---------+
       Grand Total:                   13894   873       31121  


LINKER GENERATED COPY TABLES

__TI_cinit_table @ 000039a8 records: 2, size/record: 8, table size: 16
	.data: load addr=00003978, load size=00000017 bytes, run addr=20007940, run size=00000054 bytes, compression=lzss
	.bss: load addr=000039a0, load size=00000008 bytes, run addr=20000000, run size=00007740 bytes, compression=zero_init


LINKER GENERATED HANDLER TABLE

__TI_handler_table @ 00003990 records: 3, size/record: 4, table size: 12
	index: 0, handler: __TI_decompress_lzss
	index: 1, handler: __TI_decompress_none
	index: 2, handler: __TI_zero_init


GLOBAL SYMBOLS: SORTED ALPHABETICALLY BY Name 

address   name                               
-------   ----                               
000038ad  C$$EXIT                            
00002e1f  ConfigureUART                      
00003835  GPIODirModeSet                     
00002fa9  GPIOPadConfigSet                   
000036c9  GPIOPinConfigure                   
00003861  GPIOPinTypeUART                    
00003891  ResetISR                           
0000337d  SysCtlClockSet                     
0000389d  SysCtlDelay                        
00003799  SysCtlPeripheralEnable             
000038a3  UARTClockSourceSet                 
00002781  UARTStdioConfig                    
000028f9  UARTgetc                           
00002833  UARTgets                           
00002c27  UARTprintf                         
0000292d  UARTvprintf                        
000027e1  UARTwrite                          
20007940  __STACK_END                        
00000200  __STACK_SIZE                       
20007940  __STACK_TOP                        
000039a8  __TI_CINIT_Base                    
000039b8  __TI_CINIT_Limit                   
00003990  __TI_Handler_Table_Base            
0000399c  __TI_Handler_Table_Limit           
00003715  __TI_auto_init_nobinit_nopinit     
00003661  __TI_decompress_lzss               
00003877  __TI_decompress_none               
ffffffff  __TI_pprof_out_hndl                
ffffffff  __TI_prof_data_size                
ffffffff  __TI_prof_data_start               
00000000  __TI_static_base__                 
00003885  __TI_zero_init                     
000038b1  __aeabi_idiv0                      
000038b1  __aeabi_ldiv0                      
000035e7  __aeabi_memclr                     
000035e7  __aeabi_memclr4                    
000035e7  __aeabi_memclr8                    
0000354b  __aeabi_memcpy                     
0000354b  __aeabi_memcpy4                    
0000354b  __aeabi_memcpy8                    
000035e9  __aeabi_memset                     
000035e9  __aeabi_memset4                    
000035e9  __aeabi_memset8                    
00003759  __aeabi_uidiv                      
00003759  __aeabi_uidivmod                   
ffffffff  __binit__                          
ffffffff  __c_args__                         
UNDEFED   __mpu_init                         
20007740  __stack                            
20000000  __start___llvm_prf_cnts            
20000000  __stop___llvm_prf_cnts             
000037cd  _c_int00_noargs                    
20007974  _lock                              
0000337b  _nop                               
UNDEFED   _system_post_cinit                 
000038a9  _system_pre_init                   
20007978  _unlock                            
000038ad  abort                              
ffffffff  binit                              
000005dd  eTaskGetState                      
00000000  g_pfnVectors                       
00002e79  main                               
0000354b  memcpy                             
000035ef  memset                             
000026f5  pcQueueGetName                     
00000ba3  pcTaskGetName                      
00002c5d  pvPortMalloc                       
0000161f  pvTaskIncrementMutexHeldCount      
20007940  pxCurrentTCB                       
00003115  pxPortInitialiseStack              
00003801  rand                               
2000773c  serialPortMutex                    
00002459  ucQueueGetQueueType                
00003970  ulMaxSyscallInterruptPriority      
00003481  ulPortGetIPSR                      
0000163d  ulTaskNotifyTake                   
00003333  uxListRemove                       
00002439  uxQueueGetQueueNumber              
000023db  uxQueueMessagesWaiting             
00002411  uxQueueMessagesWaitingFromISR      
000023f1  uxQueueSpacesAvailable             
00000b9d  uxTaskGetNumberOfTasks             
00001309  uxTaskGetStackHighWaterMark        
00000bc9  uxTaskGetSystemState               
00001099  uxTaskGetTaskNumber                
00000671  uxTaskPriorityGet                  
000006a1  uxTaskPriorityGetFromISR           
000015fd  uxTaskResetEventItemValue          
00002e15  vApplicationStackOverflowHook      
00003251  vListInitialise                    
00003281  vListInitialiseItem                
000032cd  vListInsert                        
00003291  vListInsertEnd                     
0000353d  vPortEnableVFP                     
000031b5  vPortEndScheduler                  
000031b7  vPortEnterCritical                 
000031d7  vPortExitCritical                  
00002d55  vPortFree                          
00002db9  vPortInitialiseBlocks              
000034f9  vPortSVCHandler                    
00003213  vPortSetupTimerInterrupt           
00003519  vPortStartFirstTask                
000026b3  vQueueAddToRegistry                
00002423  vQueueDelete                       
00002447  vQueueSetQueueNumber               
00002735  vQueueUnregisterQueue              
000005a1  vTaskDelay                         
00000511  vTaskDelayUntil                    
00000463  vTaskDelete                        
00000a63  vTaskEndScheduler                  
00001179  vTaskGetInfo                       
00000fe7  vTaskInternalSetTimeOutState       
0000108d  vTaskMissedYield                   
00001959  vTaskNotifyGiveFromISR             
00000e8b  vTaskPlaceOnEventList              
00000ea7  vTaskPlaceOnUnorderedEventList     
0000152b  vTaskPriorityDisinheritAfterTimeout
000006ed  vTaskPrioritySet                   
00000f61  vTaskRemoveFromUnorderedEventList  
00000911  vTaskResume                        
000010b9  vTaskSetTaskNumber                 
00000fc9  vTaskSetTimeOutState               
00000a19  vTaskStartScheduler                
00000805  vTaskSuspend                       
00000a7f  vTaskSuspendAll                    
00000de9  vTaskSwitchContext                 
00002db3  xPortGetFreeHeapSize               
00003499  xPortPendSVHandler                 
0000317f  xPortStartScheduler                
000031ed  xPortSysTickHandler                
00001c59  xQueueCreateMutex                  
00001b9f  xQueueGenericCreate                
00001b01  xQueueGenericReset                 
00001d05  xQueueGenericSend                  
00001e33  xQueueGenericSendFromISR           
00001ecd  xQueueGiveFromISR                  
00001c85  xQueueGiveMutexRecursive           
0000264f  xQueueIsQueueEmptyFromISR          
00002691  xQueueIsQueueFullFromISR           
000021d1  xQueuePeek                         
00002389  xQueuePeekFromISR                  
00001f5f  xQueueReceive                      
000022f1  xQueueReceiveFromISR               
20007670  xQueueRegistry                     
00002079  xQueueSemaphoreTake                
00001cc1  xQueueTakeMutexRecursive           
00001009  xTaskCheckForTimeOut               
0000026d  xTaskCreate                        
0000175f  xTaskGenericNotify                 
00001849  xTaskGenericNotifyFromISR          
0000137d  xTaskGetCurrentTaskHandle          
00000b75  xTaskGetTickCount                  
00000b89  xTaskGetTickCountFromISR           
00000cbd  xTaskIncrementTick                 
00001a07  xTaskNotifyStateClear              
000016b9  xTaskNotifyWait                    
0000148f  xTaskPriorityDisinherit            
000013b1  xTaskPriorityInherit               
00000ee1  xTaskRemoveFromEventList           
00000a91  xTaskResumeAll                     
00000989  xTaskResumeFromISR                 


GLOBAL SYMBOLS: SORTED BY Symbol Address 

address   name                               
-------   ----                               
00000000  __TI_static_base__                 
00000000  g_pfnVectors                       
00000200  __STACK_SIZE                       
0000026d  xTaskCreate                        
00000463  vTaskDelete                        
00000511  vTaskDelayUntil                    
000005a1  vTaskDelay                         
000005dd  eTaskGetState                      
00000671  uxTaskPriorityGet                  
000006a1  uxTaskPriorityGetFromISR           
000006ed  vTaskPrioritySet                   
00000805  vTaskSuspend                       
00000911  vTaskResume                        
00000989  xTaskResumeFromISR                 
00000a19  vTaskStartScheduler                
00000a63  vTaskEndScheduler                  
00000a7f  vTaskSuspendAll                    
00000a91  xTaskResumeAll                     
00000b75  xTaskGetTickCount                  
00000b89  xTaskGetTickCountFromISR           
00000b9d  uxTaskGetNumberOfTasks             
00000ba3  pcTaskGetName                      
00000bc9  uxTaskGetSystemState               
00000cbd  xTaskIncrementTick                 
00000de9  vTaskSwitchContext                 
00000e8b  vTaskPlaceOnEventList              
00000ea7  vTaskPlaceOnUnorderedEventList     
00000ee1  xTaskRemoveFromEventList           
00000f61  vTaskRemoveFromUnorderedEventList  
00000fc9  vTaskSetTimeOutState               
00000fe7  vTaskInternalSetTimeOutState       
00001009  xTaskCheckForTimeOut               
0000108d  vTaskMissedYield                   
00001099  uxTaskGetTaskNumber                
000010b9  vTaskSetTaskNumber                 
00001179  vTaskGetInfo                       
00001309  uxTaskGetStackHighWaterMark        
0000137d  xTaskGetCurrentTaskHandle          
000013b1  xTaskPriorityInherit               
0000148f  xTaskPriorityDisinherit            
0000152b  vTaskPriorityDisinheritAfterTimeout
000015fd  uxTaskResetEventItemValue          
0000161f  pvTaskIncrementMutexHeldCount      
0000163d  ulTaskNotifyTake                   
000016b9  xTaskNotifyWait                    
0000175f  xTaskGenericNotify                 
00001849  xTaskGenericNotifyFromISR          
00001959  vTaskNotifyGiveFromISR             
00001a07  xTaskNotifyStateClear              
00001b01  xQueueGenericReset                 
00001b9f  xQueueGenericCreate                
00001c59  xQueueCreateMutex                  
00001c85  xQueueGiveMutexRecursive           
00001cc1  xQueueTakeMutexRecursive           
00001d05  xQueueGenericSend                  
00001e33  xQueueGenericSendFromISR           
00001ecd  xQueueGiveFromISR                  
00001f5f  xQueueReceive                      
00002079  xQueueSemaphoreTake                
000021d1  xQueuePeek                         
000022f1  xQueueReceiveFromISR               
00002389  xQueuePeekFromISR                  
000023db  uxQueueMessagesWaiting             
000023f1  uxQueueSpacesAvailable             
00002411  uxQueueMessagesWaitingFromISR      
00002423  vQueueDelete                       
00002439  uxQueueGetQueueNumber              
00002447  vQueueSetQueueNumber               
00002459  ucQueueGetQueueType                
0000264f  xQueueIsQueueEmptyFromISR          
00002691  xQueueIsQueueFullFromISR           
000026b3  vQueueAddToRegistry                
000026f5  pcQueueGetName                     
00002735  vQueueUnregisterQueue              
00002781  UARTStdioConfig                    
000027e1  UARTwrite                          
00002833  UARTgets                           
000028f9  UARTgetc                           
0000292d  UARTvprintf                        
00002c27  UARTprintf                         
00002c5d  pvPortMalloc                       
00002d55  vPortFree                          
00002db3  xPortGetFreeHeapSize               
00002db9  vPortInitialiseBlocks              
00002e15  vApplicationStackOverflowHook      
00002e1f  ConfigureUART                      
00002e79  main                               
00002fa9  GPIOPadConfigSet                   
00003115  pxPortInitialiseStack              
0000317f  xPortStartScheduler                
000031b5  vPortEndScheduler                  
000031b7  vPortEnterCritical                 
000031d7  vPortExitCritical                  
000031ed  xPortSysTickHandler                
00003213  vPortSetupTimerInterrupt           
00003251  vListInitialise                    
00003281  vListInitialiseItem                
00003291  vListInsertEnd                     
000032cd  vListInsert                        
00003333  uxListRemove                       
0000337b  _nop                               
0000337d  SysCtlClockSet                     
00003481  ulPortGetIPSR                      
00003499  xPortPendSVHandler                 
000034f9  vPortSVCHandler                    
00003519  vPortStartFirstTask                
0000353d  vPortEnableVFP                     
0000354b  __aeabi_memcpy                     
0000354b  __aeabi_memcpy4                    
0000354b  __aeabi_memcpy8                    
0000354b  memcpy                             
000035e7  __aeabi_memclr                     
000035e7  __aeabi_memclr4                    
000035e7  __aeabi_memclr8                    
000035e9  __aeabi_memset                     
000035e9  __aeabi_memset4                    
000035e9  __aeabi_memset8                    
000035ef  memset                             
00003661  __TI_decompress_lzss               
000036c9  GPIOPinConfigure                   
00003715  __TI_auto_init_nobinit_nopinit     
00003759  __aeabi_uidiv                      
00003759  __aeabi_uidivmod                   
00003799  SysCtlPeripheralEnable             
000037cd  _c_int00_noargs                    
00003801  rand                               
00003835  GPIODirModeSet                     
00003861  GPIOPinTypeUART                    
00003877  __TI_decompress_none               
00003885  __TI_zero_init                     
00003891  ResetISR                           
0000389d  SysCtlDelay                        
000038a3  UARTClockSourceSet                 
000038a9  _system_pre_init                   
000038ad  C$$EXIT                            
000038ad  abort                              
000038b1  __aeabi_idiv0                      
000038b1  __aeabi_ldiv0                      
00003970  ulMaxSyscallInterruptPriority      
00003990  __TI_Handler_Table_Base            
0000399c  __TI_Handler_Table_Limit           
000039a8  __TI_CINIT_Base                    
000039b8  __TI_CINIT_Limit                   
20000000  __start___llvm_prf_cnts            
20000000  __stop___llvm_prf_cnts             
20007670  xQueueRegistry                     
2000773c  serialPortMutex                    
20007740  __stack                            
20007940  __STACK_END                        
20007940  __STACK_TOP                        
20007940  pxCurrentTCB                       
20007974  _lock                              
20007978  _unlock                            
ffffffff  __TI_pprof_out_hndl                
ffffffff  __TI_prof_data_size                
ffffffff  __TI_prof_data_start               
ffffffff  __binit__                          
ffffffff  __c_args__                         
ffffffff  binit                              
UNDEFED   __mpu_init                         
UNDEFED   _system_post_cinit                 

[161 symbols]
