******************************************************************************
                  TI ARM Linker PC v20.2.7                     
******************************************************************************
>> Linked Wed Oct 18 23:37:47 2023

OUTPUT FILE NAME:   <exercise1.out>
ENTRY POINT SYMBOL: "_c_int00_noinit_noargs"  address: 000006c9


MEMORY CONFIGURATION

         name            origin    length      used     unused   attr    fill
----------------------  --------  ---------  --------  --------  ----  --------
  FLASH                 00000000   00040000  0000079a  0003f866  R  X
  SRAM                  20000000   00008000  00000200  00007e00  RW X


SEGMENT ALLOCATION MAP

run origin  load origin   length   init length attrs members
----------  ----------- ---------- ----------- ----- -------
00000000    00000000    0000079c   0000079c    r-x
  00000000    00000000    0000026c   0000026c    r-- .intvecs
  0000026c    0000026c    000004c2   000004c2    r-x .text
  00000730    00000730    0000006c   0000006c    r-- .const
20000000    20000000    00000200   00000000    rw-
  20000000    20000000    00000200   00000000    rw- .stack


SECTION ALLOCATION MAP

 output                                  attributes/
section   page    origin      length       input sections
--------  ----  ----------  ----------   ----------------
.intvecs   0    00000000    0000026c     
                  00000000    0000026c     tm4c123gh6pm_startup_ccs.obj (.intvecs)

.text      0    0000026c    000004c2     
                  0000026c    0000016c     driverlib.lib : gpio.obj (.text:GPIOPadConfigSet)
                  000003d8    00000118                   : sysctl.obj (.text:SysCtlClockGet)
                  000004f0    000000f4                   : sysctl.obj (.text:SysCtlClockSet)
                  000005e4    00000084     main.obj (.text)
                  00000668    00000034     driverlib.lib : sysctl.obj (.text:SysCtlPeripheralEnable)
                  0000069c    0000002c                   : gpio.obj (.text:GPIODirModeSet)
                  000006c8    0000002c     rtsv7M4_T_le_v4SPD16_eabi.lib : boot_cortex_m.c.obj (.text:_c_int00_noinit_noargs:_c_int00_noinit_noargs)
                  000006f4    0000001a     driverlib.lib : gpio.obj (.text:GPIOPinTypeGPIOOutput)
                  0000070e    0000000c     tm4c123gh6pm_startup_ccs.obj (.text)
                  0000071a    00000006     driverlib.lib : gpio.obj (.text:GPIOPinWrite)
                  00000720    00000006                   : sysctl.obj (.text:SysCtlDelay)
                  00000726    00000004     rtsv7M4_T_le_v4SPD16_eabi.lib : pre_init.c.obj (.text:_system_pre_init)
                  0000072a    00000004                                   : exit.c.obj (.text:abort:abort)

.const     0    00000730    0000006c     
                  00000730    0000006c     driverlib.lib : sysctl.obj (.const:g_pui32Xtals)

.cinit     0    00000000    00000000     UNINITIALIZED

.init_array 
*          0    00000000    00000000     UNINITIALIZED

.stack     0    20000000    00000200     UNINITIALIZED
                  20000000    00000004     rtsv7M4_T_le_v4SPD16_eabi.lib : boot_cortex_m.c.obj (.stack)
                  20000004    000001fc     --HOLE--

__llvm_prf_cnts 
*          0    20000000    00000000     UNINITIALIZED

MODULE SUMMARY

       Module                         code   ro data   rw data
       ------                         ----   -------   -------
    .\
       tm4c123gh6pm_startup_ccs.obj   12     620       0      
       main.obj                       132    0         0      
    +--+------------------------------+------+---------+---------+
       Total:                         144    620       0      
                                                              
    E:/Apps/ti/TivaWare_C_Series-2.2.0.295/driverlib/ccs/Debug/driverlib.lib
       sysctl.obj                     582    108       0      
       gpio.obj                       440    0         0      
    +--+------------------------------+------+---------+---------+
       Total:                         1022   108       0      
                                                              
    E:\Apps\ti\ccs1250\ccs\tools\compiler\ti-cgt-arm_20.2.7.LTS\lib\rtsv7M4_T_le_v4SPD16_eabi.lib
       boot_cortex_m.c.obj            44     0         0      
       exit.c.obj                     4      0         0      
       pre_init.c.obj                 4      0         0      
    +--+------------------------------+------+---------+---------+
       Total:                         52     0         0      
                                                              
       Stack:                         0      0         512    
    +--+------------------------------+------+---------+---------+
       Grand Total:                   1218   728       512    


GLOBAL SYMBOLS: SORTED ALPHABETICALLY BY Name 

address   name                   
-------   ----                   
0000072b  C$$EXIT                
0000069d  GPIODirModeSet         
0000026d  GPIOPadConfigSet       
000006f5  GPIOPinTypeGPIOOutput  
0000071b  GPIOPinWrite           
0000070f  ResetISR               
000003d9  SysCtlClockGet         
000004f1  SysCtlClockSet         
00000721  SysCtlDelay            
00000669  SysCtlPeripheralEnable 
20000200  __STACK_END            
00000200  __STACK_SIZE           
20000200  __STACK_TOP            
ffffffff  __TI_pprof_out_hndl    
ffffffff  __TI_prof_data_size    
ffffffff  __TI_prof_data_start   
00000000  __TI_static_base__     
ffffffff  __binit__              
ffffffff  __c_args__             
UNDEFED   __mpu_init             
20000000  __stack                
20000000  __start___llvm_prf_cnts
20000000  __stop___llvm_prf_cnts 
000006c9  _c_int00_noinit_noargs 
00000727  _system_pre_init       
0000072b  abort                  
ffffffff  binit                  
000005e5  configureGPIO          
00000000  g_pfnVectors           
000005f7  generateClock1         
0000062b  generateClock2         
0000064b  main                   


GLOBAL SYMBOLS: SORTED BY Symbol Address 

address   name                   
-------   ----                   
00000000  __TI_static_base__     
00000000  g_pfnVectors           
00000200  __STACK_SIZE           
0000026d  GPIOPadConfigSet       
000003d9  SysCtlClockGet         
000004f1  SysCtlClockSet         
000005e5  configureGPIO          
000005f7  generateClock1         
0000062b  generateClock2         
0000064b  main                   
00000669  SysCtlPeripheralEnable 
0000069d  GPIODirModeSet         
000006c9  _c_int00_noinit_noargs 
000006f5  GPIOPinTypeGPIOOutput  
0000070f  ResetISR               
0000071b  GPIOPinWrite           
00000721  SysCtlDelay            
00000727  _system_pre_init       
0000072b  C$$EXIT                
0000072b  abort                  
20000000  __stack                
20000000  __start___llvm_prf_cnts
20000000  __stop___llvm_prf_cnts 
20000200  __STACK_END            
20000200  __STACK_TOP            
ffffffff  __TI_pprof_out_hndl    
ffffffff  __TI_prof_data_size    
ffffffff  __TI_prof_data_start   
ffffffff  __binit__              
ffffffff  __c_args__             
ffffffff  binit                  
UNDEFED   __mpu_init             

[32 symbols]
