<?xml version="1.0" encoding="ISO-8859-1" ?>
<link_info>
   <banner>TI ARM Linker PC v20.2.4.LTS</banner>
   <copyright>Copyright (c) 1996-2018 Texas Instruments Incorporated</copyright>
   <link_time>0x60aa5a29</link_time>
   <link_errors>0x0</link_errors>
   <output_file>FreeRTOSExample7.out</output_file>
   <entry_point>
      <name>_c_int00_noargs</name>
      <address>0x3a49</address>
   </entry_point>
   <input_file_list>
      <input_file id="fl-2">
         <path>.\</path>
         <kind>object</kind>
         <file>tm4c123gh6pm_startup_ccs.obj</file>
         <name>tm4c123gh6pm_startup_ccs.obj</name>
      </input_file>
      <input_file id="fl-3">
         <path>.\Application\</path>
         <kind>object</kind>
         <file>freertos_demo.obj</file>
         <name>freertos_demo.obj</name>
      </input_file>
      <input_file id="fl-4">
         <path>.\Application\</path>
         <kind>object</kind>
         <file>ledGreenStateMachine.obj</file>
         <name>ledGreenStateMachine.obj</name>
      </input_file>
      <input_file id="fl-5">
         <path>.\Application\</path>
         <kind>object</kind>
         <file>ledRedStateMachine.obj</file>
         <name>ledRedStateMachine.obj</name>
      </input_file>
      <input_file id="fl-6">
         <path>.\Application\</path>
         <kind>object</kind>
         <file>led_task.obj</file>
         <name>led_task.obj</name>
      </input_file>
      <input_file id="fl-7">
         <path>.\Application\</path>
         <kind>object</kind>
         <file>switch_task.obj</file>
         <name>switch_task.obj</name>
      </input_file>
      <input_file id="fl-8">
         <path>.\FreeRTOSSource\</path>
         <kind>object</kind>
         <file>croutine.obj</file>
         <name>croutine.obj</name>
      </input_file>
      <input_file id="fl-9">
         <path>.\FreeRTOSSource\</path>
         <kind>object</kind>
         <file>event_groups.obj</file>
         <name>event_groups.obj</name>
      </input_file>
      <input_file id="fl-a">
         <path>.\FreeRTOSSource\</path>
         <kind>object</kind>
         <file>heap_2.obj</file>
         <name>heap_2.obj</name>
      </input_file>
      <input_file id="fl-b">
         <path>.\FreeRTOSSource\</path>
         <kind>object</kind>
         <file>list.obj</file>
         <name>list.obj</name>
      </input_file>
      <input_file id="fl-c">
         <path>.\FreeRTOSSource\</path>
         <kind>object</kind>
         <file>port.obj</file>
         <name>port.obj</name>
      </input_file>
      <input_file id="fl-d">
         <path>.\FreeRTOSSource\</path>
         <kind>object</kind>
         <file>portasm.obj</file>
         <name>portasm.obj</name>
      </input_file>
      <input_file id="fl-e">
         <path>.\FreeRTOSSource\</path>
         <kind>object</kind>
         <file>queue.obj</file>
         <name>queue.obj</name>
      </input_file>
      <input_file id="fl-f">
         <path>.\FreeRTOSSource\</path>
         <kind>object</kind>
         <file>stream_buffer.obj</file>
         <name>stream_buffer.obj</name>
      </input_file>
      <input_file id="fl-10">
         <path>.\FreeRTOSSource\</path>
         <kind>object</kind>
         <file>tasks.obj</file>
         <name>tasks.obj</name>
      </input_file>
      <input_file id="fl-11">
         <path>.\FreeRTOSSource\</path>
         <kind>object</kind>
         <file>timers.obj</file>
         <name>timers.obj</name>
      </input_file>
      <input_file id="fl-12">
         <path>.\drivers\</path>
         <kind>object</kind>
         <file>buttons.obj</file>
         <name>buttons.obj</name>
      </input_file>
      <input_file id="fl-13">
         <path>.\drivers\</path>
         <kind>object</kind>
         <file>led.obj</file>
         <name>led.obj</name>
      </input_file>
      <input_file id="fl-14">
         <path>.\drivers\</path>
         <kind>object</kind>
         <file>rgb.obj</file>
         <name>rgb.obj</name>
      </input_file>
      <input_file id="fl-15">
         <path>.\drivers\</path>
         <kind>object</kind>
         <file>switches.obj</file>
         <name>switches.obj</name>
      </input_file>
      <input_file id="fl-16">
         <path>.\drivers\</path>
         <kind>object</kind>
         <file>uartstdio.obj</file>
         <name>uartstdio.obj</name>
      </input_file>
      <input_file id="fl-1b">
         <kind>object</kind>
         <file>&lt;internal&gt;</file>
         <name>&lt;internal&gt;</name>
      </input_file>
      <input_file id="fl-1c">
         <path>D:\TIVAWARE\driverlib\ccs\Debug\</path>
         <kind>archive</kind>
         <file>driverlib.lib</file>
         <name>gpio.obj</name>
      </input_file>
      <input_file id="fl-1d">
         <path>D:\TIVAWARE\driverlib\ccs\Debug\</path>
         <kind>archive</kind>
         <file>driverlib.lib</file>
         <name>interrupt.obj</name>
      </input_file>
      <input_file id="fl-1e">
         <path>D:\TIVAWARE\driverlib\ccs\Debug\</path>
         <kind>archive</kind>
         <file>driverlib.lib</file>
         <name>sysctl.obj</name>
      </input_file>
      <input_file id="fl-1f">
         <path>D:\TIVAWARE\driverlib\ccs\Debug\</path>
         <kind>archive</kind>
         <file>driverlib.lib</file>
         <name>uart.obj</name>
      </input_file>
      <input_file id="fl-20">
         <path>D:\TIVAWARE\driverlib\ccs\Debug\</path>
         <kind>archive</kind>
         <file>driverlib.lib</file>
         <name>cpu.obj</name>
      </input_file>
      <input_file id="fl-d6">
         <path>D:\ccs\tools\compiler\ti-cgt-arm_20.2.4.LTS\lib\</path>
         <kind>archive</kind>
         <file>rtsv7M4_T_le_v4SPD16_eabi.lib</file>
         <name>u_divt2.asm.obj</name>
      </input_file>
      <input_file id="fl-d7">
         <path>D:\ccs\tools\compiler\ti-cgt-arm_20.2.4.LTS\lib\</path>
         <kind>archive</kind>
         <file>rtsv7M4_T_le_v4SPD16_eabi.lib</file>
         <name>memset_t2.asm.obj</name>
      </input_file>
      <input_file id="fl-d8">
         <path>D:\ccs\tools\compiler\ti-cgt-arm_20.2.4.LTS\lib\</path>
         <kind>archive</kind>
         <file>rtsv7M4_T_le_v4SPD16_eabi.lib</file>
         <name>fs_toull_t2.asm.obj</name>
      </input_file>
      <input_file id="fl-d9">
         <path>D:\ccs\tools\compiler\ti-cgt-arm_20.2.4.LTS\lib\</path>
         <kind>archive</kind>
         <file>rtsv7M4_T_le_v4SPD16_eabi.lib</file>
         <name>memcpy_t2.asm.obj</name>
      </input_file>
      <input_file id="fl-da">
         <path>D:\ccs\tools\compiler\ti-cgt-arm_20.2.4.LTS\lib\</path>
         <kind>archive</kind>
         <file>rtsv7M4_T_le_v4SPD16_eabi.lib</file>
         <name>copy_zero_init.c.obj</name>
      </input_file>
      <input_file id="fl-db">
         <path>D:\ccs\tools\compiler\ti-cgt-arm_20.2.4.LTS\lib\</path>
         <kind>archive</kind>
         <file>rtsv7M4_T_le_v4SPD16_eabi.lib</file>
         <name>copy_decompress_none.c.obj</name>
      </input_file>
      <input_file id="fl-dc">
         <path>D:\ccs\tools\compiler\ti-cgt-arm_20.2.4.LTS\lib\</path>
         <kind>archive</kind>
         <file>rtsv7M4_T_le_v4SPD16_eabi.lib</file>
         <name>copy_decompress_lzss.c.obj</name>
      </input_file>
      <input_file id="fl-dd">
         <path>D:\ccs\tools\compiler\ti-cgt-arm_20.2.4.LTS\lib\</path>
         <kind>archive</kind>
         <file>rtsv7M4_T_le_v4SPD16_eabi.lib</file>
         <name>boot_cortex_m.c.obj</name>
      </input_file>
      <input_file id="fl-de">
         <path>D:\ccs\tools\compiler\ti-cgt-arm_20.2.4.LTS\lib\</path>
         <kind>archive</kind>
         <file>rtsv7M4_T_le_v4SPD16_eabi.lib</file>
         <name>div0.asm.obj</name>
      </input_file>
      <input_file id="fl-df">
         <path>D:\ccs\tools\compiler\ti-cgt-arm_20.2.4.LTS\lib\</path>
         <kind>archive</kind>
         <file>rtsv7M4_T_le_v4SPD16_eabi.lib</file>
         <name>autoinit.c.obj</name>
      </input_file>
      <input_file id="fl-e0">
         <path>D:\ccs\tools\compiler\ti-cgt-arm_20.2.4.LTS\lib\</path>
         <kind>archive</kind>
         <file>rtsv7M4_T_le_v4SPD16_eabi.lib</file>
         <name>pre_init.c.obj</name>
      </input_file>
      <input_file id="fl-e1">
         <path>D:\ccs\tools\compiler\ti-cgt-arm_20.2.4.LTS\lib\</path>
         <kind>archive</kind>
         <file>rtsv7M4_T_le_v4SPD16_eabi.lib</file>
         <name>cpy_tbl.c.obj</name>
      </input_file>
      <input_file id="fl-e2">
         <path>D:\ccs\tools\compiler\ti-cgt-arm_20.2.4.LTS\lib\</path>
         <kind>archive</kind>
         <file>rtsv7M4_T_le_v4SPD16_eabi.lib</file>
         <name>exit.c.obj</name>
      </input_file>
      <input_file id="fl-e3">
         <path>D:\ccs\tools\compiler\ti-cgt-arm_20.2.4.LTS\lib\</path>
         <kind>archive</kind>
         <file>rtsv7M4_T_le_v4SPD16_eabi.lib</file>
         <name>_lock.c.obj</name>
      </input_file>
      <input_file id="fl-e4">
         <path>D:\ccs\tools\compiler\ti-cgt-arm_20.2.4.LTS\lib\</path>
         <kind>archive</kind>
         <file>rtsv7M4_T_le_v4SPD16_eabi.lib</file>
         <name>args_main.c.obj</name>
      </input_file>
   </input_file_list>
   <object_component_list>
      <object_component id="oc-12">
         <name>.intvecs</name>
         <load_address>0x0</load_address>
         <run_address>0x0</run_address>
         <size>0x26c</size>
         <input_file_ref idref="fl-2"/>
      </object_component>
      <object_component id="oc-7f">
         <name>.text</name>
         <load_address>0x26c</load_address>
         <run_address>0x26c</run_address>
         <size>0x1894</size>
         <input_file_ref idref="fl-10"/>
      </object_component>
      <object_component id="oc-15a">
         <name>.text</name>
         <load_address>0x1b00</load_address>
         <run_address>0x1b00</run_address>
         <size>0xc80</size>
         <input_file_ref idref="fl-e"/>
      </object_component>
      <object_component id="oc-130">
         <name>.text</name>
         <load_address>0x2780</load_address>
         <run_address>0x2780</run_address>
         <size>0x4dc</size>
         <input_file_ref idref="fl-16"/>
      </object_component>
      <object_component id="oc-c2">
         <name>.text</name>
         <load_address>0x2c5c</load_address>
         <run_address>0x2c5c</run_address>
         <size>0x310</size>
         <input_file_ref idref="fl-3"/>
      </object_component>
      <object_component id="oc-de">
         <name>.text</name>
         <load_address>0x2f6c</load_address>
         <run_address>0x2f6c</run_address>
         <size>0x1b8</size>
         <input_file_ref idref="fl-a"/>
      </object_component>
      <object_component id="oc-223">
         <name>.text:GPIOPadConfigSet</name>
         <load_address>0x3124</load_address>
         <run_address>0x3124</run_address>
         <size>0x16c</size>
         <input_file_ref idref="fl-1c"/>
      </object_component>
      <object_component id="oc-32">
         <name>.text</name>
         <load_address>0x3290</load_address>
         <run_address>0x3290</run_address>
         <size>0x13c</size>
         <input_file_ref idref="fl-c"/>
      </object_component>
      <object_component id="oc-e4">
         <name>.text</name>
         <load_address>0x33cc</load_address>
         <run_address>0x33cc</run_address>
         <size>0x12a</size>
         <input_file_ref idref="fl-b"/>
      </object_component>
      <object_component id="oc-28a">
         <name>.text</name>
         <load_address>0x34f6</load_address>
         <run_address>0x34f6</run_address>
         <size>0x2</size>
         <input_file_ref idref="fl-de"/>
      </object_component>
      <object_component id="oc-136">
         <name>.text:SysCtlClockSet</name>
         <load_address>0x34f8</load_address>
         <run_address>0x34f8</run_address>
         <size>0xf4</size>
         <input_file_ref idref="fl-1e"/>
      </object_component>
      <object_component id="oc-2d">
         <name>.text</name>
         <load_address>0x35ec</load_address>
         <run_address>0x35ec</run_address>
         <size>0xda</size>
         <input_file_ref idref="fl-d"/>
      </object_component>
      <object_component id="oc-46">
         <name>.text</name>
         <load_address>0x36c6</load_address>
         <run_address>0x36c6</run_address>
         <size>0x9c</size>
         <input_file_ref idref="fl-d9"/>
      </object_component>
      <object_component id="oc-14e">
         <name>.text</name>
         <load_address>0x3764</load_address>
         <run_address>0x3764</run_address>
         <size>0x9c</size>
         <input_file_ref idref="fl-15"/>
      </object_component>
      <object_component id="oc-b6">
         <name>.text</name>
         <load_address>0x3800</load_address>
         <run_address>0x3800</run_address>
         <size>0x7a</size>
         <input_file_ref idref="fl-d7"/>
      </object_component>
      <object_component id="oc-15">
         <name>.text:decompress:lzss:__TI_decompress_lzss</name>
         <load_address>0x387a</load_address>
         <run_address>0x387a</run_address>
         <size>0x68</size>
         <input_file_ref idref="fl-dc"/>
      </object_component>
      <object_component id="oc-154">
         <name>.text</name>
         <load_address>0x38e4</load_address>
         <run_address>0x38e4</run_address>
         <size>0x60</size>
         <input_file_ref idref="fl-13"/>
      </object_component>
      <object_component id="oc-142">
         <name>.text:GPIOPinConfigure</name>
         <load_address>0x3944</load_address>
         <run_address>0x3944</run_address>
         <size>0x4c</size>
         <input_file_ref idref="fl-1c"/>
      </object_component>
      <object_component id="oc-17e">
         <name>.text:__TI_auto_init_nobinit_nopinit:__TI_auto_init_nobinit_nopinit</name>
         <load_address>0x3990</load_address>
         <run_address>0x3990</run_address>
         <size>0x44</size>
         <input_file_ref idref="fl-df"/>
      </object_component>
      <object_component id="oc-200">
         <name>.text</name>
         <load_address>0x39d4</load_address>
         <run_address>0x39d4</run_address>
         <size>0x40</size>
         <input_file_ref idref="fl-d6"/>
      </object_component>
      <object_component id="oc-13c">
         <name>.text:SysCtlPeripheralEnable</name>
         <load_address>0x3a14</load_address>
         <run_address>0x3a14</run_address>
         <size>0x34</size>
         <input_file_ref idref="fl-1e"/>
      </object_component>
      <object_component id="oc-64">
         <name>.text:_c_int00_noargs:_c_int00_noargs</name>
         <load_address>0x3a48</load_address>
         <run_address>0x3a48</run_address>
         <size>0x34</size>
         <input_file_ref idref="fl-dd"/>
      </object_component>
      <object_component id="oc-21d">
         <name>.text:GPIODirModeSet</name>
         <load_address>0x3a7c</load_address>
         <run_address>0x3a7c</run_address>
         <size>0x2c</size>
         <input_file_ref idref="fl-1c"/>
      </object_component>
      <object_component id="oc-231">
         <name>.text:GPIOPinTypeGPIOOutput</name>
         <load_address>0x3aa8</load_address>
         <run_address>0x3aa8</run_address>
         <size>0x1a</size>
         <input_file_ref idref="fl-1c"/>
      </object_component>
      <object_component id="oc-148">
         <name>.text:GPIOPinTypeUART</name>
         <load_address>0x3ac2</load_address>
         <run_address>0x3ac2</run_address>
         <size>0x16</size>
         <input_file_ref idref="fl-1c"/>
      </object_component>
      <object_component id="oc-1b">
         <name>.text:decompress:none:__TI_decompress_none</name>
         <load_address>0x3ad8</load_address>
         <run_address>0x3ad8</run_address>
         <size>0xe</size>
         <input_file_ref idref="fl-db"/>
      </object_component>
      <object_component id="oc-58">
         <name>.text:decompress:ZI:__TI_zero_init</name>
         <load_address>0x3ae6</load_address>
         <run_address>0x3ae6</run_address>
         <size>0xc</size>
         <input_file_ref idref="fl-da"/>
      </object_component>
      <object_component id="oc-27">
         <name>.text</name>
         <load_address>0x3af2</load_address>
         <run_address>0x3af2</run_address>
         <size>0xc</size>
         <input_file_ref idref="fl-2"/>
      </object_component>
      <object_component id="oc-160">
         <name>.text:UARTCharGet</name>
         <load_address>0x3afe</load_address>
         <run_address>0x3afe</run_address>
         <size>0xa</size>
         <input_file_ref idref="fl-1f"/>
      </object_component>
      <object_component id="oc-22a">
         <name>.text:GPIOPinRead</name>
         <load_address>0x3b08</load_address>
         <run_address>0x3b08</run_address>
         <size>0x6</size>
         <input_file_ref idref="fl-1c"/>
      </object_component>
      <object_component id="oc-237">
         <name>.text:GPIOPinWrite</name>
         <load_address>0x3b0e</load_address>
         <run_address>0x3b0e</run_address>
         <size>0x6</size>
         <input_file_ref idref="fl-1c"/>
      </object_component>
      <object_component id="oc-214">
         <name>.text:SysCtlDelay</name>
         <load_address>0x3b14</load_address>
         <run_address>0x3b14</run_address>
         <size>0x6</size>
         <input_file_ref idref="fl-1e"/>
      </object_component>
      <object_component id="oc-12a">
         <name>.text:UARTClockSourceSet</name>
         <load_address>0x3b1a</load_address>
         <run_address>0x3b1a</run_address>
         <size>0x6</size>
         <input_file_ref idref="fl-1f"/>
      </object_component>
      <object_component id="oc-bc">
         <name>.text:_system_pre_init</name>
         <load_address>0x3b20</load_address>
         <run_address>0x3b20</run_address>
         <size>0x4</size>
         <input_file_ref idref="fl-e0"/>
      </object_component>
      <object_component id="oc-172">
         <name>.text:abort:abort</name>
         <load_address>0x3b24</load_address>
         <run_address>0x3b24</run_address>
         <size>0x4</size>
         <input_file_ref idref="fl-e2"/>
      </object_component>
      <object_component id="oc-218">
         <name>.const:g_pui32GPIOBaseAddrs</name>
         <load_address>0x3b28</load_address>
         <run_address>0x3b28</run_address>
         <size>0x90</size>
         <input_file_ref idref="fl-1c"/>
      </object_component>
      <object_component id="oc-290">
         <name>.const:.string</name>
         <load_address>0x3bb8</load_address>
         <run_address>0x3bb8</run_address>
         <size>0x12</size>
         <input_file_ref idref="fl-16"/>
      </object_component>
      <object_component id="oc-1fd">
         <name>.const:g_ui32UARTBase</name>
         <load_address>0x3bcc</load_address>
         <run_address>0x3bcc</run_address>
         <size>0xc</size>
         <input_file_ref idref="fl-16"/>
      </object_component>
      <object_component id="oc-1f7">
         <name>.const:g_ui32UARTPeriph</name>
         <load_address>0x3bd8</load_address>
         <run_address>0x3bd8</run_address>
         <size>0xc</size>
         <input_file_ref idref="fl-16"/>
      </object_component>
      <object_component id="oc-23d">
         <name>.const:ledPin</name>
         <load_address>0x3be4</load_address>
         <run_address>0x3be4</run_address>
         <size>0xc</size>
         <input_file_ref idref="fl-13"/>
      </object_component>
      <object_component id="oc-7c">
         <name>.const</name>
         <load_address>0x3bf0</load_address>
         <run_address>0x3bf0</run_address>
         <size>0x4</size>
         <input_file_ref idref="fl-c"/>
      </object_component>
      <object_component id="oc-205">
         <name>.const</name>
         <load_address>0x3bf4</load_address>
         <run_address>0x3bf4</run_address>
         <size>0x4</size>
         <input_file_ref idref="fl-16"/>
      </object_component>
      <object_component id="oc-31d">
         <name>.cinit..data.load</name>
         <load_address>0x3bf8</load_address>
         <run_address>0x3bf8</run_address>
         <size>0xf</size>
      </object_component>
      <object_component id="oc-31b">
         <name>__TI_handler_table</name>
         <load_address>0x3c08</load_address>
         <run_address>0x3c08</run_address>
         <size>0xc</size>
      </object_component>
      <object_component id="oc-31e">
         <name>.cinit..bss.load</name>
         <load_address>0x3c18</load_address>
         <run_address>0x3c18</run_address>
         <size>0x8</size>
      </object_component>
      <object_component id="oc-31c">
         <name>__TI_cinit_table</name>
         <load_address>0x3c20</load_address>
         <run_address>0x3c20</run_address>
         <size>0x10</size>
      </object_component>
      <object_component id="oc-1c6">
         <name>.data</name>
         <load_address>0x20007974</load_address>
         <run_address>0x20007974</run_address>
         <size>0x8</size>
         <input_file_ref idref="fl-a"/>
      </object_component>
      <object_component id="oc-86">
         <name>.data</name>
         <load_address>0x20007984</load_address>
         <run_address>0x20007984</run_address>
         <size>0x4</size>
         <input_file_ref idref="fl-c"/>
      </object_component>
      <object_component id="oc-79">
         <name>.data</name>
         <load_address>0x20007940</load_address>
         <run_address>0x20007940</run_address>
         <size>0x34</size>
         <input_file_ref idref="fl-10"/>
      </object_component>
      <object_component id="oc-1fa">
         <name>.data</name>
         <load_address>0x2000797c</load_address>
         <run_address>0x2000797c</run_address>
         <size>0x5</size>
         <input_file_ref idref="fl-16"/>
      </object_component>
      <object_component id="oc-1cf">
         <name>.bss:ucHeap</name>
         <uninitialized>true</uninitialized>
         <run_address>0x20000000</run_address>
         <size>0x7530</size>
         <input_file_ref idref="fl-a"/>
      </object_component>
      <object_component id="oc-1c9">
         <name>.bss:xStart</name>
         <uninitialized>true</uninitialized>
         <run_address>0x20007734</run_address>
         <size>0x8</size>
         <input_file_ref idref="fl-a"/>
      </object_component>
      <object_component id="oc-1cc">
         <name>.bss:xEnd</name>
         <uninitialized>true</uninitialized>
         <run_address>0x2000772c</run_address>
         <size>0x8</size>
         <input_file_ref idref="fl-a"/>
      </object_component>
      <object_component id="oc-ea">
         <name>.bss:pxReadyTasksLists</name>
         <uninitialized>true</uninitialized>
         <run_address>0x20007530</run_address>
         <size>0x140</size>
         <input_file_ref idref="fl-10"/>
      </object_component>
      <object_component id="oc-f9">
         <name>.bss:xDelayedTaskList1</name>
         <uninitialized>true</uninitialized>
         <run_address>0x200076c0</run_address>
         <size>0x14</size>
         <input_file_ref idref="fl-10"/>
      </object_component>
      <object_component id="oc-fc">
         <name>.bss:xDelayedTaskList2</name>
         <uninitialized>true</uninitialized>
         <run_address>0x200076d4</run_address>
         <size>0x14</size>
         <input_file_ref idref="fl-10"/>
      </object_component>
      <object_component id="oc-f0">
         <name>.bss</name>
         <uninitialized>true</uninitialized>
         <run_address>0x20007724</run_address>
         <size>0x8</size>
         <input_file_ref idref="fl-10"/>
      </object_component>
      <object_component id="oc-f6">
         <name>.bss:xPendingReadyList</name>
         <uninitialized>true</uninitialized>
         <run_address>0x200076e8</run_address>
         <size>0x14</size>
         <input_file_ref idref="fl-10"/>
      </object_component>
      <object_component id="oc-ed">
         <name>.bss:xTasksWaitingTermination</name>
         <uninitialized>true</uninitialized>
         <run_address>0x20007710</run_address>
         <size>0x14</size>
         <input_file_ref idref="fl-10"/>
      </object_component>
      <object_component id="oc-f3">
         <name>.bss:xSuspendedTaskList</name>
         <uninitialized>true</uninitialized>
         <run_address>0x200076fc</run_address>
         <size>0x14</size>
         <input_file_ref idref="fl-10"/>
      </object_component>
      <object_component id="oc-166">
         <name>.common:xQueue</name>
         <uninitialized>true</uninitialized>
         <run_address>0x2000773c</run_address>
         <size>0x4</size>
      </object_component>
      <object_component id="oc-241">
         <name>.common:xQueueRegistry</name>
         <uninitialized>true</uninitialized>
         <run_address>0x20007670</run_address>
         <size>0x50</size>
      </object_component>
      <object_component id="oc-24">
         <name>.stack</name>
         <uninitialized>true</uninitialized>
         <run_address>0x20007740</run_address>
         <size>0x4</size>
         <input_file_ref idref="fl-dd"/>
      </object_component>
      <object_component id="oc-320">
         <name>.stack</name>
         <uninitialized>true</uninitialized>
         <run_address>0x20007740</run_address>
         <size>0x0</size>
      </object_component>
      <object_component id="oc-3a">
         <name>.debug_info</name>
         <load_address>0x0</load_address>
         <run_address>0x0</run_address>
         <size>0x334</size>
         <input_file_ref idref="fl-2"/>
      </object_component>
      <object_component id="oc-13">
         <name>.debug_info</name>
         <load_address>0x334</load_address>
         <run_address>0x334</run_address>
         <size>0xf3</size>
         <input_file_ref idref="fl-2"/>
      </object_component>
      <object_component id="oc-28">
         <name>.debug_info</name>
         <load_address>0x427</load_address>
         <run_address>0x427</run_address>
         <size>0x26f</size>
         <input_file_ref idref="fl-2"/>
      </object_component>
      <object_component id="oc-97">
         <name>.debug_info</name>
         <load_address>0x696</load_address>
         <run_address>0x696</run_address>
         <size>0x26b</size>
         <input_file_ref idref="fl-2"/>
      </object_component>
      <object_component id="oc-41">
         <name>.debug_info</name>
         <load_address>0x901</load_address>
         <run_address>0x901</run_address>
         <size>0x84</size>
         <input_file_ref idref="fl-2"/>
      </object_component>
      <object_component id="oc-115">
         <name>.debug_info</name>
         <load_address>0x985</load_address>
         <run_address>0x985</run_address>
         <size>0x2a4</size>
         <input_file_ref idref="fl-2"/>
      </object_component>
      <object_component id="oc-9c">
         <name>.debug_info</name>
         <load_address>0xc29</load_address>
         <run_address>0xc29</run_address>
         <size>0xbb</size>
         <input_file_ref idref="fl-2"/>
      </object_component>
      <object_component id="oc-113">
         <name>.debug_info</name>
         <load_address>0xce4</load_address>
         <run_address>0xce4</run_address>
         <size>0x727</size>
         <input_file_ref idref="fl-3"/>
      </object_component>
      <object_component id="oc-c3">
         <name>.debug_info</name>
         <load_address>0x140b</load_address>
         <run_address>0x140b</run_address>
         <size>0x986</size>
         <input_file_ref idref="fl-3"/>
      </object_component>
      <object_component id="oc-16d">
         <name>.debug_info</name>
         <load_address>0x1d91</load_address>
         <run_address>0x1d91</run_address>
         <size>0x48</size>
         <input_file_ref idref="fl-3"/>
      </object_component>
      <object_component id="oc-d7">
         <name>.debug_info</name>
         <load_address>0x1dd9</load_address>
         <run_address>0x1dd9</run_address>
         <size>0x30c</size>
         <input_file_ref idref="fl-3"/>
      </object_component>
      <object_component id="oc-168">
         <name>.debug_info</name>
         <load_address>0x20e5</load_address>
         <run_address>0x20e5</run_address>
         <size>0x72</size>
         <input_file_ref idref="fl-3"/>
      </object_component>
      <object_component id="oc-10e">
         <name>.debug_info</name>
         <load_address>0x2157</load_address>
         <run_address>0x2157</run_address>
         <size>0x44c</size>
         <input_file_ref idref="fl-3"/>
      </object_component>
      <object_component id="oc-1e6">
         <name>.debug_info</name>
         <load_address>0x25a3</load_address>
         <run_address>0x25a3</run_address>
         <size>0x46</size>
         <input_file_ref idref="fl-3"/>
      </object_component>
      <object_component id="oc-8b">
         <name>.debug_info</name>
         <load_address>0x25e9</load_address>
         <run_address>0x25e9</run_address>
         <size>0x2c</size>
         <input_file_ref idref="fl-3"/>
      </object_component>
      <object_component id="oc-104">
         <name>.debug_info</name>
         <load_address>0x2615</load_address>
         <run_address>0x2615</run_address>
         <size>0x53</size>
         <input_file_ref idref="fl-3"/>
      </object_component>
      <object_component id="oc-90">
         <name>.debug_info</name>
         <load_address>0x2668</load_address>
         <run_address>0x2668</run_address>
         <size>0x53</size>
         <input_file_ref idref="fl-3"/>
      </object_component>
      <object_component id="oc-20f">
         <name>.debug_info</name>
         <load_address>0x26bb</load_address>
         <run_address>0x26bb</run_address>
         <size>0x2c</size>
         <input_file_ref idref="fl-3"/>
      </object_component>
      <object_component id="oc-1eb">
         <name>.debug_info</name>
         <load_address>0x26e7</load_address>
         <run_address>0x26e7</run_address>
         <size>0x68</size>
         <input_file_ref idref="fl-3"/>
      </object_component>
      <object_component id="oc-109">
         <name>.debug_info</name>
         <load_address>0x274f</load_address>
         <run_address>0x274f</run_address>
         <size>0x14c</size>
         <input_file_ref idref="fl-3"/>
      </object_component>
      <object_component id="oc-266">
         <name>.debug_info</name>
         <load_address>0x289b</load_address>
         <run_address>0x289b</run_address>
         <size>0x615</size>
         <input_file_ref idref="fl-9"/>
      </object_component>
      <object_component id="oc-1b7">
         <name>.debug_info</name>
         <load_address>0x2eb0</load_address>
         <run_address>0x2eb0</run_address>
         <size>0x110</size>
         <input_file_ref idref="fl-9"/>
      </object_component>
      <object_component id="oc-1c1">
         <name>.debug_info</name>
         <load_address>0x2fc0</load_address>
         <run_address>0x2fc0</run_address>
         <size>0x44c</size>
         <input_file_ref idref="fl-9"/>
      </object_component>
      <object_component id="oc-2d6">
         <name>.debug_info</name>
         <load_address>0x340c</load_address>
         <run_address>0x340c</run_address>
         <size>0x39</size>
         <input_file_ref idref="fl-9"/>
      </object_component>
      <object_component id="oc-1b2">
         <name>.debug_info</name>
         <load_address>0x3445</load_address>
         <run_address>0x3445</run_address>
         <size>0x46</size>
         <input_file_ref idref="fl-9"/>
      </object_component>
      <object_component id="oc-2db">
         <name>.debug_info</name>
         <load_address>0x348b</load_address>
         <run_address>0x348b</run_address>
         <size>0x76</size>
         <input_file_ref idref="fl-9"/>
      </object_component>
      <object_component id="oc-1d3">
         <name>.debug_info</name>
         <load_address>0x3501</load_address>
         <run_address>0x3501</run_address>
         <size>0x3fc</size>
         <input_file_ref idref="fl-a"/>
      </object_component>
      <object_component id="oc-1d0">
         <name>.debug_info</name>
         <load_address>0x38fd</load_address>
         <run_address>0x38fd</run_address>
         <size>0xe3</size>
         <input_file_ref idref="fl-a"/>
      </object_component>
      <object_component id="oc-1ca">
         <name>.debug_info</name>
         <load_address>0x39e0</load_address>
         <run_address>0x39e0</run_address>
         <size>0xe3</size>
         <input_file_ref idref="fl-a"/>
      </object_component>
      <object_component id="oc-1cd">
         <name>.debug_info</name>
         <load_address>0x3ac3</load_address>
         <run_address>0x3ac3</run_address>
         <size>0xdf</size>
         <input_file_ref idref="fl-a"/>
      </object_component>
      <object_component id="oc-1c7">
         <name>.debug_info</name>
         <load_address>0x3ba2</load_address>
         <run_address>0x3ba2</run_address>
         <size>0xfd</size>
         <input_file_ref idref="fl-a"/>
      </object_component>
      <object_component id="oc-e0">
         <name>.debug_info</name>
         <load_address>0x3c9f</load_address>
         <run_address>0x3c9f</run_address>
         <size>0x5ef</size>
         <input_file_ref idref="fl-a"/>
      </object_component>
      <object_component id="oc-26b">
         <name>.debug_info</name>
         <load_address>0x428e</load_address>
         <run_address>0x428e</run_address>
         <size>0x62</size>
         <input_file_ref idref="fl-a"/>
      </object_component>
      <object_component id="oc-1d5">
         <name>.debug_info</name>
         <load_address>0x42f0</load_address>
         <run_address>0x42f0</run_address>
         <size>0x369</size>
         <input_file_ref idref="fl-b"/>
      </object_component>
      <object_component id="oc-e7">
         <name>.debug_info</name>
         <load_address>0x4659</load_address>
         <run_address>0x4659</run_address>
         <size>0x4f1</size>
         <input_file_ref idref="fl-b"/>
      </object_component>
      <object_component id="oc-8a">
         <name>.debug_info</name>
         <load_address>0x4b4a</load_address>
         <run_address>0x4b4a</run_address>
         <size>0x3e8</size>
         <input_file_ref idref="fl-c"/>
      </object_component>
      <object_component id="oc-7d">
         <name>.debug_info</name>
         <load_address>0x4f32</load_address>
         <run_address>0x4f32</run_address>
         <size>0x110</size>
         <input_file_ref idref="fl-c"/>
      </object_component>
      <object_component id="oc-87">
         <name>.debug_info</name>
         <load_address>0x5042</load_address>
         <run_address>0x5042</run_address>
         <size>0xf7</size>
         <input_file_ref idref="fl-c"/>
      </object_component>
      <object_component id="oc-35">
         <name>.debug_info</name>
         <load_address>0x5139</load_address>
         <run_address>0x5139</run_address>
         <size>0x5a7</size>
         <input_file_ref idref="fl-c"/>
      </object_component>
      <object_component id="oc-2e">
         <name>.debug_info</name>
         <load_address>0x56e0</load_address>
         <run_address>0x56e0</run_address>
         <size>0x245</size>
         <input_file_ref idref="fl-d"/>
      </object_component>
      <object_component id="oc-242">
         <name>.debug_info</name>
         <load_address>0x5925</load_address>
         <run_address>0x5925</run_address>
         <size>0x82b</size>
         <input_file_ref idref="fl-e"/>
      </object_component>
      <object_component id="oc-15e">
         <name>.debug_info</name>
         <load_address>0x6150</load_address>
         <run_address>0x6150</run_address>
         <size>0x347c</size>
         <input_file_ref idref="fl-e"/>
      </object_component>
      <object_component id="oc-2ae">
         <name>.debug_info</name>
         <load_address>0x95cc</load_address>
         <run_address>0x95cc</run_address>
         <size>0x1cd</size>
         <input_file_ref idref="fl-e"/>
      </object_component>
      <object_component id="oc-121">
         <name>.debug_info</name>
         <load_address>0x9799</load_address>
         <run_address>0x9799</run_address>
         <size>0x2c</size>
         <input_file_ref idref="fl-f"/>
      </object_component>
      <object_component id="oc-d6">
         <name>.debug_info</name>
         <load_address>0x97c5</load_address>
         <run_address>0x97c5</run_address>
         <size>0x78c</size>
         <input_file_ref idref="fl-10"/>
      </object_component>
      <object_component id="oc-7a">
         <name>.debug_info</name>
         <load_address>0x9f51</load_address>
         <run_address>0x9f51</run_address>
         <size>0x352</size>
         <input_file_ref idref="fl-10"/>
      </object_component>
      <object_component id="oc-eb">
         <name>.debug_info</name>
         <load_address>0xa2a3</load_address>
         <run_address>0xa2a3</run_address>
         <size>0xf9</size>
         <input_file_ref idref="fl-10"/>
      </object_component>
      <object_component id="oc-fa">
         <name>.debug_info</name>
         <load_address>0xa39c</load_address>
         <run_address>0xa39c</run_address>
         <size>0xf9</size>
         <input_file_ref idref="fl-10"/>
      </object_component>
      <object_component id="oc-fd">
         <name>.debug_info</name>
         <load_address>0xa495</load_address>
         <run_address>0xa495</run_address>
         <size>0xf9</size>
         <input_file_ref idref="fl-10"/>
      </object_component>
      <object_component id="oc-f1">
         <name>.debug_info</name>
         <load_address>0xa58e</load_address>
         <run_address>0xa58e</run_address>
         <size>0x13c</size>
         <input_file_ref idref="fl-10"/>
      </object_component>
      <object_component id="oc-f7">
         <name>.debug_info</name>
         <load_address>0xa6ca</load_address>
         <run_address>0xa6ca</run_address>
         <size>0xf9</size>
         <input_file_ref idref="fl-10"/>
      </object_component>
      <object_component id="oc-ee">
         <name>.debug_info</name>
         <load_address>0xa7c3</load_address>
         <run_address>0xa7c3</run_address>
         <size>0x107</size>
         <input_file_ref idref="fl-10"/>
      </object_component>
      <object_component id="oc-f4">
         <name>.debug_info</name>
         <load_address>0xa8ca</load_address>
         <run_address>0xa8ca</run_address>
         <size>0xfb</size>
         <input_file_ref idref="fl-10"/>
      </object_component>
      <object_component id="oc-81">
         <name>.debug_info</name>
         <load_address>0xa9c5</load_address>
         <run_address>0xa9c5</run_address>
         <size>0x4b54</size>
         <input_file_ref idref="fl-10"/>
      </object_component>
      <object_component id="oc-1bc">
         <name>.debug_info</name>
         <load_address>0xf519</load_address>
         <run_address>0xf519</run_address>
         <size>0x146</size>
         <input_file_ref idref="fl-10"/>
      </object_component>
      <object_component id="oc-2ab">
         <name>.debug_info</name>
         <load_address>0xf65f</load_address>
         <run_address>0xf65f</run_address>
         <size>0x330</size>
         <input_file_ref idref="fl-13"/>
      </object_component>
      <object_component id="oc-23e">
         <name>.debug_info</name>
         <load_address>0xf98f</load_address>
         <run_address>0xf98f</run_address>
         <size>0xda</size>
         <input_file_ref idref="fl-13"/>
      </object_component>
      <object_component id="oc-155">
         <name>.debug_info</name>
         <load_address>0xfa69</load_address>
         <run_address>0xfa69</run_address>
         <size>0x20e</size>
         <input_file_ref idref="fl-13"/>
      </object_component>
      <object_component id="oc-14f">
         <name>.debug_info</name>
         <load_address>0xfc77</load_address>
         <run_address>0xfc77</run_address>
         <size>0x1fa</size>
         <input_file_ref idref="fl-15"/>
      </object_component>
      <object_component id="oc-20e">
         <name>.debug_info</name>
         <load_address>0xfe71</load_address>
         <run_address>0xfe71</run_address>
         <size>0x2a6</size>
         <input_file_ref idref="fl-16"/>
      </object_component>
      <object_component id="oc-1fb">
         <name>.debug_info</name>
         <load_address>0x10117</load_address>
         <run_address>0x10117</run_address>
         <size>0xe7</size>
         <input_file_ref idref="fl-16"/>
      </object_component>
      <object_component id="oc-206">
         <name>.debug_info</name>
         <load_address>0x101fe</load_address>
         <run_address>0x101fe</run_address>
         <size>0xe1</size>
         <input_file_ref idref="fl-16"/>
      </object_component>
      <object_component id="oc-1fe">
         <name>.debug_info</name>
         <load_address>0x102df</load_address>
         <run_address>0x102df</run_address>
         <size>0xef</size>
         <input_file_ref idref="fl-16"/>
      </object_component>
      <object_component id="oc-1f8">
         <name>.debug_info</name>
         <load_address>0x103ce</load_address>
         <run_address>0x103ce</run_address>
         <size>0xf3</size>
         <input_file_ref idref="fl-16"/>
      </object_component>
      <object_component id="oc-134">
         <name>.debug_info</name>
         <load_address>0x104c1</load_address>
         <run_address>0x104c1</run_address>
         <size>0x76f</size>
         <input_file_ref idref="fl-16"/>
      </object_component>
      <object_component id="oc-209">
         <name>.debug_info</name>
         <load_address>0x10c30</load_address>
         <run_address>0x10c30</run_address>
         <size>0x8b</size>
         <input_file_ref idref="fl-16"/>
      </object_component>
      <object_component id="oc-21c">
         <name>.debug_info</name>
         <load_address>0x10cbb</load_address>
         <run_address>0x10cbb</run_address>
         <size>0x3e4</size>
         <input_file_ref idref="fl-1c"/>
      </object_component>
      <object_component id="oc-219">
         <name>.debug_info</name>
         <load_address>0x1109f</load_address>
         <run_address>0x1109f</run_address>
         <size>0x164</size>
         <input_file_ref idref="fl-1c"/>
      </object_component>
      <object_component id="oc-23b">
         <name>.debug_info</name>
         <load_address>0x11203</load_address>
         <run_address>0x11203</run_address>
         <size>0x2ac</size>
         <input_file_ref idref="fl-1c"/>
      </object_component>
      <object_component id="oc-221">
         <name>.debug_info</name>
         <load_address>0x114af</load_address>
         <run_address>0x114af</run_address>
         <size>0x2bc</size>
         <input_file_ref idref="fl-1c"/>
      </object_component>
      <object_component id="oc-227">
         <name>.debug_info</name>
         <load_address>0x1176b</load_address>
         <run_address>0x1176b</run_address>
         <size>0x31f</size>
         <input_file_ref idref="fl-1c"/>
      </object_component>
      <object_component id="oc-14c">
         <name>.debug_info</name>
         <load_address>0x11a8a</load_address>
         <run_address>0x11a8a</run_address>
         <size>0x29b</size>
         <input_file_ref idref="fl-1c"/>
      </object_component>
      <object_component id="oc-233">
         <name>.debug_info</name>
         <load_address>0x11d25</load_address>
         <run_address>0x11d25</run_address>
         <size>0x2c0</size>
         <input_file_ref idref="fl-1c"/>
      </object_component>
      <object_component id="oc-22c">
         <name>.debug_info</name>
         <load_address>0x11fe5</load_address>
         <run_address>0x11fe5</run_address>
         <size>0x284</size>
         <input_file_ref idref="fl-1c"/>
      </object_component>
      <object_component id="oc-144">
         <name>.debug_info</name>
         <load_address>0x12269</load_address>
         <run_address>0x12269</run_address>
         <size>0x289</size>
         <input_file_ref idref="fl-1c"/>
      </object_component>
      <object_component id="oc-27f">
         <name>.debug_info</name>
         <load_address>0x124f2</load_address>
         <run_address>0x124f2</run_address>
         <size>0x26b</size>
         <input_file_ref idref="fl-1c"/>
      </object_component>
      <object_component id="oc-278">
         <name>.debug_info</name>
         <load_address>0x1275d</load_address>
         <run_address>0x1275d</run_address>
         <size>0x297</size>
         <input_file_ref idref="fl-1c"/>
      </object_component>
      <object_component id="oc-29b">
         <name>.debug_info</name>
         <load_address>0x129f4</load_address>
         <run_address>0x129f4</run_address>
         <size>0xef</size>
         <input_file_ref idref="fl-1c"/>
      </object_component>
      <object_component id="oc-1f1">
         <name>.debug_info</name>
         <load_address>0x12ae3</load_address>
         <run_address>0x12ae3</run_address>
         <size>0xbb</size>
         <input_file_ref idref="fl-1c"/>
      </object_component>
      <object_component id="oc-216">
         <name>.debug_info</name>
         <load_address>0x12b9e</load_address>
         <run_address>0x12b9e</run_address>
         <size>0x441</size>
         <input_file_ref idref="fl-1e"/>
      </object_component>
      <object_component id="oc-13e">
         <name>.debug_info</name>
         <load_address>0x12fdf</load_address>
         <run_address>0x12fdf</run_address>
         <size>0x286</size>
         <input_file_ref idref="fl-1e"/>
      </object_component>
      <object_component id="oc-138">
         <name>.debug_info</name>
         <load_address>0x13265</load_address>
         <run_address>0x13265</run_address>
         <size>0x2e4</size>
         <input_file_ref idref="fl-1e"/>
      </object_component>
      <object_component id="oc-297">
         <name>.debug_info</name>
         <load_address>0x13549</load_address>
         <run_address>0x13549</run_address>
         <size>0x51</size>
         <input_file_ref idref="fl-1e"/>
      </object_component>
      <object_component id="oc-1f6">
         <name>.debug_info</name>
         <load_address>0x1359a</load_address>
         <run_address>0x1359a</run_address>
         <size>0x3cb</size>
         <input_file_ref idref="fl-1f"/>
      </object_component>
      <object_component id="oc-12c">
         <name>.debug_info</name>
         <load_address>0x13965</load_address>
         <run_address>0x13965</run_address>
         <size>0x29a</size>
         <input_file_ref idref="fl-1f"/>
      </object_component>
      <object_component id="oc-162">
         <name>.debug_info</name>
         <load_address>0x13bff</load_address>
         <run_address>0x13bff</run_address>
         <size>0x256</size>
         <input_file_ref idref="fl-1f"/>
      </object_component>
      <object_component id="oc-201">
         <name>.debug_info</name>
         <load_address>0x13e55</load_address>
         <run_address>0x13e55</run_address>
         <size>0x142</size>
         <input_file_ref idref="fl-d6"/>
      </object_component>
      <object_component id="oc-b7">
         <name>.debug_info</name>
         <load_address>0x13f97</load_address>
         <run_address>0x13f97</run_address>
         <size>0x147</size>
         <input_file_ref idref="fl-d7"/>
      </object_component>
      <object_component id="oc-49">
         <name>.debug_info</name>
         <load_address>0x140de</load_address>
         <run_address>0x140de</run_address>
         <size>0x119</size>
         <input_file_ref idref="fl-d9"/>
      </object_component>
      <object_component id="oc-b5">
         <name>.debug_info</name>
         <load_address>0x141f7</load_address>
         <run_address>0x141f7</run_address>
         <size>0x2d4</size>
         <input_file_ref idref="fl-da"/>
      </object_component>
      <object_component id="oc-59">
         <name>.debug_info</name>
         <load_address>0x144cb</load_address>
         <run_address>0x144cb</run_address>
         <size>0x1b5</size>
         <input_file_ref idref="fl-da"/>
      </object_component>
      <object_component id="oc-b0">
         <name>.debug_info</name>
         <load_address>0x14680</load_address>
         <run_address>0x14680</run_address>
         <size>0x46</size>
         <input_file_ref idref="fl-da"/>
      </object_component>
      <object_component id="oc-51">
         <name>.debug_info</name>
         <load_address>0x146c6</load_address>
         <run_address>0x146c6</run_address>
         <size>0x2a8</size>
         <input_file_ref idref="fl-db"/>
      </object_component>
      <object_component id="oc-1c">
         <name>.debug_info</name>
         <load_address>0x1496e</load_address>
         <run_address>0x1496e</run_address>
         <size>0x1ea</size>
         <input_file_ref idref="fl-db"/>
      </object_component>
      <object_component id="oc-4c">
         <name>.debug_info</name>
         <load_address>0x14b58</load_address>
         <run_address>0x14b58</run_address>
         <size>0x46</size>
         <input_file_ref idref="fl-db"/>
      </object_component>
      <object_component id="oc-a8">
         <name>.debug_info</name>
         <load_address>0x14b9e</load_address>
         <run_address>0x14b9e</run_address>
         <size>0x2c</size>
         <input_file_ref idref="fl-db"/>
      </object_component>
      <object_component id="oc-a6">
         <name>.debug_info</name>
         <load_address>0x14bca</load_address>
         <run_address>0x14bca</run_address>
         <size>0x29e</size>
         <input_file_ref idref="fl-dc"/>
      </object_component>
      <object_component id="oc-17">
         <name>.debug_info</name>
         <load_address>0x14e68</load_address>
         <run_address>0x14e68</run_address>
         <size>0x250</size>
         <input_file_ref idref="fl-dc"/>
      </object_component>
      <object_component id="oc-3c">
         <name>.debug_info</name>
         <load_address>0x150b8</load_address>
         <run_address>0x150b8</run_address>
         <size>0x60</size>
         <input_file_ref idref="fl-dc"/>
      </object_component>
      <object_component id="oc-11a">
         <name>.debug_info</name>
         <load_address>0x15118</load_address>
         <run_address>0x15118</run_address>
         <size>0x46</size>
         <input_file_ref idref="fl-dc"/>
      </object_component>
      <object_component id="oc-a1">
         <name>.debug_info</name>
         <load_address>0x1515e</load_address>
         <run_address>0x1515e</run_address>
         <size>0x39</size>
         <input_file_ref idref="fl-dc"/>
      </object_component>
      <object_component id="oc-25">
         <name>.debug_info</name>
         <load_address>0x15197</load_address>
         <run_address>0x15197</run_address>
         <size>0x10b</size>
         <input_file_ref idref="fl-dd"/>
      </object_component>
      <object_component id="oc-66">
         <name>.debug_info</name>
         <load_address>0x152a2</load_address>
         <run_address>0x152a2</run_address>
         <size>0x1a9</size>
         <input_file_ref idref="fl-dd"/>
      </object_component>
      <object_component id="oc-28b">
         <name>.debug_info</name>
         <load_address>0x1544b</load_address>
         <run_address>0x1544b</run_address>
         <size>0x115</size>
         <input_file_ref idref="fl-de"/>
      </object_component>
      <object_component id="oc-251">
         <name>.debug_info</name>
         <load_address>0x15560</load_address>
         <run_address>0x15560</run_address>
         <size>0x4b3</size>
         <input_file_ref idref="fl-df"/>
      </object_component>
      <object_component id="oc-17f">
         <name>.debug_info</name>
         <load_address>0x15a13</load_address>
         <run_address>0x15a13</run_address>
         <size>0x1a6</size>
         <input_file_ref idref="fl-df"/>
      </object_component>
      <object_component id="oc-2c3">
         <name>.debug_info</name>
         <load_address>0x15bb9</load_address>
         <run_address>0x15bb9</run_address>
         <size>0x39</size>
         <input_file_ref idref="fl-df"/>
      </object_component>
      <object_component id="oc-2e6">
         <name>.debug_info</name>
         <load_address>0x15bf2</load_address>
         <run_address>0x15bf2</run_address>
         <size>0x39</size>
         <input_file_ref idref="fl-df"/>
      </object_component>
      <object_component id="oc-2c8">
         <name>.debug_info</name>
         <load_address>0x15c2b</load_address>
         <run_address>0x15c2b</run_address>
         <size>0x39</size>
         <input_file_ref idref="fl-df"/>
      </object_component>
      <object_component id="oc-2cd">
         <name>.debug_info</name>
         <load_address>0x15c64</load_address>
         <run_address>0x15c64</run_address>
         <size>0xcd</size>
         <input_file_ref idref="fl-df"/>
      </object_component>
      <object_component id="oc-bd">
         <name>.debug_info</name>
         <load_address>0x15d31</load_address>
         <run_address>0x15d31</run_address>
         <size>0x153</size>
         <input_file_ref idref="fl-e0"/>
      </object_component>
      <object_component id="oc-173">
         <name>.debug_info</name>
         <load_address>0x15e84</load_address>
         <run_address>0x15e84</run_address>
         <size>0x122</size>
         <input_file_ref idref="fl-e2"/>
      </object_component>
      <object_component id="oc-321">
         <name>.debug_info</name>
         <load_address>0x15fa6</load_address>
         <run_address>0x15fa6</run_address>
         <size>0xa6</size>
      </object_component>
      <object_component id="oc-96">
         <name>.debug_line</name>
         <load_address>0x0</load_address>
         <run_address>0x0</run_address>
         <size>0x41</size>
         <input_file_ref idref="fl-2"/>
      </object_component>
      <object_component id="oc-39">
         <name>.debug_line</name>
         <load_address>0x41</load_address>
         <run_address>0x41</run_address>
         <size>0x41</size>
         <input_file_ref idref="fl-2"/>
      </object_component>
      <object_component id="oc-2b">
         <name>.debug_line</name>
         <load_address>0x82</load_address>
         <run_address>0x82</run_address>
         <size>0xa1</size>
         <input_file_ref idref="fl-2"/>
      </object_component>
      <object_component id="oc-9a">
         <name>.debug_line</name>
         <load_address>0x123</load_address>
         <run_address>0x123</run_address>
         <size>0x64</size>
         <input_file_ref idref="fl-2"/>
      </object_component>
      <object_component id="oc-44">
         <name>.debug_line</name>
         <load_address>0x187</load_address>
         <run_address>0x187</run_address>
         <size>0x20</size>
         <input_file_ref idref="fl-2"/>
      </object_component>
      <object_component id="oc-118">
         <name>.debug_line</name>
         <load_address>0x1a7</load_address>
         <run_address>0x1a7</run_address>
         <size>0x68</size>
         <input_file_ref idref="fl-2"/>
      </object_component>
      <object_component id="oc-9f">
         <name>.debug_line</name>
         <load_address>0x20f</load_address>
         <run_address>0x20f</run_address>
         <size>0x65</size>
         <input_file_ref idref="fl-2"/>
      </object_component>
      <object_component id="oc-1e5">
         <name>.debug_line</name>
         <load_address>0x274</load_address>
         <run_address>0x274</run_address>
         <size>0x217</size>
         <input_file_ref idref="fl-3"/>
      </object_component>
      <object_component id="oc-c6">
         <name>.debug_line</name>
         <load_address>0x48b</load_address>
         <run_address>0x48b</run_address>
         <size>0x169</size>
         <input_file_ref idref="fl-3"/>
      </object_component>
      <object_component id="oc-170">
         <name>.debug_line</name>
         <load_address>0x5f4</load_address>
         <run_address>0x5f4</run_address>
         <size>0x68</size>
         <input_file_ref idref="fl-3"/>
      </object_component>
      <object_component id="oc-da">
         <name>.debug_line</name>
         <load_address>0x65c</load_address>
         <run_address>0x65c</run_address>
         <size>0x83</size>
         <input_file_ref idref="fl-3"/>
      </object_component>
      <object_component id="oc-16b">
         <name>.debug_line</name>
         <load_address>0x6df</load_address>
         <run_address>0x6df</run_address>
         <size>0x42</size>
         <input_file_ref idref="fl-3"/>
      </object_component>
      <object_component id="oc-111">
         <name>.debug_line</name>
         <load_address>0x721</load_address>
         <run_address>0x721</run_address>
         <size>0x87</size>
         <input_file_ref idref="fl-3"/>
      </object_component>
      <object_component id="oc-1e9">
         <name>.debug_line</name>
         <load_address>0x7a8</load_address>
         <run_address>0x7a8</run_address>
         <size>0x84</size>
         <input_file_ref idref="fl-3"/>
      </object_component>
      <object_component id="oc-8e">
         <name>.debug_line</name>
         <load_address>0x82c</load_address>
         <run_address>0x82c</run_address>
         <size>0x87</size>
         <input_file_ref idref="fl-3"/>
      </object_component>
      <object_component id="oc-107">
         <name>.debug_line</name>
         <load_address>0x8b3</load_address>
         <run_address>0x8b3</run_address>
         <size>0x60</size>
         <input_file_ref idref="fl-3"/>
      </object_component>
      <object_component id="oc-93">
         <name>.debug_line</name>
         <load_address>0x913</load_address>
         <run_address>0x913</run_address>
         <size>0x8d</size>
         <input_file_ref idref="fl-3"/>
      </object_component>
      <object_component id="oc-212">
         <name>.debug_line</name>
         <load_address>0x9a0</load_address>
         <run_address>0x9a0</run_address>
         <size>0x60</size>
         <input_file_ref idref="fl-3"/>
      </object_component>
      <object_component id="oc-1ee">
         <name>.debug_line</name>
         <load_address>0xa00</load_address>
         <run_address>0xa00</run_address>
         <size>0x63</size>
         <input_file_ref idref="fl-3"/>
      </object_component>
      <object_component id="oc-10c">
         <name>.debug_line</name>
         <load_address>0xa63</load_address>
         <run_address>0xa63</run_address>
         <size>0x83</size>
         <input_file_ref idref="fl-3"/>
      </object_component>
      <object_component id="oc-2d5">
         <name>.debug_line</name>
         <load_address>0xae6</load_address>
         <run_address>0xae6</run_address>
         <size>0x1ba</size>
         <input_file_ref idref="fl-9"/>
      </object_component>
      <object_component id="oc-1ba">
         <name>.debug_line</name>
         <load_address>0xca0</load_address>
         <run_address>0xca0</run_address>
         <size>0x60</size>
         <input_file_ref idref="fl-9"/>
      </object_component>
      <object_component id="oc-1c4">
         <name>.debug_line</name>
         <load_address>0xd00</load_address>
         <run_address>0xd00</run_address>
         <size>0x87</size>
         <input_file_ref idref="fl-9"/>
      </object_component>
      <object_component id="oc-2d9">
         <name>.debug_line</name>
         <load_address>0xd87</load_address>
         <run_address>0xd87</run_address>
         <size>0x8b</size>
         <input_file_ref idref="fl-9"/>
      </object_component>
      <object_component id="oc-1b5">
         <name>.debug_line</name>
         <load_address>0xe12</load_address>
         <run_address>0xe12</run_address>
         <size>0x85</size>
         <input_file_ref idref="fl-9"/>
      </object_component>
      <object_component id="oc-2de">
         <name>.debug_line</name>
         <load_address>0xe97</load_address>
         <run_address>0xe97</run_address>
         <size>0x44</size>
         <input_file_ref idref="fl-9"/>
      </object_component>
      <object_component id="oc-275">
         <name>.debug_line</name>
         <load_address>0xedb</load_address>
         <run_address>0xedb</run_address>
         <size>0x83</size>
         <input_file_ref idref="fl-a"/>
      </object_component>
      <object_component id="oc-273">
         <name>.debug_line</name>
         <load_address>0xf5e</load_address>
         <run_address>0xf5e</run_address>
         <size>0x3e</size>
         <input_file_ref idref="fl-a"/>
      </object_component>
      <object_component id="oc-26a">
         <name>.debug_line</name>
         <load_address>0xf9c</load_address>
         <run_address>0xf9c</run_address>
         <size>0x3e</size>
         <input_file_ref idref="fl-a"/>
      </object_component>
      <object_component id="oc-271">
         <name>.debug_line</name>
         <load_address>0xfda</load_address>
         <run_address>0xfda</run_address>
         <size>0x3e</size>
         <input_file_ref idref="fl-a"/>
      </object_component>
      <object_component id="oc-268">
         <name>.debug_line</name>
         <load_address>0x1018</load_address>
         <run_address>0x1018</run_address>
         <size>0x3e</size>
         <input_file_ref idref="fl-a"/>
      </object_component>
      <object_component id="oc-df">
         <name>.debug_line</name>
         <load_address>0x1056</load_address>
         <run_address>0x1056</run_address>
         <size>0x111</size>
         <input_file_ref idref="fl-a"/>
      </object_component>
      <object_component id="oc-26e">
         <name>.debug_line</name>
         <load_address>0x1167</load_address>
         <run_address>0x1167</run_address>
         <size>0x3e</size>
         <input_file_ref idref="fl-a"/>
      </object_component>
      <object_component id="oc-277">
         <name>.debug_line</name>
         <load_address>0x11a5</load_address>
         <run_address>0x11a5</run_address>
         <size>0x20</size>
         <input_file_ref idref="fl-b"/>
      </object_component>
      <object_component id="oc-e5">
         <name>.debug_line</name>
         <load_address>0x11c5</load_address>
         <run_address>0x11c5</run_address>
         <size>0xee</size>
         <input_file_ref idref="fl-b"/>
      </object_component>
      <object_component id="oc-103">
         <name>.debug_line</name>
         <load_address>0x12b3</load_address>
         <run_address>0x12b3</run_address>
         <size>0x9f</size>
         <input_file_ref idref="fl-c"/>
      </object_component>
      <object_component id="oc-dd">
         <name>.debug_line</name>
         <load_address>0x1352</load_address>
         <run_address>0x1352</run_address>
         <size>0x3c</size>
         <input_file_ref idref="fl-c"/>
      </object_component>
      <object_component id="oc-101">
         <name>.debug_line</name>
         <load_address>0x138e</load_address>
         <run_address>0x138e</run_address>
         <size>0x3c</size>
         <input_file_ref idref="fl-c"/>
      </object_component>
      <object_component id="oc-33">
         <name>.debug_line</name>
         <load_address>0x13ca</load_address>
         <run_address>0x13ca</run_address>
         <size>0x13e</size>
         <input_file_ref idref="fl-c"/>
      </object_component>
      <object_component id="oc-31">
         <name>.debug_line</name>
         <load_address>0x1508</load_address>
         <run_address>0x1508</run_address>
         <size>0xd1</size>
         <input_file_ref idref="fl-d"/>
      </object_component>
      <object_component id="oc-2ad">
         <name>.debug_line</name>
         <load_address>0x15d9</load_address>
         <run_address>0x15d9</run_address>
         <size>0x1d7</size>
         <input_file_ref idref="fl-e"/>
      </object_component>
      <object_component id="oc-15c">
         <name>.debug_line</name>
         <load_address>0x17b0</load_address>
         <run_address>0x17b0</run_address>
         <size>0x818</size>
         <input_file_ref idref="fl-e"/>
      </object_component>
      <object_component id="oc-2b1">
         <name>.debug_line</name>
         <load_address>0x1fc8</load_address>
         <run_address>0x1fc8</run_address>
         <size>0x3d</size>
         <input_file_ref idref="fl-e"/>
      </object_component>
      <object_component id="oc-124">
         <name>.debug_line</name>
         <load_address>0x2005</load_address>
         <run_address>0x2005</run_address>
         <size>0x60</size>
         <input_file_ref idref="fl-f"/>
      </object_component>
      <object_component id="oc-1b1">
         <name>.debug_line</name>
         <load_address>0x2065</load_address>
         <run_address>0x2065</run_address>
         <size>0x1b4</size>
         <input_file_ref idref="fl-10"/>
      </object_component>
      <object_component id="oc-d5">
         <name>.debug_line</name>
         <load_address>0x2219</load_address>
         <run_address>0x2219</run_address>
         <size>0x3d</size>
         <input_file_ref idref="fl-10"/>
      </object_component>
      <object_component id="oc-1d7">
         <name>.debug_line</name>
         <load_address>0x2256</load_address>
         <run_address>0x2256</run_address>
         <size>0x3d</size>
         <input_file_ref idref="fl-10"/>
      </object_component>
      <object_component id="oc-1e1">
         <name>.debug_line</name>
         <load_address>0x2293</load_address>
         <run_address>0x2293</run_address>
         <size>0x3d</size>
         <input_file_ref idref="fl-10"/>
      </object_component>
      <object_component id="oc-1e3">
         <name>.debug_line</name>
         <load_address>0x22d0</load_address>
         <run_address>0x22d0</run_address>
         <size>0x3d</size>
         <input_file_ref idref="fl-10"/>
      </object_component>
      <object_component id="oc-1db">
         <name>.debug_line</name>
         <load_address>0x230d</load_address>
         <run_address>0x230d</run_address>
         <size>0x3d</size>
         <input_file_ref idref="fl-10"/>
      </object_component>
      <object_component id="oc-1df">
         <name>.debug_line</name>
         <load_address>0x234a</load_address>
         <run_address>0x234a</run_address>
         <size>0x3d</size>
         <input_file_ref idref="fl-10"/>
      </object_component>
      <object_component id="oc-1d9">
         <name>.debug_line</name>
         <load_address>0x2387</load_address>
         <run_address>0x2387</run_address>
         <size>0x3d</size>
         <input_file_ref idref="fl-10"/>
      </object_component>
      <object_component id="oc-1dd">
         <name>.debug_line</name>
         <load_address>0x23c4</load_address>
         <run_address>0x23c4</run_address>
         <size>0x3d</size>
         <input_file_ref idref="fl-10"/>
      </object_component>
      <object_component id="oc-80">
         <name>.debug_line</name>
         <load_address>0x2401</load_address>
         <run_address>0x2401</run_address>
         <size>0xd6a</size>
         <input_file_ref idref="fl-10"/>
      </object_component>
      <object_component id="oc-1bf">
         <name>.debug_line</name>
         <load_address>0x316b</load_address>
         <run_address>0x316b</run_address>
         <size>0x3d</size>
         <input_file_ref idref="fl-10"/>
      </object_component>
      <object_component id="oc-2e2">
         <name>.debug_line</name>
         <load_address>0x31a8</load_address>
         <run_address>0x31a8</run_address>
         <size>0x62</size>
         <input_file_ref idref="fl-13"/>
      </object_component>
      <object_component id="oc-2aa">
         <name>.debug_line</name>
         <load_address>0x320a</load_address>
         <run_address>0x320a</run_address>
         <size>0x34</size>
         <input_file_ref idref="fl-13"/>
      </object_component>
      <object_component id="oc-158">
         <name>.debug_line</name>
         <load_address>0x323e</load_address>
         <run_address>0x323e</run_address>
         <size>0x6a</size>
         <input_file_ref idref="fl-13"/>
      </object_component>
      <object_component id="oc-153">
         <name>.debug_line</name>
         <load_address>0x32a8</load_address>
         <run_address>0x32a8</run_address>
         <size>0x7f</size>
         <input_file_ref idref="fl-15"/>
      </object_component>
      <object_component id="oc-294">
         <name>.debug_line</name>
         <load_address>0x3327</load_address>
         <run_address>0x3327</run_address>
         <size>0x20</size>
         <input_file_ref idref="fl-16"/>
      </object_component>
      <object_component id="oc-287">
         <name>.debug_line</name>
         <load_address>0x3347</load_address>
         <run_address>0x3347</run_address>
         <size>0x3a</size>
         <input_file_ref idref="fl-16"/>
      </object_component>
      <object_component id="oc-292">
         <name>.debug_line</name>
         <load_address>0x3381</load_address>
         <run_address>0x3381</run_address>
         <size>0x3a</size>
         <input_file_ref idref="fl-16"/>
      </object_component>
      <object_component id="oc-289">
         <name>.debug_line</name>
         <load_address>0x33bb</load_address>
         <run_address>0x33bb</run_address>
         <size>0x3a</size>
         <input_file_ref idref="fl-16"/>
      </object_component>
      <object_component id="oc-285">
         <name>.debug_line</name>
         <load_address>0x33f5</load_address>
         <run_address>0x33f5</run_address>
         <size>0x3a</size>
         <input_file_ref idref="fl-16"/>
      </object_component>
      <object_component id="oc-133">
         <name>.debug_line</name>
         <load_address>0x342f</load_address>
         <run_address>0x342f</run_address>
         <size>0x288</size>
         <input_file_ref idref="fl-16"/>
      </object_component>
      <object_component id="oc-20c">
         <name>.debug_line</name>
         <load_address>0x36b7</load_address>
         <run_address>0x36b7</run_address>
         <size>0x20</size>
         <input_file_ref idref="fl-16"/>
      </object_component>
      <object_component id="oc-2a3">
         <name>.debug_line</name>
         <load_address>0x36d7</load_address>
         <run_address>0x36d7</run_address>
         <size>0x82</size>
         <input_file_ref idref="fl-1c"/>
      </object_component>
      <object_component id="oc-2a1">
         <name>.debug_line</name>
         <load_address>0x3759</load_address>
         <run_address>0x3759</run_address>
         <size>0x7d</size>
         <input_file_ref idref="fl-1c"/>
      </object_component>
      <object_component id="oc-239">
         <name>.debug_line</name>
         <load_address>0x37d6</load_address>
         <run_address>0x37d6</run_address>
         <size>0x92</size>
         <input_file_ref idref="fl-1c"/>
      </object_component>
      <object_component id="oc-21f">
         <name>.debug_line</name>
         <load_address>0x3868</load_address>
         <run_address>0x3868</run_address>
         <size>0x95</size>
         <input_file_ref idref="fl-1c"/>
      </object_component>
      <object_component id="oc-225">
         <name>.debug_line</name>
         <load_address>0x38fd</load_address>
         <run_address>0x38fd</run_address>
         <size>0xc4</size>
         <input_file_ref idref="fl-1c"/>
      </object_component>
      <object_component id="oc-14a">
         <name>.debug_line</name>
         <load_address>0x39c1</load_address>
         <run_address>0x39c1</run_address>
         <size>0x99</size>
         <input_file_ref idref="fl-1c"/>
      </object_component>
      <object_component id="oc-235">
         <name>.debug_line</name>
         <load_address>0x3a5a</load_address>
         <run_address>0x3a5a</run_address>
         <size>0x99</size>
         <input_file_ref idref="fl-1c"/>
      </object_component>
      <object_component id="oc-22e">
         <name>.debug_line</name>
         <load_address>0x3af3</load_address>
         <run_address>0x3af3</run_address>
         <size>0x92</size>
         <input_file_ref idref="fl-1c"/>
      </object_component>
      <object_component id="oc-146">
         <name>.debug_line</name>
         <load_address>0x3b85</load_address>
         <run_address>0x3b85</run_address>
         <size>0xa7</size>
         <input_file_ref idref="fl-1c"/>
      </object_component>
      <object_component id="oc-282">
         <name>.debug_line</name>
         <load_address>0x3c2c</load_address>
         <run_address>0x3c2c</run_address>
         <size>0x71</size>
         <input_file_ref idref="fl-1c"/>
      </object_component>
      <object_component id="oc-27b">
         <name>.debug_line</name>
         <load_address>0x3c9d</load_address>
         <run_address>0x3c9d</run_address>
         <size>0x75</size>
         <input_file_ref idref="fl-1c"/>
      </object_component>
      <object_component id="oc-29e">
         <name>.debug_line</name>
         <load_address>0x3d12</load_address>
         <run_address>0x3d12</run_address>
         <size>0x71</size>
         <input_file_ref idref="fl-1c"/>
      </object_component>
      <object_component id="oc-1f4">
         <name>.debug_line</name>
         <load_address>0x3d83</load_address>
         <run_address>0x3d83</run_address>
         <size>0x72</size>
         <input_file_ref idref="fl-1c"/>
      </object_component>
      <object_component id="oc-296">
         <name>.debug_line</name>
         <load_address>0x3df5</load_address>
         <run_address>0x3df5</run_address>
         <size>0x13d</size>
         <input_file_ref idref="fl-1e"/>
      </object_component>
      <object_component id="oc-140">
         <name>.debug_line</name>
         <load_address>0x3f32</load_address>
         <run_address>0x3f32</run_address>
         <size>0x94</size>
         <input_file_ref idref="fl-1e"/>
      </object_component>
      <object_component id="oc-13a">
         <name>.debug_line</name>
         <load_address>0x3fc6</load_address>
         <run_address>0x3fc6</run_address>
         <size>0xee</size>
         <input_file_ref idref="fl-1e"/>
      </object_component>
      <object_component id="oc-299">
         <name>.debug_line</name>
         <load_address>0x40b4</load_address>
         <run_address>0x40b4</run_address>
         <size>0x7f</size>
         <input_file_ref idref="fl-1e"/>
      </object_component>
      <object_component id="oc-27e">
         <name>.debug_line</name>
         <load_address>0x4133</load_address>
         <run_address>0x4133</run_address>
         <size>0x82</size>
         <input_file_ref idref="fl-1f"/>
      </object_component>
      <object_component id="oc-12e">
         <name>.debug_line</name>
         <load_address>0x41b5</load_address>
         <run_address>0x41b5</run_address>
         <size>0x92</size>
         <input_file_ref idref="fl-1f"/>
      </object_component>
      <object_component id="oc-164">
         <name>.debug_line</name>
         <load_address>0x4247</load_address>
         <run_address>0x4247</run_address>
         <size>0x93</size>
         <input_file_ref idref="fl-1f"/>
      </object_component>
      <object_component id="oc-204">
         <name>.debug_line</name>
         <load_address>0x42da</load_address>
         <run_address>0x42da</run_address>
         <size>0x5b</size>
         <input_file_ref idref="fl-d6"/>
      </object_component>
      <object_component id="oc-ba">
         <name>.debug_line</name>
         <load_address>0x4335</load_address>
         <run_address>0x4335</run_address>
         <size>0x79</size>
         <input_file_ref idref="fl-d7"/>
      </object_component>
      <object_component id="oc-48">
         <name>.debug_line</name>
         <load_address>0x43ae</load_address>
         <run_address>0x43ae</run_address>
         <size>0x88</size>
         <input_file_ref idref="fl-d9"/>
      </object_component>
      <object_component id="oc-127">
         <name>.debug_line</name>
         <load_address>0x4436</load_address>
         <run_address>0x4436</run_address>
         <size>0x92</size>
         <input_file_ref idref="fl-da"/>
      </object_component>
      <object_component id="oc-5c">
         <name>.debug_line</name>
         <load_address>0x44c8</load_address>
         <run_address>0x44c8</run_address>
         <size>0x53</size>
         <input_file_ref idref="fl-da"/>
      </object_component>
      <object_component id="oc-b3">
         <name>.debug_line</name>
         <load_address>0x451b</load_address>
         <run_address>0x451b</run_address>
         <size>0x34</size>
         <input_file_ref idref="fl-da"/>
      </object_component>
      <object_component id="oc-ae">
         <name>.debug_line</name>
         <load_address>0x454f</load_address>
         <run_address>0x454f</run_address>
         <size>0x20</size>
         <input_file_ref idref="fl-db"/>
      </object_component>
      <object_component id="oc-1f">
         <name>.debug_line</name>
         <load_address>0x456f</load_address>
         <run_address>0x456f</run_address>
         <size>0x55</size>
         <input_file_ref idref="fl-db"/>
      </object_component>
      <object_component id="oc-4f">
         <name>.debug_line</name>
         <load_address>0x45c4</load_address>
         <run_address>0x45c4</run_address>
         <size>0x3a</size>
         <input_file_ref idref="fl-db"/>
      </object_component>
      <object_component id="oc-ab">
         <name>.debug_line</name>
         <load_address>0x45fe</load_address>
         <run_address>0x45fe</run_address>
         <size>0x92</size>
         <input_file_ref idref="fl-db"/>
      </object_component>
      <object_component id="oc-120">
         <name>.debug_line</name>
         <load_address>0x4690</load_address>
         <run_address>0x4690</run_address>
         <size>0x20</size>
         <input_file_ref idref="fl-dc"/>
      </object_component>
      <object_component id="oc-1a">
         <name>.debug_line</name>
         <load_address>0x46b0</load_address>
         <run_address>0x46b0</run_address>
         <size>0xa9</size>
         <input_file_ref idref="fl-dc"/>
      </object_component>
      <object_component id="oc-3f">
         <name>.debug_line</name>
         <load_address>0x4759</load_address>
         <run_address>0x4759</run_address>
         <size>0x3a</size>
         <input_file_ref idref="fl-dc"/>
      </object_component>
      <object_component id="oc-11d">
         <name>.debug_line</name>
         <load_address>0x4793</load_address>
         <run_address>0x4793</run_address>
         <size>0x9a</size>
         <input_file_ref idref="fl-dc"/>
      </object_component>
      <object_component id="oc-a4">
         <name>.debug_line</name>
         <load_address>0x482d</load_address>
         <run_address>0x482d</run_address>
         <size>0x96</size>
         <input_file_ref idref="fl-dc"/>
      </object_component>
      <object_component id="oc-77">
         <name>.debug_line</name>
         <load_address>0x48c3</load_address>
         <run_address>0x48c3</run_address>
         <size>0x33</size>
         <input_file_ref idref="fl-dd"/>
      </object_component>
      <object_component id="oc-68">
         <name>.debug_line</name>
         <load_address>0x48f6</load_address>
         <run_address>0x48f6</run_address>
         <size>0x45</size>
         <input_file_ref idref="fl-dd"/>
[...]
         <name>xPortPendSVHandler</name>
         <value>0x3615</value>
         <object_component_ref idref="oc-2d"/>
      </symbol>
      <symbol id="sm-19d">
         <name>vPortSVCHandler</name>
         <value>0x3675</value>
         <object_component_ref idref="oc-2d"/>
      </symbol>
      <symbol id="sm-255">
         <name>xQueueRegistry</name>
         <value>0x20007670</value>
      </symbol>
      <symbol id="sm-256">
         <name>xQueuePeekFromISR</name>
         <value>0x2389</value>
         <object_component_ref idref="oc-15a"/>
      </symbol>
      <symbol id="sm-257">
         <name>xQueueIsQueueEmptyFromISR</name>
         <value>0x264f</value>
         <object_component_ref idref="oc-15a"/>
      </symbol>
      <symbol id="sm-258">
         <name>xQueueGenericSendFromISR</name>
         <value>0x1e33</value>
         <object_component_ref idref="oc-15a"/>
      </symbol>
      <symbol id="sm-259">
         <name>uxQueueMessagesWaiting</name>
         <value>0x23db</value>
         <object_component_ref idref="oc-15a"/>
      </symbol>
      <symbol id="sm-25a">
         <name>vQueueAddToRegistry</name>
         <value>0x26b3</value>
         <object_component_ref idref="oc-15a"/>
      </symbol>
      <symbol id="sm-25b">
         <name>xQueueIsQueueFullFromISR</name>
         <value>0x2691</value>
         <object_component_ref idref="oc-15a"/>
      </symbol>
      <symbol id="sm-25c">
         <name>xQueueGenericCreate</name>
         <value>0x1b9f</value>
         <object_component_ref idref="oc-15a"/>
      </symbol>
      <symbol id="sm-25d">
         <name>xQueueCreateMutex</name>
         <value>0x1c59</value>
         <object_component_ref idref="oc-15a"/>
      </symbol>
      <symbol id="sm-25e">
         <name>vQueueSetQueueNumber</name>
         <value>0x2447</value>
         <object_component_ref idref="oc-15a"/>
      </symbol>
      <symbol id="sm-25f">
         <name>xQueueGenericSend</name>
         <value>0x1d05</value>
         <object_component_ref idref="oc-15a"/>
      </symbol>
      <symbol id="sm-260">
         <name>xQueueGenericReset</name>
         <value>0x1b01</value>
         <object_component_ref idref="oc-15a"/>
      </symbol>
      <symbol id="sm-261">
         <name>xQueueReceiveFromISR</name>
         <value>0x22f1</value>
         <object_component_ref idref="oc-15a"/>
      </symbol>
      <symbol id="sm-262">
         <name>uxQueueSpacesAvailable</name>
         <value>0x23f1</value>
         <object_component_ref idref="oc-15a"/>
      </symbol>
      <symbol id="sm-263">
         <name>xQueueGiveMutexRecursive</name>
         <value>0x1c85</value>
         <object_component_ref idref="oc-15a"/>
      </symbol>
      <symbol id="sm-264">
         <name>xQueueSemaphoreTake</name>
         <value>0x2079</value>
         <object_component_ref idref="oc-15a"/>
      </symbol>
      <symbol id="sm-265">
         <name>vQueueUnregisterQueue</name>
         <value>0x2735</value>
         <object_component_ref idref="oc-15a"/>
      </symbol>
      <symbol id="sm-266">
         <name>xQueueGiveFromISR</name>
         <value>0x1ecd</value>
         <object_component_ref idref="oc-15a"/>
      </symbol>
      <symbol id="sm-267">
         <name>uxQueueMessagesWaitingFromISR</name>
         <value>0x2411</value>
         <object_component_ref idref="oc-15a"/>
      </symbol>
      <symbol id="sm-268">
         <name>uxQueueGetQueueNumber</name>
         <value>0x2439</value>
         <object_component_ref idref="oc-15a"/>
      </symbol>
      <symbol id="sm-269">
         <name>xQueueTakeMutexRecursive</name>
         <value>0x1cc1</value>
         <object_component_ref idref="oc-15a"/>
      </symbol>
      <symbol id="sm-26a">
         <name>vQueueDelete</name>
         <value>0x2423</value>
         <object_component_ref idref="oc-15a"/>
      </symbol>
      <symbol id="sm-26b">
         <name>xQueuePeek</name>
         <value>0x21d1</value>
         <object_component_ref idref="oc-15a"/>
      </symbol>
      <symbol id="sm-26c">
         <name>xQueueReceive</name>
         <value>0x1f5f</value>
         <object_component_ref idref="oc-15a"/>
      </symbol>
      <symbol id="sm-26d">
         <name>pcQueueGetName</name>
         <value>0x26f5</value>
         <object_component_ref idref="oc-15a"/>
      </symbol>
      <symbol id="sm-26e">
         <name>ucQueueGetQueueType</name>
         <value>0x2459</value>
         <object_component_ref idref="oc-15a"/>
      </symbol>
      <symbol id="sm-455">
         <name>vTaskDelay</name>
         <value>0x5a1</value>
         <object_component_ref idref="oc-7f"/>
      </symbol>
      <symbol id="sm-456">
         <name>vTaskSuspendAll</name>
         <value>0xa7f</value>
         <object_component_ref idref="oc-7f"/>
      </symbol>
      <symbol id="sm-457">
         <name>vTaskPlaceOnEventList</name>
         <value>0xe8b</value>
         <object_component_ref idref="oc-7f"/>
      </symbol>
      <symbol id="sm-458">
         <name>vTaskSetTaskNumber</name>
         <value>0x10b9</value>
         <object_component_ref idref="oc-7f"/>
      </symbol>
      <symbol id="sm-459">
         <name>uxTaskPriorityGetFromISR</name>
         <value>0x6a1</value>
         <object_component_ref idref="oc-7f"/>
      </symbol>
      <symbol id="sm-45a">
         <name>ulTaskNotifyTake</name>
         <value>0x163d</value>
         <object_component_ref idref="oc-7f"/>
      </symbol>
      <symbol id="sm-45b">
         <name>pcTaskGetName</name>
         <value>0xba3</value>
         <object_component_ref idref="oc-7f"/>
      </symbol>
      <symbol id="sm-45c">
         <name>xTaskCheckForTimeOut</name>
         <value>0x1009</value>
         <object_component_ref idref="oc-7f"/>
      </symbol>
      <symbol id="sm-45d">
         <name>vTaskRemoveFromUnorderedEventList</name>
         <value>0xf61</value>
         <object_component_ref idref="oc-7f"/>
      </symbol>
      <symbol id="sm-45e">
         <name>vTaskPrioritySet</name>
         <value>0x6ed</value>
         <object_component_ref idref="oc-7f"/>
      </symbol>
      <symbol id="sm-45f">
         <name>xTaskPriorityDisinherit</name>
         <value>0x148f</value>
         <object_component_ref idref="oc-7f"/>
      </symbol>
      <symbol id="sm-460">
         <name>vTaskStartScheduler</name>
         <value>0xa19</value>
         <object_component_ref idref="oc-7f"/>
      </symbol>
      <symbol id="sm-461">
         <name>vTaskInternalSetTimeOutState</name>
         <value>0xfe7</value>
         <object_component_ref idref="oc-7f"/>
      </symbol>
      <symbol id="sm-462">
         <name>xTaskNotifyStateClear</name>
         <value>0x1a07</value>
         <object_component_ref idref="oc-7f"/>
      </symbol>
      <symbol id="sm-463">
         <name>pvTaskIncrementMutexHeldCount</name>
         <value>0x161f</value>
         <object_component_ref idref="oc-7f"/>
      </symbol>
      <symbol id="sm-464">
         <name>uxTaskGetStackHighWaterMark</name>
         <value>0x1309</value>
         <object_component_ref idref="oc-7f"/>
      </symbol>
      <symbol id="sm-465">
         <name>xTaskGenericNotify</name>
         <value>0x175f</value>
         <object_component_ref idref="oc-7f"/>
      </symbol>
      <symbol id="sm-466">
         <name>vTaskPriorityDisinheritAfterTimeout</name>
         <value>0x152b</value>
         <object_component_ref idref="oc-7f"/>
      </symbol>
      <symbol id="sm-467">
         <name>xTaskCreate</name>
         <value>0x26d</value>
         <object_component_ref idref="oc-7f"/>
      </symbol>
      <symbol id="sm-468">
         <name>vTaskDelayUntil</name>
         <value>0x511</value>
         <object_component_ref idref="oc-7f"/>
      </symbol>
      <symbol id="sm-469">
         <name>uxTaskGetTaskNumber</name>
         <value>0x1099</value>
         <object_component_ref idref="oc-7f"/>
      </symbol>
      <symbol id="sm-46a">
         <name>vTaskEndScheduler</name>
         <value>0xa63</value>
         <object_component_ref idref="oc-7f"/>
      </symbol>
      <symbol id="sm-46b">
         <name>xTaskNotifyWait</name>
         <value>0x16b9</value>
         <object_component_ref idref="oc-7f"/>
      </symbol>
      <symbol id="sm-46c">
         <name>vTaskMissedYield</name>
         <value>0x108d</value>
         <object_component_ref idref="oc-7f"/>
      </symbol>
      <symbol id="sm-46d">
         <name>uxTaskGetNumberOfTasks</name>
         <value>0xb9d</value>
         <object_component_ref idref="oc-7f"/>
      </symbol>
      <symbol id="sm-46e">
         <name>xTaskGenericNotifyFromISR</name>
         <value>0x1849</value>
         <object_component_ref idref="oc-7f"/>
      </symbol>
      <symbol id="sm-46f">
         <name>vTaskGetInfo</name>
         <value>0x1179</value>
         <object_component_ref idref="oc-7f"/>
      </symbol>
      <symbol id="sm-470">
         <name>uxTaskPriorityGet</name>
         <value>0x671</value>
         <object_component_ref idref="oc-7f"/>
      </symbol>
      <symbol id="sm-471">
         <name>xTaskResumeAll</name>
         <value>0xa91</value>
         <object_component_ref idref="oc-7f"/>
      </symbol>
      <symbol id="sm-472">
         <name>xTaskGetTickCount</name>
         <value>0xb75</value>
         <object_component_ref idref="oc-7f"/>
      </symbol>
      <symbol id="sm-473">
         <name>uxTaskGetSystemState</name>
         <value>0xbc9</value>
         <object_component_ref idref="oc-7f"/>
      </symbol>
      <symbol id="sm-474">
         <name>vTaskDelete</name>
         <value>0x463</value>
         <object_component_ref idref="oc-7f"/>
      </symbol>
      <symbol id="sm-475">
         <name>pxCurrentTCB</name>
         <value>0x20007940</value>
         <object_component_ref idref="oc-79"/>
      </symbol>
      <symbol id="sm-476">
         <name>vTaskNotifyGiveFromISR</name>
         <value>0x1959</value>
         <object_component_ref idref="oc-7f"/>
      </symbol>
      <symbol id="sm-477">
         <name>eTaskGetState</name>
         <value>0x5dd</value>
         <object_component_ref idref="oc-7f"/>
      </symbol>
      <symbol id="sm-478">
         <name>vTaskSuspend</name>
         <value>0x805</value>
         <object_component_ref idref="oc-7f"/>
      </symbol>
      <symbol id="sm-479">
         <name>xTaskGetTickCountFromISR</name>
         <value>0xb89</value>
         <object_component_ref idref="oc-7f"/>
      </symbol>
      <symbol id="sm-47a">
         <name>vTaskResume</name>
         <value>0x911</value>
         <object_component_ref idref="oc-7f"/>
      </symbol>
      <symbol id="sm-47b">
         <name>vTaskSetTimeOutState</name>
         <value>0xfc9</value>
         <object_component_ref idref="oc-7f"/>
      </symbol>
      <symbol id="sm-47c">
         <name>xTaskIncrementTick</name>
         <value>0xcbd</value>
         <object_component_ref idref="oc-7f"/>
      </symbol>
      <symbol id="sm-47d">
         <name>vTaskSwitchContext</name>
         <value>0xde9</value>
         <object_component_ref idref="oc-7f"/>
      </symbol>
      <symbol id="sm-47e">
         <name>uxTaskResetEventItemValue</name>
         <value>0x15fd</value>
         <object_component_ref idref="oc-7f"/>
      </symbol>
      <symbol id="sm-47f">
         <name>xTaskResumeFromISR</name>
         <value>0x989</value>
         <object_component_ref idref="oc-7f"/>
      </symbol>
      <symbol id="sm-480">
         <name>xTaskGetCurrentTaskHandle</name>
         <value>0x137d</value>
         <object_component_ref idref="oc-7f"/>
      </symbol>
      <symbol id="sm-481">
         <name>vTaskPlaceOnUnorderedEventList</name>
         <value>0xea7</value>
         <object_component_ref idref="oc-7f"/>
      </symbol>
      <symbol id="sm-482">
         <name>xTaskRemoveFromEventList</name>
         <value>0xee1</value>
         <object_component_ref idref="oc-7f"/>
      </symbol>
      <symbol id="sm-483">
         <name>xTaskPriorityInherit</name>
         <value>0x13b1</value>
         <object_component_ref idref="oc-7f"/>
      </symbol>
      <symbol id="sm-49f">
         <name>ledPin</name>
         <value>0x3be4</value>
         <object_component_ref idref="oc-23d"/>
      </symbol>
      <symbol id="sm-4a0">
         <name>ledControl</name>
         <value>0x38f7</value>
         <object_component_ref idref="oc-154"/>
      </symbol>
      <symbol id="sm-4a1">
         <name>ledInit</name>
         <value>0x38e5</value>
         <object_component_ref idref="oc-154"/>
      </symbol>
      <symbol id="sm-4bb">
         <name>switchState</name>
         <value>0x37ad</value>
         <object_component_ref idref="oc-14e"/>
      </symbol>
      <symbol id="sm-4bc">
         <name>switchInit</name>
         <value>0x3765</value>
         <object_component_ref idref="oc-14e"/>
      </symbol>
      <symbol id="sm-532">
         <name>UARTgetc</name>
         <value>0x28f9</value>
         <object_component_ref idref="oc-130"/>
      </symbol>
      <symbol id="sm-533">
         <name>UARTgets</name>
         <value>0x2833</value>
         <object_component_ref idref="oc-130"/>
      </symbol>
      <symbol id="sm-534">
         <name>UARTStdioConfig</name>
         <value>0x2781</value>
         <object_component_ref idref="oc-130"/>
      </symbol>
      <symbol id="sm-535">
         <name>UARTwrite</name>
         <value>0x27e1</value>
         <object_component_ref idref="oc-130"/>
      </symbol>
      <symbol id="sm-536">
         <name>UARTprintf</name>
         <value>0x2c27</value>
         <object_component_ref idref="oc-130"/>
      </symbol>
      <symbol id="sm-537">
         <name>UARTvprintf</name>
         <value>0x292d</value>
         <object_component_ref idref="oc-130"/>
      </symbol>
      <symbol id="sm-59d">
         <name>GPIOPinConfigure</name>
         <value>0x3945</value>
         <object_component_ref idref="oc-142"/>
      </symbol>
      <symbol id="sm-59e">
         <name>GPIOPinTypeUART</name>
         <value>0x3ac3</value>
         <object_component_ref idref="oc-148"/>
      </symbol>
      <symbol id="sm-59f">
         <name>GPIOPinTypeGPIOOutput</name>
         <value>0x3aa9</value>
         <object_component_ref idref="oc-231"/>
      </symbol>
      <symbol id="sm-5a0">
         <name>GPIOPinRead</name>
         <value>0x3b09</value>
         <object_component_ref idref="oc-22a"/>
      </symbol>
      <symbol id="sm-5a1">
         <name>GPIODirModeSet</name>
         <value>0x3a7d</value>
         <object_component_ref idref="oc-21d"/>
      </symbol>
      <symbol id="sm-5a2">
         <name>GPIOPinWrite</name>
         <value>0x3b0f</value>
         <object_component_ref idref="oc-237"/>
      </symbol>
      <symbol id="sm-5a3">
         <name>GPIOPadConfigSet</name>
         <value>0x3125</value>
         <object_component_ref idref="oc-223"/>
      </symbol>
      <symbol id="sm-5cf">
         <name>SysCtlClockSet</name>
         <value>0x34f9</value>
         <object_component_ref idref="oc-136"/>
      </symbol>
      <symbol id="sm-5d0">
         <name>SysCtlDelay</name>
         <value>0x3b15</value>
         <object_component_ref idref="oc-214"/>
      </symbol>
      <symbol id="sm-5d1">
         <name>SysCtlPeripheralEnable</name>
         <value>0x3a15</value>
         <object_component_ref idref="oc-13c"/>
      </symbol>
      <symbol id="sm-5e7">
         <name>UARTClockSourceSet</name>
         <value>0x3b1b</value>
         <object_component_ref idref="oc-12a"/>
      </symbol>
      <symbol id="sm-5e8">
         <name>UARTCharGet</name>
         <value>0x3aff</value>
         <object_component_ref idref="oc-160"/>
      </symbol>
      <symbol id="sm-5f8">
         <name>__aeabi_uidivmod</name>
         <value>0x39d5</value>
         <object_component_ref idref="oc-200"/>
      </symbol>
      <symbol id="sm-5f9">
         <name>__aeabi_uidiv</name>
         <value>0x39d5</value>
         <object_component_ref idref="oc-200"/>
      </symbol>
      <symbol id="sm-608">
         <name>__aeabi_memset</name>
         <value>0x3803</value>
         <object_component_ref idref="oc-b6"/>
      </symbol>
      <symbol id="sm-609">
         <name>memset</name>
         <value>0x3809</value>
         <object_component_ref idref="oc-b6"/>
      </symbol>
      <symbol id="sm-60a">
         <name>__aeabi_memset8</name>
         <value>0x3803</value>
         <object_component_ref idref="oc-b6"/>
      </symbol>
      <symbol id="sm-60b">
         <name>__aeabi_memset4</name>
         <value>0x3803</value>
         <object_component_ref idref="oc-b6"/>
      </symbol>
      <symbol id="sm-60c">
         <name>__aeabi_memclr8</name>
         <value>0x3801</value>
         <object_component_ref idref="oc-b6"/>
      </symbol>
      <symbol id="sm-60d">
         <name>__aeabi_memclr4</name>
         <value>0x3801</value>
         <object_component_ref idref="oc-b6"/>
      </symbol>
      <symbol id="sm-60e">
         <name>__aeabi_memclr</name>
         <value>0x3801</value>
         <object_component_ref idref="oc-b6"/>
      </symbol>
      <symbol id="sm-62a">
         <name>memcpy</name>
         <value>0x36c7</value>
         <object_component_ref idref="oc-46"/>
      </symbol>
      <symbol id="sm-62b">
         <name>__aeabi_memcpy</name>
         <value>0x36c7</value>
         <object_component_ref idref="oc-46"/>
      </symbol>
      <symbol id="sm-62c">
         <name>__aeabi_memcpy8</name>
         <value>0x36c7</value>
         <object_component_ref idref="oc-46"/>
      </symbol>
      <symbol id="sm-62d">
         <name>__aeabi_memcpy4</name>
         <value>0x36c7</value>
         <object_component_ref idref="oc-46"/>
      </symbol>
      <symbol id="sm-63f">
         <name>__TI_zero_init</name>
         <value>0x3ae7</value>
         <object_component_ref idref="oc-58"/>
      </symbol>
      <symbol id="sm-656">
         <name>__TI_decompress_none</name>
         <value>0x3ad9</value>
         <object_component_ref idref="oc-1b"/>
      </symbol>
      <symbol id="sm-679">
         <name>__TI_decompress_lzss</name>
         <value>0x387b</value>
         <object_component_ref idref="oc-15"/>
      </symbol>
      <symbol id="sm-68c">
         <name>__stack</name>
         <value>0x20007740</value>
         <object_component_ref idref="oc-24"/>
      </symbol>
      <symbol id="sm-68d">
         <name>_c_int00_noargs</name>
         <value>0x3a49</value>
         <object_component_ref idref="oc-64"/>
      </symbol>
      <symbol id="sm-697">
         <name>__aeabi_idiv0</name>
         <value>0x34f7</value>
         <object_component_ref idref="oc-28a"/>
      </symbol>
      <symbol id="sm-698">
         <name>__aeabi_ldiv0</name>
         <value>0x34f7</value>
         <object_component_ref idref="oc-28a"/>
      </symbol>
      <symbol id="sm-6c0">
         <name>__TI_auto_init_nobinit_nopinit</name>
         <value>0x3991</value>
         <object_component_ref idref="oc-17e"/>
      </symbol>
      <symbol id="sm-6ca">
         <name>_system_pre_init</name>
         <value>0x3b21</value>
         <object_component_ref idref="oc-bc"/>
      </symbol>
      <symbol id="sm-6d6">
         <name>C$$EXIT</name>
         <value>0x3b25</value>
         <object_component_ref idref="oc-172"/>
      </symbol>
      <symbol id="sm-6d7">
         <name>abort</name>
         <value>0x3b25</value>
         <object_component_ref idref="oc-172"/>
      </symbol>
      <symbol id="sm-6da">
         <name>__TI_static_base__</name>
         <value>0x0</value>
      </symbol>
      <symbol id="sm-6dd">
         <name>__mpu_init</name>
         <value>0x0</value>
      </symbol>
      <symbol id="sm-6de">
         <name>_system_post_cinit</name>
         <value>0x0</value>
      </symbol>
   </symbol_table>
   <title>Link successful</title>
</link_info>
